Archive member included to satisfy reference by file (symbol)

../micro_ros_stm32cubemx_utils/microros_static_library_ide/libmicroros/libmicroros.a(librcl-publisher.c.obj)
                              ./Core/Src/main.o (rcl_publish)
../micro_ros_stm32cubemx_utils/microros_static_library_ide/libmicroros/libmicroros.a(librclc-init.c.obj)
                              ./Core/Src/main.o (rclc_support_init)
../micro_ros_stm32cubemx_utils/microros_static_library_ide/libmicroros/libmicroros.a(librclc-node.c.obj)
                              ./Core/Src/main.o (rclc_node_init_default)
../micro_ros_stm32cubemx_utils/microros_static_library_ide/libmicroros/libmicroros.a(librclc-publisher.c.obj)
                              ./Core/Src/main.o (rclc_publisher_init_default)
../micro_ros_stm32cubemx_utils/microros_static_library_ide/libmicroros/libmicroros.a(librcutils-allocator.c.obj)
                              ./Core/Src/main.o (rcutils_get_zero_initialized_allocator)
../micro_ros_stm32cubemx_utils/microros_static_library_ide/libmicroros/libmicroros.a(librcutils-error_handling.c.obj)
                              ../micro_ros_stm32cubemx_utils/microros_static_library_ide/libmicroros/libmicroros.a(librclc-init.c.obj) (rcutils_reset_error)
../micro_ros_stm32cubemx_utils/microros_static_library_ide/libmicroros/libmicroros.a(librcutils-string_map.c.obj)
                              ../micro_ros_stm32cubemx_utils/microros_static_library_ide/libmicroros/libmicroros.a(librcl-publisher.c.obj) (rcutils_get_zero_initialized_string_map)
../micro_ros_stm32cubemx_utils/microros_static_library_ide/libmicroros/libmicroros.a(librmw-publisher_options.c.obj)
                              ../micro_ros_stm32cubemx_utils/microros_static_library_ide/libmicroros/libmicroros.a(librcl-publisher.c.obj) (rmw_get_default_publisher_options)
../micro_ros_stm32cubemx_utils/microros_static_library_ide/libmicroros/libmicroros.a(librmw-validate_full_topic_name.c.obj)
                              ../micro_ros_stm32cubemx_utils/microros_static_library_ide/libmicroros/libmicroros.a(librcl-publisher.c.obj) (rmw_validate_full_topic_name)
../micro_ros_stm32cubemx_utils/microros_static_library_ide/libmicroros/libmicroros.a(librmw_microxrcedds-custom_transport.c.obj)
                              ./Core/Src/main.o (rmw_uros_set_custom_transport)
../micro_ros_stm32cubemx_utils/microros_static_library_ide/libmicroros/libmicroros.a(librmw_microxrcedds-rmw_publish.c.obj)
                              ../micro_ros_stm32cubemx_utils/microros_static_library_ide/libmicroros/libmicroros.a(librcl-publisher.c.obj) (rmw_publish)
../micro_ros_stm32cubemx_utils/microros_static_library_ide/libmicroros/libmicroros.a(librmw_microxrcedds-rmw_publisher.c.obj)
                              ../micro_ros_stm32cubemx_utils/microros_static_library_ide/libmicroros/libmicroros.a(librcl-publisher.c.obj) (rmw_create_publisher)
../micro_ros_stm32cubemx_utils/microros_static_library_ide/libmicroros/libmicroros.a(librmw_microxrcedds-types.c.obj)
                              ../micro_ros_stm32cubemx_utils/microros_static_library_ide/libmicroros/libmicroros.a(librmw_microxrcedds-rmw_publisher.c.obj) (rmw_uxrce_fini_publisher_memory)
../micro_ros_stm32cubemx_utils/microros_static_library_ide/libmicroros/libmicroros.a(librmw_microxrcedds-utils.c.obj)
                              ../micro_ros_stm32cubemx_utils/microros_static_library_ide/libmicroros/libmicroros.a(librmw_microxrcedds-rmw_publisher.c.obj) (run_xrce_session)
../micro_ros_stm32cubemx_utils/microros_static_library_ide/libmicroros/libmicroros.a(librosidl_runtime_c-message_type_support.c.obj)
                              ../micro_ros_stm32cubemx_utils/microros_static_library_ide/libmicroros/libmicroros.a(librmw_microxrcedds-rmw_publisher.c.obj) (get_message_typesupport_handle)
../micro_ros_stm32cubemx_utils/microros_static_library_ide/libmicroros/libmicroros.a(librover_msgs__rosidl_typesupport_c-encoder_msg__type_support.cpp.obj)
                              ./Core/Src/main.o (rosidl_typesupport_c__get_message_type_support_handle__rover_msgs__msg__EncoderMsg)
../micro_ros_stm32cubemx_utils/microros_static_library_ide/libmicroros/libmicroros.a(librover_msgs__rosidl_typesupport_microxrcedds_c-encoder_msg__type_support_c.c.obj)
                              ../micro_ros_stm32cubemx_utils/microros_static_library_ide/libmicroros/libmicroros.a(librover_msgs__rosidl_typesupport_c-encoder_msg__type_support.cpp.obj) (rosidl_typesupport_microxrcedds_c__get_message_type_support_handle__rover_msgs__msg__EncoderMsg)
../micro_ros_stm32cubemx_utils/microros_static_library_ide/libmicroros/libmicroros.a(libmicrocdr-basic.c.obj)
                              ../micro_ros_stm32cubemx_utils/microros_static_library_ide/libmicroros/libmicroros.a(librover_msgs__rosidl_typesupport_microxrcedds_c-encoder_msg__type_support_c.c.obj) (ucdr_serialize_float)
[...]
Memory Configuration

Name             Origin             Length             Attributes
RAM              0x20000000         0x00018000         xrw
FLASH            0x08000000         0x00080000         xr
*default*        0x00000000         0xffffffff

Linker script and memory map

LOAD /opt/st/stm32cubeide_1.17.0/plugins/com.st.stm32cube.ide.mcu.externaltools.gnu-tools-for-stm32.12.3.rel1.linux64_1.1.0.202410170702/tools/bin/../lib/gcc/arm-none-eabi/12.3.1/thumb/v7e-m+fp/hard/crti.o
LOAD /opt/st/stm32cubeide_1.17.0/plugins/com.st.stm32cube.ide.mcu.externaltools.gnu-tools-for-stm32.12.3.rel1.linux64_1.1.0.202410170702/tools/bin/../lib/gcc/arm-none-eabi/12.3.1/thumb/v7e-m+fp/hard/crtbegin.o
LOAD /opt/st/stm32cubeide_1.17.0/plugins/com.st.stm32cube.ide.mcu.externaltools.gnu-tools-for-stm32.12.3.rel1.linux64_1.1.0.202410170702/tools/bin/../lib/gcc/arm-none-eabi/12.3.1/../../../../arm-none-eabi/lib/thumb/v7e-m+fp/hard/crt0.o
LOAD ./Core/Src/custom_memory_manager.o
LOAD ./Core/Src/freertos.o
LOAD ./Core/Src/main.o
LOAD ./Core/Src/microros_allocators.o
LOAD ./Core/Src/microros_time.o
LOAD ./Core/Src/stm32f4xx_hal_msp.o
LOAD ./Core/Src/stm32f4xx_it.o
LOAD ./Core/Src/syscalls.o
LOAD ./Core/Src/sysmem.o
LOAD ./Core/Src/system_stm32f4xx.o
LOAD ./Core/Src/microros_transports/dma_transport.o
LOAD ./Core/Startup/startup_stm32f401retx.o
LOAD ./Drivers/STM32F4xx_HAL_Driver/Src/stm32f4xx_hal.o
LOAD ./Drivers/STM32F4xx_HAL_Driver/Src/stm32f4xx_hal_cortex.o
LOAD ./Drivers/STM32F4xx_HAL_Driver/Src/stm32f4xx_hal_dma.o
LOAD ./Drivers/STM32F4xx_HAL_Driver/Src/stm32f4xx_hal_dma_ex.o
LOAD ./Drivers/STM32F4xx_HAL_Driver/Src/stm32f4xx_hal_exti.o
LOAD ./Drivers/STM32F4xx_HAL_Driver/Src/stm32f4xx_hal_flash.o
LOAD ./Drivers/STM32F4xx_HAL_Driver/Src/stm32f4xx_hal_flash_ex.o
LOAD ./Drivers/STM32F4xx_HAL_Driver/Src/stm32f4xx_hal_flash_ramfunc.o
LOAD ./Drivers/STM32F4xx_HAL_Driver/Src/stm32f4xx_hal_gpio.o
LOAD ./Drivers/STM32F4xx_HAL_Driver/Src/stm32f4xx_hal_i2c.o
LOAD ./Drivers/STM32F4xx_HAL_Driver/Src/stm32f4xx_hal_i2c_ex.o
LOAD ./Drivers/STM32F4xx_HAL_Driver/Src/stm32f4xx_hal_pwr.o
LOAD ./Drivers/STM32F4xx_HAL_Driver/Src/stm32f4xx_hal_pwr_ex.o
LOAD ./Drivers/STM32F4xx_HAL_Driver/Src/stm32f4xx_hal_rcc.o
LOAD ./Drivers/STM32F4xx_HAL_Driver/Src/stm32f4xx_hal_rcc_ex.o
LOAD ./Drivers/STM32F4xx_HAL_Driver/Src/stm32f4xx_hal_tim.o
LOAD ./Drivers/STM32F4xx_HAL_Driver/Src/stm32f4xx_hal_tim_ex.o
LOAD ./Drivers/STM32F4xx_HAL_Driver/Src/stm32f4xx_hal_uart.o
LOAD ./Middlewares/Third_Party/FreeRTOS/Source/CMSIS_RTOS_V2/cmsis_os2.o
LOAD ./Middlewares/Third_Party/FreeRTOS/Source/croutine.o
LOAD ./Middlewares/Third_Party/FreeRTOS/Source/event_groups.o
LOAD ./Middlewares/Third_Party/FreeRTOS/Source/list.o
LOAD ./Middlewares/Third_Party/FreeRTOS/Source/queue.o
LOAD ./Middlewares/Third_Party/FreeRTOS/Source/stream_buffer.o
LOAD ./Middlewares/Third_Party/FreeRTOS/Source/tasks.o
LOAD ./Middlewares/Third_Party/FreeRTOS/Source/timers.o
LOAD ./Middlewares/Third_Party/FreeRTOS/Source/portable/GCC/ARM_CM4F/port.o
LOAD ./Middlewares/Third_Party/FreeRTOS/Source/portable/MemMang/heap_4.o
LOAD ../micro_ros_stm32cubemx_utils/microros_static_library_ide/libmicroros/libmicroros.a
START GROUP
LOAD /opt/st/stm32cubeide_1.17.0/plugins/com.st.stm32cube.ide.mcu.externaltools.gnu-tools-for-stm32.12.3.rel1.linux64_1.1.0.202410170702/tools/bin/../lib/gcc/arm-none-eabi/12.3.1/../../../../arm-none-eabi/lib/thumb/v7e-m+fp/hard/libc_nano.a
LOAD /opt/st/stm32cubeide_1.17.0/plugins/com.st.stm32cube.ide.mcu.externaltools.gnu-tools-for-stm32.12.3.rel1.linux64_1.1.0.202410170702/tools/bin/../lib/gcc/arm-none-eabi/12.3.1/../../../../arm-none-eabi/lib/thumb/v7e-m+fp/hard/libm.a
END GROUP
START GROUP
LOAD /opt/st/stm32cubeide_1.17.0/plugins/com.st.stm32cube.ide.mcu.externaltools.gnu-tools-for-stm32.12.3.rel1.linux64_1.1.0.202410170702/tools/bin/../lib/gcc/arm-none-eabi/12.3.1/thumb/v7e-m+fp/hard/libgcc.a
LOAD /opt/st/stm32cubeide_1.17.0/plugins/com.st.stm32cube.ide.mcu.externaltools.gnu-tools-for-stm32.12.3.rel1.linux64_1.1.0.202410170702/tools/bin/../lib/gcc/arm-none-eabi/12.3.1/../../../../arm-none-eabi/lib/thumb/v7e-m+fp/hard/libc_nano.a
END GROUP
START GROUP
LOAD /opt/st/stm32cubeide_1.17.0/plugins/com.st.stm32cube.ide.mcu.externaltools.gnu-tools-for-stm32.12.3.rel1.linux64_1.1.0.202410170702/tools/bin/../lib/gcc/arm-none-eabi/12.3.1/thumb/v7e-m+fp/hard/libgcc.a
LOAD /opt/st/stm32cubeide_1.17.0/plugins/com.st.stm32cube.ide.mcu.externaltools.gnu-tools-for-stm32.12.3.rel1.linux64_1.1.0.202410170702/tools/bin/../lib/gcc/arm-none-eabi/12.3.1/../../../../arm-none-eabi/lib/thumb/v7e-m+fp/hard/libc_nano.a
LOAD /opt/st/stm32cubeide_1.17.0/plugins/com.st.stm32cube.ide.mcu.externaltools.gnu-tools-for-stm32.12.3.rel1.linux64_1.1.0.202410170702/tools/bin/../lib/gcc/arm-none-eabi/12.3.1/../../../../arm-none-eabi/lib/thumb/v7e-m+fp/hard/libnosys.a
END GROUP
START GROUP
LOAD /opt/st/stm32cubeide_1.17.0/plugins/com.st.stm32cube.ide.mcu.externaltools.gnu-tools-for-stm32.12.3.rel1.linux64_1.1.0.202410170702/tools/bin/../lib/gcc/arm-none-eabi/12.3.1/thumb/v7e-m+fp/hard/libgcc.a
LOAD /opt/st/stm32cubeide_1.17.0/plugins/com.st.stm32cube.ide.mcu.externaltools.gnu-tools-for-stm32.12.3.rel1.linux64_1.1.0.202410170702/tools/bin/../lib/gcc/arm-none-eabi/12.3.1/../../../../arm-none-eabi/lib/thumb/v7e-m+fp/hard/libc_nano.a
LOAD /opt/st/stm32cubeide_1.17.0/plugins/com.st.stm32cube.ide.mcu.externaltools.gnu-tools-for-stm32.12.3.rel1.linux64_1.1.0.202410170702/tools/bin/../lib/gcc/arm-none-eabi/12.3.1/../../../../arm-none-eabi/lib/thumb/v7e-m+fp/hard/libnosys.a
END GROUP
LOAD /opt/st/stm32cubeide_1.17.0/plugins/com.st.stm32cube.ide.mcu.externaltools.gnu-tools-for-stm32.12.3.rel1.linux64_1.1.0.202410170702/tools/bin/../lib/gcc/arm-none-eabi/12.3.1/thumb/v7e-m+fp/hard/crtend.o
LOAD /opt/st/stm32cubeide_1.17.0/plugins/com.st.stm32cube.ide.mcu.externaltools.gnu-tools-for-stm32.12.3.rel1.linux64_1.1.0.202410170702/tools/bin/../lib/gcc/arm-none-eabi/12.3.1/thumb/v7e-m+fp/hard/crtn.o
                0x20018000                        _estack = (ORIGIN (RAM) + LENGTH (RAM))
                0x00000200                        _Min_Heap_Size = 0x200
                0x00000400                        _Min_Stack_Size = 0x400

.isr_vector     0x08000000      0x194
                0x08000000                        . = ALIGN (0x4)
 *(.isr_vector)
 .isr_vector    0x08000000      0x194 ./Core/Startup/startup_stm32f401retx.o
                0x08000000                g_pfnVectors
                0x08000194                        . = ALIGN (0x4)

.text           0x080001a0    0x12e38
                0x080001a0                        . = ALIGN (0x4)
 *(.text)
 .text          0x080001a0       0x40 /opt/st/stm32cubeide_1.17.0/plugins/com.st.stm32cube.ide.mcu.externaltools.gnu-tools-for-stm32.12.3.rel1.linux64_1.1.0.202410170702/tools/bin/../lib/gcc/arm-none-eabi/12.3.1/thumb/v7e-m+fp/hard/crtbegin.o
 .text          0x080001e0       0x14 /opt/st/stm32cubeide_1.17.0/plugins/com.st.stm32cube.ide.mcu.externaltools.gnu-tools-for-stm32.12.3.rel1.linux64_1.1.0.202410170702/tools/bin/../lib/gcc/arm-none-eabi/12.3.1/../../../../arm-none-eabi/lib/thumb/v7e-m+fp/hard/libc_nano.a(libc_a-strcmp.o)
                0x080001e0                strcmp
 .text          0x080001f4       0x10 /opt/st/stm32cubeide_1.17.0/plugins/com.st.stm32cube.ide.mcu.externaltools.gnu-tools-for-stm32.12.3.rel1.linux64_1.1.0.202410170702/tools/bin/../lib/gcc/arm-none-eabi/12.3.1/../../../../arm-none-eabi/lib/thumb/v7e-m+fp/hard/libc_nano.a(libc_a-strlen.o)
                0x080001f4                strlen
 *fill*         0x08000204        0xc 
 .text          0x08000210       0xa0 /opt/st/stm32cubeide_1.17.0/plugins/com.st.stm32cube.ide.mcu.externaltools.gnu-tools-for-stm32.12.3.rel1.linux64_1.1.0.202410170702/tools/bin/../lib/gcc/arm-none-eabi/12.3.1/../../../../arm-none-eabi/lib/thumb/v7e-m+fp/hard/libc_nano.a(libc_a-memchr.o)
                0x08000210                memchr
 .text          0x080002b0      0x254 /opt/st/stm32cubeide_1.17.0/plugins/com.st.stm32cube.ide.mcu.externaltools.gnu-tools-for-stm32.12.3.rel1.linux64_1.1.0.202410170702/tools/bin/../lib/gcc/arm-none-eabi/12.3.1/thumb/v7e-m+fp/hard/libgcc.a(_arm_muldf3.o)
                0x080002b0                __aeabi_dmul
                0x080002b0                __muldf3
 .text          0x08000504      0x378 /opt/st/stm32cubeide_1.17.0/plugins/com.st.stm32cube.ide.mcu.externaltools.gnu-tools-for-stm32.12.3.rel1.linux64_1.1.0.202410170702/tools/bin/../lib/gcc/arm-none-eabi/12.3.1/thumb/v7e-m+fp/hard/libgcc.a(_arm_addsubdf3.o)
                0x08000504                __aeabi_drsub
                0x0800050c                __aeabi_dsub
                0x0800050c                __subdf3
                0x08000510                __adddf3
                0x08000510                __aeabi_dadd
                0x08000788                __aeabi_ui2d
                0x08000788                __floatunsidf
                0x080007a8                __floatsidf
                0x080007a8                __aeabi_i2d
                0x080007cc                __extendsfdf2
                0x080007cc                __aeabi_f2d
                0x08000810                __aeabi_ul2d
                0x08000810                __floatundidf
                0x08000820                __floatdidf
                0x08000820                __aeabi_l2d
 .text          0x0800087c       0xa0 /opt/st/stm32cubeide_1.17.0/plugins/com.st.stm32cube.ide.mcu.externaltools.gnu-tools-for-stm32.12.3.rel1.linux64_1.1.0.202410170702/tools/bin/../lib/gcc/arm-none-eabi/12.3.1/thumb/v7e-m+fp/hard/libgcc.a(_arm_truncdfsf2.o)
                0x0800087c                __aeabi_d2f
                0x0800087c                __truncdfsf2
 .text          0x0800091c       0xa0 /opt/st/stm32cubeide_1.17.0/plugins/com.st.stm32cube.ide.mcu.externaltools.gnu-tools-for-stm32.12.3.rel1.linux64_1.1.0.202410170702/tools/bin/../lib/gcc/arm-none-eabi/12.3.1/thumb/v7e-m+fp/hard/libgcc.a(_aeabi_ldivmod.o)
                0x0800091c                __aeabi_ldivmod
 .text          0x080009bc       0x30 /opt/st/stm32cubeide_1.17.0/plugins/com.st.stm32cube.ide.mcu.externaltools.gnu-tools-for-stm32.12.3.rel1.linux64_1.1.0.202410170702/tools/bin/../lib/gcc/arm-none-eabi/12.3.1/thumb/v7e-m+fp/hard/libgcc.a(_aeabi_uldivmod.o)
                0x080009bc                __aeabi_uldivmod
 .text          0x080009ec      0x2bc /opt/st/stm32cubeide_1.17.0/plugins/com.st.stm32cube.ide.mcu.externaltools.gnu-tools-for-stm32.12.3.rel1.linux64_1.1.0.202410170702/tools/bin/../lib/gcc/arm-none-eabi/12.3.1/thumb/v7e-m+fp/hard/libgcc.a(_udivmoddi4.o)
                0x080009ec                __udivmoddi4
 .text          0x08000ca8        0x4 /opt/st/stm32cubeide_1.17.0/plugins/com.st.stm32cube.ide.mcu.externaltools.gnu-tools-for-stm32.12.3.rel1.linux64_1.1.0.202410170702/tools/bin/../lib/gcc/arm-none-eabi/12.3.1/thumb/v7e-m+fp/hard/libgcc.a(_dvmd_tls.o)
                0x08000ca8                __aeabi_ldiv0
                0x08000ca8                __aeabi_idiv0
 *(.text*)
 .text.pvPortMallocMicroROS
                0x08000cac      0x190 ./Core/Src/custom_memory_manager.o
                0x08000cac                pvPortMallocMicroROS
 .text.vPortFreeMicroROS
                0x08000e3c       0xb8 ./Core/Src/custom_memory_manager.o
                0x08000e3c                vPortFreeMicroROS
 .text.getBlockSize
                0x08000ef4       0x3c ./Core/Src/custom_memory_manager.o
                0x08000ef4                getBlockSize
 .text.pvPortReallocMicroROS
                0x08000f30       0x5a ./Core/Src/custom_memory_manager.o
                0x08000f30                pvPortReallocMicroROS
 .text.pvPortCallocMicroROS
                0x08000f8a       0x48 ./Core/Src/custom_memory_manager.o
                0x08000f8a                pvPortCallocMicroROS
 *fill*         0x08000fd2        0x2 
 .text.prvHeapInit
                0x08000fd4       0xc4 ./Core/Src/custom_memory_manager.o
 .text.prvInsertBlockIntoFreeList
                0x08001098       0xb4 ./Core/Src/custom_memory_manager.o
 .text.main     0x0800114c       0x64 ./Core/Src/main.o
                0x0800114c                main
 .text.SystemClock_Config
                0x080011b0       0xd8 ./Core/Src/main.o
                0x080011b0                SystemClock_Config
 .text.MX_I2C1_Init
                0x08001288       0x5c ./Core/Src/main.o
 .text.MX_TIM1_Init
                0x080012e4       0xb8 ./Core/Src/main.o
 .text.MX_TIM2_Init
                0x0800139c       0xb0 ./Core/Src/main.o
 .text.MX_TIM3_Init
                0x0800144c       0xb0 ./Core/Src/main.o
 .text.MX_TIM4_Init
                0x080014fc       0xb0 ./Core/Src/main.o
 .text.MX_TIM5_Init
                0x080015ac       0x9c ./Core/Src/main.o
 .text.MX_USART2_UART_Init
                0x08001648       0x54 ./Core/Src/main.o
 .text.MX_DMA_Init
                0x0800169c       0x50 ./Core/Src/main.o
 .text.MX_GPIO_Init
                0x080016ec      0x104 ./Core/Src/main.o
 .text.read_encoder_angular_velocity
                0x080017f0      0x154 ./Core/Src/main.o
                0x080017f0                read_encoder_angular_velocity
 .text.HAL_TIM_PeriodElapsedCallback
                0x08001944       0x7c ./Core/Src/main.o
                0x08001944                HAL_TIM_PeriodElapsedCallback
 .text.Microros
                0x080019c0      0x114 ./Core/Src/main.o
                0x080019c0                Microros
 .text.Error_Handler
                0x08001ad4        0xc ./Core/Src/main.o
                0x08001ad4                Error_Handler
 .text.microros_allocate
                0x08001ae0       0x44 ./Core/Src/microros_allocators.o
                0x08001ae0                microros_allocate
 .text.microros_deallocate
                0x08001b24       0x38 ./Core/Src/microros_allocators.o
                0x08001b24                microros_deallocate
 .text.microros_reallocate
                0x08001b5c       0x6c ./Core/Src/microros_allocators.o
                0x08001b5c                microros_reallocate
 .text.microros_zero_allocate
                0x08001bc8       0x50 ./Core/Src/microros_allocators.o
                0x08001bc8                microros_zero_allocate
 .text.UTILS_NanosecondsToTimespec
                0x08001c18       0xa0 ./Core/Src/microros_time.o
                0x08001c18                UTILS_NanosecondsToTimespec
 .text.clock_gettime
                0x08001cb8       0xee ./Core/Src/microros_time.o
                0x08001cb8                clock_gettime
 *fill*         0x08001da6        0x2 
 .text.HAL_MspInit
                0x08001da8       0x58 ./Core/Src/stm32f4xx_hal_msp.o
                0x08001da8                HAL_MspInit
 .text.HAL_I2C_MspInit
                0x08001e00       0x90 ./Core/Src/stm32f4xx_hal_msp.o
                0x08001e00                HAL_I2C_MspInit
 .text.HAL_TIM_Encoder_MspInit
                0x08001e90      0x238 ./Core/Src/stm32f4xx_hal_msp.o
                0x08001e90                HAL_TIM_Encoder_MspInit
 .text.HAL_TIM_Base_MspInit
                0x080020c8       0x50 ./Core/Src/stm32f4xx_hal_msp.o
                0x080020c8                HAL_TIM_Base_MspInit
 .text.HAL_UART_MspInit
                0x08002118      0x170 ./Core/Src/stm32f4xx_hal_msp.o
                0x08002118                HAL_UART_MspInit
 .text.NMI_Handler
                0x08002288        0x8 ./Core/Src/stm32f4xx_it.o
                0x08002288                NMI_Handler
 .text.HardFault_Handler
                0x08002290        0x8 ./Core/Src/stm32f4xx_it.o
                0x08002290                HardFault_Handler
 .text.MemManage_Handler
                0x08002298        0x8 ./Core/Src/stm32f4xx_it.o
                0x08002298                MemManage_Handler
 .text.BusFault_Handler
                0x080022a0        0x8 ./Core/Src/stm32f4xx_it.o
                0x080022a0                BusFault_Handler
 .text.UsageFault_Handler
                0x080022a8        0x8 ./Core/Src/stm32f4xx_it.o
                0x080022a8                UsageFault_Handler
 .text.DebugMon_Handler
                0x080022b0        0xe ./Core/Src/stm32f4xx_it.o
                0x080022b0                DebugMon_Handler
 .text.SysTick_Handler
                0x080022be       0x1a ./Core/Src/stm32f4xx_it.o
                0x080022be                SysTick_Handler
 .text.DMA1_Stream5_IRQHandler
                0x080022d8       0x14 ./Core/Src/stm32f4xx_it.o
                0x080022d8                DMA1_Stream5_IRQHandler
 .text.DMA1_Stream6_IRQHandler
                0x080022ec       0x14 ./Core/Src/stm32f4xx_it.o
                0x080022ec                DMA1_Stream6_IRQHandler
 .text.TIM1_BRK_TIM9_IRQHandler
                0x08002300       0x14 ./Core/Src/stm32f4xx_it.o
                0x08002300                TIM1_BRK_TIM9_IRQHandler
 .text.TIM1_UP_TIM10_IRQHandler
                0x08002314       0x14 ./Core/Src/stm32f4xx_it.o
                0x08002314                TIM1_UP_TIM10_IRQHandler
 .text.TIM1_TRG_COM_TIM11_IRQHandler
                0x08002328       0x14 ./Core/Src/stm32f4xx_it.o
                0x08002328                TIM1_TRG_COM_TIM11_IRQHandler
 .text.TIM1_CC_IRQHandler
                0x0800233c       0x14 ./Core/Src/stm32f4xx_it.o
                0x0800233c                TIM1_CC_IRQHandler
 .text.TIM2_IRQHandler
                0x08002350       0x14 ./Core/Src/stm32f4xx_it.o
                0x08002350                TIM2_IRQHandler
 .text.TIM3_IRQHandler
                0x08002364       0x14 ./Core/Src/stm32f4xx_it.o
                0x08002364                TIM3_IRQHandler
 .text.TIM4_IRQHandler
                0x08002378       0x14 ./Core/Src/stm32f4xx_it.o
                0x08002378                TIM4_IRQHandler
 .text.USART2_IRQHandler
                0x0800238c       0x14 ./Core/Src/stm32f4xx_it.o
                0x0800238c                USART2_IRQHandler
 .text.TIM5_IRQHandler
                0x080023a0       0x14 ./Core/Src/stm32f4xx_it.o
                0x080023a0                TIM5_IRQHandler
 .text._getpid  0x080023b4       0x10 ./Core/Src/syscalls.o
                0x080023b4                _getpid
 .text._kill    0x080023c4       0x20 ./Core/Src/syscalls.o
                0x080023c4                _kill
 .text._exit    0x080023e4       0x16 ./Core/Src/syscalls.o
                0x080023e4                _exit
 .text._read    0x080023fa       0x3a ./Core/Src/syscalls.o
                0x080023fa                _read
 .text._write   0x08002434       0x38 ./Core/Src/syscalls.o
                0x08002434                _write
 .text._close   0x0800246c       0x18 ./Core/Src/syscalls.o
                0x0800246c                _close
 .text._fstat   0x08002484       0x20 ./Core/Src/syscalls.o
                0x08002484                _fstat
 .text._isatty  0x080024a4       0x16 ./Core/Src/syscalls.o
                0x080024a4                _isatty
 .text._lseek   0x080024ba       0x1a ./Core/Src/syscalls.o
                0x080024ba                _lseek
 .text._sbrk    0x080024d4       0x6c ./Core/Src/sysmem.o
                0x080024d4                _sbrk
 .text.SystemInit
                0x08002540       0x24 ./Core/Src/system_stm32f4xx.o
                0x08002540                SystemInit
 .text.cubemx_transport_open
                0x08002564       0x2c ./Core/Src/microros_transports/dma_transport.o
                0x08002564                cubemx_transport_open
 .text.cubemx_transport_close
                0x08002590       0x20 ./Core/Src/microros_transports/dma_transport.o
                0x08002590                cubemx_transport_close
 .text.cubemx_transport_write
                0x080025b0       0x66 ./Core/Src/microros_transports/dma_transport.o
                0x080025b0                cubemx_transport_write
 *fill*         0x08002616        0x2 
 .text.cubemx_transport_read
                0x08002618       0xa8 ./Core/Src/microros_transports/dma_transport.o
                0x08002618                cubemx_transport_read
 .text.Reset_Handler
                0x080026c0       0x50 ./Core/Startup/startup_stm32f401retx.o
                0x080026c0                Reset_Handler
 .text.Default_Handler
                0x08002710        0x2 ./Core/Startup/startup_stm32f401retx.o
                0x08002710                RTC_Alarm_IRQHandler
                0x08002710                EXTI2_IRQHandler
                0x08002710                SPI4_IRQHandler
                0x08002710                DMA2_Stream5_IRQHandler
                0x08002710                PVD_IRQHandler
                0x08002710                SDIO_IRQHandler
                0x08002710                TAMP_STAMP_IRQHandler
                0x08002710                EXTI3_IRQHandler
                0x08002710                I2C3_ER_IRQHandler
                0x08002710                EXTI0_IRQHandler
                0x08002710                I2C2_EV_IRQHandler
                0x08002710                DMA1_Stream2_IRQHandler
                0x08002710                FPU_IRQHandler
                0x08002710                DMA2_Stream2_IRQHandler
                0x08002710                SPI1_IRQHandler
                0x08002710                DMA2_Stream3_IRQHandler
                0x08002710                USART6_IRQHandler
                0x08002710                DMA2_Stream0_IRQHandler
                0x08002710                I2C1_EV_IRQHandler
                0x08002710                DMA1_Stream1_IRQHandler
                0x08002710                RCC_IRQHandler
                0x08002710                Default_Handler
                0x08002710                EXTI15_10_IRQHandler
                0x08002710                ADC_IRQHandler
                0x08002710                DMA1_Stream7_IRQHandler
                0x08002710                DMA2_Stream7_IRQHandler
                0x08002710                I2C3_EV_IRQHandler
                0x08002710                EXTI9_5_IRQHandler
                0x08002710                RTC_WKUP_IRQHandler
                0x08002710                SPI2_IRQHandler
                0x08002710                DMA1_Stream0_IRQHandler
                0x08002710                EXTI4_IRQHandler
                0x08002710                WWDG_IRQHandler
                0x08002710                OTG_FS_WKUP_IRQHandler
                0x08002710                EXTI1_IRQHandler
                0x08002710                I2C2_ER_IRQHandler
                0x08002710                DMA2_Stream1_IRQHandler
                0x08002710                FLASH_IRQHandler
                0x08002710                DMA2_Stream4_IRQHandler
                0x08002710                USART1_IRQHandler
                0x08002710                OTG_FS_IRQHandler
                0x08002710                SPI3_IRQHandler
                0x08002710                DMA1_Stream4_IRQHandler
                0x08002710                I2C1_ER_IRQHandler
                0x08002710                DMA2_Stream6_IRQHandler
                0x08002710                DMA1_Stream3_IRQHandler
 *fill*         0x08002712        0x2 
 .text.HAL_Init
                0x08002714       0x44 ./Drivers/STM32F4xx_HAL_Driver/Src/stm32f4xx_hal.o
                0x08002714                HAL_Init
 .text.HAL_InitTick
                0x08002758       0x60 ./Drivers/STM32F4xx_HAL_Driver/Src/stm32f4xx_hal.o
                0x08002758                HAL_InitTick
 .text.HAL_IncTick
                0x080027b8       0x28 ./Drivers/STM32F4xx_HAL_Driver/Src/stm32f4xx_hal.o
                0x080027b8                HAL_IncTick
 .text.HAL_GetTick
                0x080027e0       0x18 ./Drivers/STM32F4xx_HAL_Driver/Src/stm32f4xx_hal.o
                0x080027e0                HAL_GetTick
 .text.__NVIC_SetPriorityGrouping
                0x080027f8       0x48 ./Drivers/STM32F4xx_HAL_Driver/Src/stm32f4xx_hal_cortex.o
 .text.__NVIC_GetPriorityGrouping
                0x08002840       0x1c ./Drivers/STM32F4xx_HAL_Driver/Src/stm32f4xx_hal_cortex.o
 .text.__NVIC_EnableIRQ
                0x0800285c       0x3c ./Drivers/STM32F4xx_HAL_Driver/Src/stm32f4xx_hal_cortex.o
 .text.__NVIC_SetPriority
                0x08002898       0x54 ./Drivers/STM32F4xx_HAL_Driver/Src/stm32f4xx_hal_cortex.o
 .text.NVIC_EncodePriority
                0x080028ec       0x66 ./Drivers/STM32F4xx_HAL_Driver/Src/stm32f4xx_hal_cortex.o
 *fill*         0x08002952        0x2 
 .text.SysTick_Config
                0x08002954       0x44 ./Drivers/STM32F4xx_HAL_Driver/Src/stm32f4xx_hal_cortex.o
 .text.HAL_NVIC_SetPriorityGrouping
                0x08002998       0x16 ./Drivers/STM32F4xx_HAL_Driver/Src/stm32f4xx_hal_cortex.o
                0x08002998                HAL_NVIC_SetPriorityGrouping
 .text.HAL_NVIC_SetPriority
                0x080029ae       0x38 ./Drivers/STM32F4xx_HAL_Driver/Src/stm32f4xx_hal_cortex.o
                0x080029ae                HAL_NVIC_SetPriority
 .text.HAL_NVIC_EnableIRQ
                0x080029e6       0x1c ./Drivers/STM32F4xx_HAL_Driver/Src/stm32f4xx_hal_cortex.o
                0x080029e6                HAL_NVIC_EnableIRQ
 .text.HAL_SYSTICK_Config
                0x08002a02       0x18 ./Drivers/STM32F4xx_HAL_Driver/Src/stm32f4xx_hal_cortex.o
                0x08002a02                HAL_SYSTICK_Config
 *fill*         0x08002a1a        0x2 
 .text.HAL_DMA_Init
                0x08002a1c      0x15c ./Drivers/STM32F4xx_HAL_Driver/Src/stm32f4xx_hal_dma.o
                0x08002a1c                HAL_DMA_Init
 .text.HAL_DMA_Start_IT
                0x08002b78       0xb0 ./Drivers/STM32F4xx_HAL_Driver/Src/stm32f4xx_hal_dma.o
                0x08002b78                HAL_DMA_Start_IT
 .text.HAL_DMA_Abort
                0x08002c28       0xe0 ./Drivers/STM32F4xx_HAL_Driver/Src/stm32f4xx_hal_dma.o
                0x08002c28                HAL_DMA_Abort
 .text.HAL_DMA_Abort_IT
                0x08002d08       0x44 ./Drivers/STM32F4xx_HAL_Driver/Src/stm32f4xx_hal_dma.o
                0x08002d08                HAL_DMA_Abort_IT
 .text.HAL_DMA_IRQHandler
                0x08002d4c      0x314 ./Drivers/STM32F4xx_HAL_Driver/Src/stm32f4xx_hal_dma.o
                0x08002d4c                HAL_DMA_IRQHandler
 .text.DMA_SetConfig
                0x08003060       0x5c ./Drivers/STM32F4xx_HAL_Driver/Src/stm32f4xx_hal_dma.o
 .text.DMA_CalcBaseAndBitshift
                0x080030bc       0x6c ./Drivers/STM32F4xx_HAL_Driver/Src/stm32f4xx_hal_dma.o
 .text.DMA_CheckFifoParam
                0x08003128       0xf8 ./Drivers/STM32F4xx_HAL_Driver/Src/stm32f4xx_hal_dma.o
 .text.HAL_GPIO_Init
                0x08003220      0x308 ./Drivers/STM32F4xx_HAL_Driver/Src/stm32f4xx_hal_gpio.o
                0x08003220                HAL_GPIO_Init
 .text.HAL_GPIO_WritePin
                0x08003528       0x32 ./Drivers/STM32F4xx_HAL_Driver/Src/stm32f4xx_hal_gpio.o
                0x08003528                HAL_GPIO_WritePin
 *fill*         0x0800355a        0x2 
 .text.HAL_I2C_Init
                0x0800355c      0x288 ./Drivers/STM32F4xx_HAL_Driver/Src/stm32f4xx_hal_i2c.o
                0x0800355c                HAL_I2C_Init
 .text.HAL_RCC_OscConfig
                0x080037e4      0x4f0 ./Drivers/STM32F4xx_HAL_Driver/Src/stm32f4xx_hal_rcc.o
                0x080037e4                HAL_RCC_OscConfig
 .text.HAL_RCC_ClockConfig
                0x08003cd4      0x1cc ./Drivers/STM32F4xx_HAL_Driver/Src/stm32f4xx_hal_rcc.o
                0x08003cd4                HAL_RCC_ClockConfig
 .text.HAL_RCC_GetSysClockFreq
                0x08003ea0      0x20c ./Drivers/STM32F4xx_HAL_Driver/Src/stm32f4xx_hal_rcc.o
                0x08003ea0                HAL_RCC_GetSysClockFreq
 .text.HAL_RCC_GetHCLKFreq
                0x080040ac       0x18 ./Drivers/STM32F4xx_HAL_Driver/Src/stm32f4xx_hal_rcc.o
                0x080040ac                HAL_RCC_GetHCLKFreq
 .text.HAL_RCC_GetPCLK1Freq
                0x080040c4       0x28 ./Drivers/STM32F4xx_HAL_Driver/Src/stm32f4xx_hal_rcc.o
                0x080040c4                HAL_RCC_GetPCLK1Freq
 .text.HAL_RCC_GetPCLK2Freq
                0x080040ec       0x28 ./Drivers/STM32F4xx_HAL_Driver/Src/stm32f4xx_hal_rcc.o
                0x080040ec                HAL_RCC_GetPCLK2Freq
 .text.HAL_TIM_Base_Init
                0x08004114       0x9e ./Drivers/STM32F4xx_HAL_Driver/Src/stm32f4xx_hal_tim.o
                0x08004114                HAL_TIM_Base_Init
 *fill*         0x080041b2        0x2 
 .text.HAL_TIM_Base_Start_IT
                0x080041b4       0xc4 ./Drivers/STM32F4xx_HAL_Driver/Src/stm32f4xx_hal_tim.o
                0x080041b4                HAL_TIM_Base_Start_IT
 .text.HAL_TIM_Encoder_Init
                0x08004278      0x14c ./Drivers/STM32F4xx_HAL_Driver/Src/stm32f4xx_hal_tim.o
                0x08004278                HAL_TIM_Encoder_Init
 .text.HAL_TIM_Encoder_Start
                0x080043c4      0x11c ./Drivers/STM32F4xx_HAL_Driver/Src/stm32f4xx_hal_tim.o
                0x080043c4                HAL_TIM_Encoder_Start
 .text.HAL_TIM_IRQHandler
                0x080044e0      0x1e0 ./Drivers/STM32F4xx_HAL_Driver/Src/stm32f4xx_hal_tim.o
                0x080044e0                HAL_TIM_IRQHandler
 .text.HAL_TIM_ConfigClockSource
                0x080046c0      0x18e ./Drivers/STM32F4xx_HAL_Driver/Src/stm32f4xx_hal_tim.o
                0x080046c0                HAL_TIM_ConfigClockSource
 .text.HAL_TIM_OC_DelayElapsedCallback
                0x0800484e       0x14 ./Drivers/STM32F4xx_HAL_Driver/Src/stm32f4xx_hal_tim.o
                0x0800484e                HAL_TIM_OC_DelayElapsedCallback
 .text.HAL_TIM_IC_CaptureCallback
                0x08004862       0x14 ./Drivers/STM32F4xx_HAL_Driver/Src/stm32f4xx_hal_tim.o
                0x08004862                HAL_TIM_IC_CaptureCallback
 .text.HAL_TIM_PWM_PulseFinishedCallback
                0x08004876       0x14 ./Drivers/STM32F4xx_HAL_Driver/Src/stm32f4xx_hal_tim.o
                0x08004876                HAL_TIM_PWM_PulseFinishedCallback
 .text.HAL_TIM_TriggerCallback
                0x0800488a       0x14 ./Drivers/STM32F4xx_HAL_Driver/Src/stm32f4xx_hal_tim.o
                0x0800488a                HAL_TIM_TriggerCallback
 *fill*         0x0800489e        0x2 
 .text.TIM_Base_SetConfig
                0x080048a0      0x118 ./Drivers/STM32F4xx_HAL_Driver/Src/stm32f4xx_hal_tim.o
                0x080048a0                TIM_Base_SetConfig
 .text.TIM_TI1_ConfigInputStage
                0x080049b8       0x5e ./Drivers/STM32F4xx_HAL_Driver/Src/stm32f4xx_hal_tim.o
 .text.TIM_TI2_ConfigInputStage
                0x08004a16       0x60 ./Drivers/STM32F4xx_HAL_Driver/Src/stm32f4xx_hal_tim.o
 .text.TIM_ITRx_SetConfig
                0x08004a76       0x36 ./Drivers/STM32F4xx_HAL_Driver/Src/stm32f4xx_hal_tim.o
 .text.TIM_ETR_SetConfig
                0x08004aac       0x40 ./Drivers/STM32F4xx_HAL_Driver/Src/stm32f4xx_hal_tim.o
                0x08004aac                TIM_ETR_SetConfig
 .text.TIM_CCxChannelCmd
                0x08004aec       0x4a ./Drivers/STM32F4xx_HAL_Driver/Src/stm32f4xx_hal_tim.o
                0x08004aec                TIM_CCxChannelCmd
 *fill*         0x08004b36        0x2 
 .text.HAL_TIMEx_MasterConfigSynchronization
                0x08004b38       0xdc ./Drivers/STM32F4xx_HAL_Driver/Src/stm32f4xx_hal_tim_ex.o
                0x08004b38                HAL_TIMEx_MasterConfigSynchronization
 .text.HAL_TIMEx_CommutCallback
                0x08004c14       0x14 ./Drivers/STM32F4xx_HAL_Driver/Src/stm32f4xx_hal_tim_ex.o
                0x08004c14                HAL_TIMEx_CommutCallback
 .text.HAL_TIMEx_BreakCallback
                0x08004c28       0x14 ./Drivers/STM32F4xx_HAL_Driver/Src/stm32f4xx_hal_tim_ex.o
                0x08004c28                HAL_TIMEx_BreakCallback
 .text.HAL_UART_Init
                0x08004c3c       0xa0 ./Drivers/STM32F4xx_HAL_Driver/Src/stm32f4xx_hal_uart.o
                0x08004c3c                HAL_UART_Init
 .text.HAL_UART_Transmit_DMA
                0x08004cdc       0xe0 ./Drivers/STM32F4xx_HAL_Driver/Src/stm32f4xx_hal_uart.o
                0x08004cdc                HAL_UART_Transmit_DMA
 .text.HAL_UART_Receive_DMA
                0x08004dbc       0x4a ./Drivers/STM32F4xx_HAL_Driver/Src/stm32f4xx_hal_uart.o
                0x08004dbc                HAL_UART_Receive_DMA
 .text.HAL_UART_DMAStop
                0x08004e06       0xfe ./Drivers/STM32F4xx_HAL_Driver/Src/stm32f4xx_hal_uart.o
                0x08004e06                HAL_UART_DMAStop
 .text.HAL_UART_IRQHandler
                0x08004f04      0x524 ./Drivers/STM32F4xx_HAL_Driver/Src/stm32f4xx_hal_uart.o
                0x08004f04                HAL_UART_IRQHandler
 .text.HAL_UART_TxCpltCallback
                0x08005428       0x14 ./Drivers/STM32F4xx_HAL_Driver/Src/stm32f4xx_hal_uart.o
                0x08005428                HAL_UART_TxCpltCallback
 .text.HAL_UART_TxHalfCpltCallback
                0x0800543c       0x14 ./Drivers/STM32F4xx_HAL_Driver/Src/stm32f4xx_hal_uart.o
                0x0800543c                HAL_UART_TxHalfCpltCallback
 .text.HAL_UART_RxCpltCallback
                0x08005450       0x14 ./Drivers/STM32F4xx_HAL_Driver/Src/stm32f4xx_hal_uart.o
                0x08005450                HAL_UART_RxCpltCallback
 .text.HAL_UART_RxHalfCpltCallback
                0x08005464       0x14 ./Drivers/STM32F4xx_HAL_Driver/Src/stm32f4xx_hal_uart.o
                0x08005464                HAL_UART_RxHalfCpltCallback
 .text.HAL_UART_ErrorCallback
                0x08005478       0x14 ./Drivers/STM32F4xx_HAL_Driver/Src/stm32f4xx_hal_uart.o
                0x08005478                HAL_UART_ErrorCallback
 .text.HAL_UARTEx_RxEventCallback
                0x0800548c       0x18 ./Drivers/STM32F4xx_HAL_Driver/Src/stm32f4xx_hal_uart.o
                0x0800548c                HAL_UARTEx_RxEventCallback
 .text.UART_DMATransmitCplt
                0x080054a4       0x9a ./Drivers/STM32F4xx_HAL_Driver/Src/stm32f4xx_hal_uart.o
 .text.UART_DMATxHalfCplt
                0x0800553e       0x1c ./Drivers/STM32F4xx_HAL_Driver/Src/stm32f4xx_hal_uart.o
 .text.UART_DMAReceiveCplt
                0x0800555a      0x12c ./Drivers/STM32F4xx_HAL_Driver/Src/stm32f4xx_hal_uart.o
 .text.UART_DMARxHalfCplt
                0x08005686       0x3c ./Drivers/STM32F4xx_HAL_Driver/Src/stm32f4xx_hal_uart.o
 .text.UART_DMAError
                0x080056c2       0x94 ./Drivers/STM32F4xx_HAL_Driver/Src/stm32f4xx_hal_uart.o
 *fill*         0x08005756        0x2 
 .text.UART_Start_Receive_DMA
                0x08005758      0x134 ./Drivers/STM32F4xx_HAL_Driver/Src/stm32f4xx_hal_uart.o
                0x08005758                UART_Start_Receive_DMA
 .text.UART_EndTxTransfer
                0x0800588c       0x50 ./Drivers/STM32F4xx_HAL_Driver/Src/stm32f4xx_hal_uart.o
 .text.UART_EndRxTransfer
                0x080058dc       0xc6 ./Drivers/STM32F4xx_HAL_Driver/Src/stm32f4xx_hal_uart.o
 .text.UART_DMAAbortOnError
                0x080059a2       0x28 ./Drivers/STM32F4xx_HAL_Driver/Src/stm32f4xx_hal_uart.o
 .text.UART_Transmit_IT
                0x080059ca       0xa0 ./Drivers/STM32F4xx_HAL_Driver/Src/stm32f4xx_hal_uart.o
 .text.UART_EndTransmit_IT
                0x08005a6a       0x30 ./Drivers/STM32F4xx_HAL_Driver/Src/stm32f4xx_hal_uart.o
 .text.UART_Receive_IT
                0x08005a9a      0x17c ./Drivers/STM32F4xx_HAL_Driver/Src/stm32f4xx_hal_uart.o
 *fill*         0x08005c16        0x2 
 .text.UART_SetConfig
                0x08005c18      0x4e8 ./Drivers/STM32F4xx_HAL_Driver/Src/stm32f4xx_hal_uart.o
 .text.__NVIC_SetPriority
                0x08006100       0x54 ./Middlewares/Third_Party/FreeRTOS/Source/CMSIS_RTOS_V2/cmsis_os2.o
 .text.SVC_Setup
                0x08006154       0x12 ./Middlewares/Third_Party/FreeRTOS/Source/CMSIS_RTOS_V2/cmsis_os2.o
 *fill*         0x08006166        0x2 
 .text.osKernelInitialize
                0x08006168       0x48 ./Middlewares/Third_Party/FreeRTOS/Source/CMSIS_RTOS_V2/cmsis_os2.o
                0x08006168                osKernelInitialize
 .text.osKernelStart
                0x080061b0       0x4c ./Middlewares/Third_Party/FreeRTOS/Source/CMSIS_RTOS_V2/cmsis_os2.o
                0x080061b0                osKernelStart
 .text.osThreadNew
                0x080061fc      0x124 ./Middlewares/Third_Party/FreeRTOS/Source/CMSIS_RTOS_V2/cmsis_os2.o
                0x080061fc                osThreadNew
 .text.osDelay  0x08006320       0x36 ./Middlewares/Third_Party/FreeRTOS/Source/CMSIS_RTOS_V2/cmsis_os2.o
                0x08006320                osDelay
 *fill*         0x08006356        0x2 
 .text.vApplicationGetIdleTaskMemory
                0x08006358       0x34 ./Middlewares/Third_Party/FreeRTOS/Source/CMSIS_RTOS_V2/cmsis_os2.o
                0x08006358                vApplicationGetIdleTaskMemory
 .text.vApplicationGetTimerTaskMemory
                0x0800638c       0x34 ./Middlewares/Third_Party/FreeRTOS/Source/CMSIS_RTOS_V2/cmsis_os2.o
                0x0800638c                vApplicationGetTimerTaskMemory
 .text.vListInitialise
                0x080063c0       0x40 ./Middlewares/Third_Party/FreeRTOS/Source/list.o
                0x080063c0                vListInitialise
 .text.vListInitialiseItem
                0x08006400       0x1a ./Middlewares/Third_Party/FreeRTOS/Source/list.o
                0x08006400                vListInitialiseItem
 .text.vListInsertEnd
                0x0800641a       0x48 ./Middlewares/Third_Party/FreeRTOS/Source/list.o
                0x0800641a                vListInsertEnd
 .text.vListInsert
                0x08006462       0x72 ./Middlewares/Third_Party/FreeRTOS/Source/list.o
                0x08006462                vListInsert
 .text.uxListRemove
                0x080064d4       0x54 ./Middlewares/Third_Party/FreeRTOS/Source/list.o
                0x080064d4                uxListRemove
 .text.xQueueGenericReset
                0x08006528       0xd4 ./Middlewares/Third_Party/FreeRTOS/Source/queue.o
                0x08006528                xQueueGenericReset
 .text.xQueueGenericCreateStatic
                0x080065fc       0xfa ./Middlewares/Third_Party/FreeRTOS/Source/queue.o
                0x080065fc                xQueueGenericCreateStatic
 .text.prvInitialiseNewQueue
                0x080066f6       0x46 ./Middlewares/Third_Party/FreeRTOS/Source/queue.o
 .text.xQueueGenericSend
                0x0800673c      0x204 ./Middlewares/Third_Party/FreeRTOS/Source/queue.o
                0x0800673c                xQueueGenericSend
 .text.xQueueGenericSendFromISR
                0x08006940      0x13c ./Middlewares/Third_Party/FreeRTOS/Source/queue.o
                0x08006940                xQueueGenericSendFromISR
 .text.xQueueReceive
                0x08006a7c      0x1c4 ./Middlewares/Third_Party/FreeRTOS/Source/queue.o
                0x08006a7c                xQueueReceive
 .text.prvCopyDataToQueue
                0x08006c40       0xd4 ./Middlewares/Third_Party/FreeRTOS/Source/queue.o
 .text.prvCopyDataFromQueue
                0x08006d14       0x4c ./Middlewares/Third_Party/FreeRTOS/Source/queue.o
 .text.prvUnlockQueue
                0x08006d60       0xa4 ./Middlewares/Third_Party/FreeRTOS/Source/queue.o
 .text.prvIsQueueEmpty
                0x08006e04       0x2c ./Middlewares/Third_Party/FreeRTOS/Source/queue.o
 .text.prvIsQueueFull
                0x08006e30       0x30 ./Middlewares/Third_Party/FreeRTOS/Source/queue.o
 .text.vQueueAddToRegistry
                0x08006e60       0x54 ./Middlewares/Third_Party/FreeRTOS/Source/queue.o
                0x08006e60                vQueueAddToRegistry
 .text.vQueueWaitForMessageRestricted
                0x08006eb4       0x68 ./Middlewares/Third_Party/FreeRTOS/Source/queue.o
                0x08006eb4                vQueueWaitForMessageRestricted
 .text.xTaskCreateStatic
                0x08006f1c       0xc0 ./Middlewares/Third_Party/FreeRTOS/Source/tasks.o
                0x08006f1c                xTaskCreateStatic
 .text.xTaskCreate
                0x08006fdc       0x8a ./Middlewares/Third_Party/FreeRTOS/Source/tasks.o
                0x08006fdc                xTaskCreate
 .text.prvInitialiseNewTask
                0x08007066      0x120 ./Middlewares/Third_Party/FreeRTOS/Source/tasks.o
 *fill*         0x08007186        0x2 
 .text.prvAddNewTaskToReadyList
                0x08007188       0xe0 ./Middlewares/Third_Party/FreeRTOS/Source/tasks.o
 .text.vTaskDelay
                0x08007268       0x6c ./Middlewares/Third_Party/FreeRTOS/Source/tasks.o
                0x08007268                vTaskDelay
 .text.vTaskStartScheduler
                0x080072d4       0xd0 ./Middlewares/Third_Party/FreeRTOS/Source/tasks.o
                0x080072d4                vTaskStartScheduler
 .text.vTaskSuspendAll
                0x080073a4       0x1c ./Middlewares/Third_Party/FreeRTOS/Source/tasks.o
                0x080073a4                vTaskSuspendAll
 .text.xTaskResumeAll
                0x080073c0      0x13c ./Middlewares/Third_Party/FreeRTOS/Source/tasks.o
                0x080073c0                xTaskResumeAll
 .text.xTaskGetTickCount
                0x080074fc       0x20 ./Middlewares/Third_Party/FreeRTOS/Source/tasks.o
                0x080074fc                xTaskGetTickCount
 .text.xTaskIncrementTick
                0x0800751c      0x174 ./Middlewares/Third_Party/FreeRTOS/Source/tasks.o
                0x0800751c                xTaskIncrementTick
 .text.vTaskSwitchContext
                0x08007690       0xbc ./Middlewares/Third_Party/FreeRTOS/Source/tasks.o
                0x08007690                vTaskSwitchContext
 .text.vTaskPlaceOnEventList
                0x0800774c       0x4c ./Middlewares/Third_Party/FreeRTOS/Source/tasks.o
                0x0800774c                vTaskPlaceOnEventList
 .text.vTaskPlaceOnEventListRestricted
                0x08007798       0x58 ./Middlewares/Third_Party/FreeRTOS/Source/tasks.o
                0x08007798                vTaskPlaceOnEventListRestricted
 .text.xTaskRemoveFromEventList
                0x080077f0       0xc8 ./Middlewares/Third_Party/FreeRTOS/Source/tasks.o
                0x080077f0                xTaskRemoveFromEventList
 .text.vTaskSetTimeOutState
                0x080078b8       0x50 ./Middlewares/Third_Party/FreeRTOS/Source/tasks.o
                0x080078b8                vTaskSetTimeOutState
 .text.vTaskInternalSetTimeOutState
                0x08007908       0x2c ./Middlewares/Third_Party/FreeRTOS/Source/tasks.o
                0x08007908                vTaskInternalSetTimeOutState
 .text.xTaskCheckForTimeOut
                0x08007934       0xc8 ./Middlewares/Third_Party/FreeRTOS/Source/tasks.o
                0x08007934                xTaskCheckForTimeOut
 .text.vTaskMissedYield
                0x080079fc       0x18 ./Middlewares/Third_Party/FreeRTOS/Source/tasks.o
                0x080079fc                vTaskMissedYield
 .text.prvIdleTask
                0x08007a14       0x30 ./Middlewares/Third_Party/FreeRTOS/Source/tasks.o
 .text.prvInitialiseTaskLists
                0x08007a44       0x80 ./Middlewares/Third_Party/FreeRTOS/Source/tasks.o
 .text.prvCheckTasksWaitingTermination
                0x08007ac4       0x5c ./Middlewares/Third_Party/FreeRTOS/Source/tasks.o
 .text.prvDeleteTCB
                0x08007b20       0x60 ./Middlewares/Third_Party/FreeRTOS/Source/tasks.o
 .text.prvResetNextTaskUnblockTime
                0x08007b80       0x40 ./Middlewares/Third_Party/FreeRTOS/Source/tasks.o
 .text.xTaskGetSchedulerState
                0x08007bc0       0x3c ./Middlewares/Third_Party/FreeRTOS/Source/tasks.o
                0x08007bc0                xTaskGetSchedulerState
 .text.xTaskPriorityDisinherit
                0x08007bfc       0xe0 ./Middlewares/Third_Party/FreeRTOS/Source/tasks.o
                0x08007bfc                xTaskPriorityDisinherit
 .text.prvAddCurrentTaskToDelayedList
                0x08007cdc       0xa8 ./Middlewares/Third_Party/FreeRTOS/Source/tasks.o
 .text.xTimerCreateTimerTask
                0x08007d84       0x94 ./Middlewares/Third_Party/FreeRTOS/Source/timers.o
                0x08007d84                xTimerCreateTimerTask
 .text.xTimerGenericCommand
                0x08007e18       0x9c ./Middlewares/Third_Party/FreeRTOS/Source/timers.o
                0x08007e18                xTimerGenericCommand
 .text.prvProcessExpiredTimer
                0x08007eb4       0x9c ./Middlewares/Third_Party/FreeRTOS/Source/timers.o
 .text.prvTimerTask
                0x08007f50       0x26 ./Middlewares/Third_Party/FreeRTOS/Source/timers.o
 *fill*         0x08007f76        0x2 
 .text.prvProcessTimerOrBlockTask
                0x08007f78       0x9c ./Middlewares/Third_Party/FreeRTOS/Source/timers.o
 .text.prvGetNextExpireTime
                0x08008014       0x48 ./Middlewares/Third_Party/FreeRTOS/Source/timers.o
 .text.prvSampleTimeNow
                0x0800805c       0x40 ./Middlewares/Third_Party/FreeRTOS/Source/timers.o
 .text.prvInsertTimerInActiveList
                0x0800809c       0x84 ./Middlewares/Third_Party/FreeRTOS/Source/timers.o
 .text.prvProcessReceivedCommands
                0x08008120      0x1cc ./Middlewares/Third_Party/FreeRTOS/Source/timers.o
 .text.prvSwitchTimerLists
                0x080082ec       0xcc ./Middlewares/Third_Party/FreeRTOS/Source/timers.o
 .text.prvCheckForValidListAndQueue
                0x080083b8       0x80 ./Middlewares/Third_Party/FreeRTOS/Source/timers.o
 .text.pxPortInitialiseStack
                0x08008438       0x68 ./Middlewares/Third_Party/FreeRTOS/Source/portable/GCC/ARM_CM4F/port.o
                0x08008438                pxPortInitialiseStack
 .text.prvTaskExitError
                0x080084a0       0x5c ./Middlewares/Third_Party/FreeRTOS/Source/portable/GCC/ARM_CM4F/port.o
 *fill*         0x080084fc        0x4 
 .text.SVC_Handler
                0x08008500       0x28 ./Middlewares/Third_Party/FreeRTOS/Source/portable/GCC/ARM_CM4F/port.o
                0x08008500                SVC_Handler
 .text.prvPortStartFirstTask
                0x08008528       0x28 ./Middlewares/Third_Party/FreeRTOS/Source/portable/GCC/ARM_CM4F/port.o
 .text.xPortStartScheduler
                0x08008550      0x148 ./Middlewares/Third_Party/FreeRTOS/Source/portable/GCC/ARM_CM4F/port.o
                0x08008550                xPortStartScheduler
 .text.vPortEnterCritical
                0x08008698       0x64 ./Middlewares/Third_Party/FreeRTOS/Source/portable/GCC/ARM_CM4F/port.o
                0x08008698                vPortEnterCritical
 .text.vPortExitCritical
                0x080086fc       0x54 ./Middlewares/Third_Party/FreeRTOS/Source/portable/GCC/ARM_CM4F/port.o
                0x080086fc                vPortExitCritical
 .text.PendSV_Handler
                0x08008750       0x68 ./Middlewares/Third_Party/FreeRTOS/Source/portable/GCC/ARM_CM4F/port.o
                0x08008750                PendSV_Handler
 .text.xPortSysTickHandler
                0x080087b8       0x44 ./Middlewares/Third_Party/FreeRTOS/Source/portable/GCC/ARM_CM4F/port.o
                0x080087b8                xPortSysTickHandler
 .text.vPortSetupTimerInterrupt
                0x080087fc       0x48 ./Middlewares/Third_Party/FreeRTOS/Source/portable/GCC/ARM_CM4F/port.o
                0x080087fc                vPortSetupTimerInterrupt
 .text.vPortEnableVFP
                0x08008844       0x14 ./Middlewares/Third_Party/FreeRTOS/Source/portable/GCC/ARM_CM4F/port.o
 .text.vPortValidateInterruptPriority
                0x08008858       0x84 ./Middlewares/Third_Party/FreeRTOS/Source/portable/GCC/ARM_CM4F/port.o
                0x08008858                vPortValidateInterruptPriority
 .text.pvPortMalloc
                0x080088dc      0x19c ./Middlewares/Third_Party/FreeRTOS/Source/portable/MemMang/heap_4.o
                0x080088dc                pvPortMalloc
 .text.vPortFree
                0x08008a78       0xc8 ./Middlewares/Third_Party/FreeRTOS/Source/portable/MemMang/heap_4.o
                0x08008a78                vPortFree
 .text.prvHeapInit
                0x08008b40       0xc4 ./Middlewares/Third_Party/FreeRTOS/Source/portable/MemMang/heap_4.o
 .text.prvInsertBlockIntoFreeList
                0x08008c04       0xb4 ./Middlewares/Third_Party/FreeRTOS/Source/portable/MemMang/heap_4.o
 .text.rcl_get_zero_initialized_publisher
                0x08008cb8        0xc ../micro_ros_stm32cubemx_utils/microros_static_library_ide/libmicroros/libmicroros.a(librcl-publisher.c.obj)
                0x08008cb8                rcl_get_zero_initialized_publisher
 .text.rcl_publisher_init
                0x08008cc4      0x1ec ../micro_ros_stm32cubemx_utils/microros_static_library_ide/libmicroros/libmicroros.a(librcl-publisher.c.obj)
                0x08008cc4                rcl_publisher_init
 .text.rcl_publisher_get_default_options
                0x08008eb0       0x44 ../micro_ros_stm32cubemx_utils/microros_static_library_ide/libmicroros/libmicroros.a(librcl-publisher.c.obj)
                0x08008eb0                rcl_publisher_get_default_options
 .text.rcl_publish
                0x08008ef4       0x48 ../micro_ros_stm32cubemx_utils/microros_static_library_ide/libmicroros/libmicroros.a(librcl-publisher.c.obj)
                0x08008ef4                rcl_publish
 .text.rclc_support_init
                0x08008f3c       0x9c ../micro_ros_stm32cubemx_utils/microros_static_library_ide/libmicroros/libmicroros.a(librclc-init.c.obj)
                0x08008f3c                rclc_support_init
 .text.rclc_node_init_default
                0x08008fd8       0x78 ../micro_ros_stm32cubemx_utils/microros_static_library_ide/libmicroros/libmicroros.a(librclc-node.c.obj)
                0x08008fd8                rclc_node_init_default
 .text.rclc_publisher_init_default
                0x08009050       0x68 ../micro_ros_stm32cubemx_utils/microros_static_library_ide/libmicroros/libmicroros.a(librclc-publisher.c.obj)
                0x08009050                rclc_publisher_init_default
 .text.__default_zero_allocate
                0x080090b8        0x4 ../micro_ros_stm32cubemx_utils/microros_static_library_ide/libmicroros/libmicroros.a(librcutils-allocator.c.obj)
 .text.__default_reallocate
                0x080090bc        0x4 ../micro_ros_stm32cubemx_utils/microros_static_library_ide/libmicroros/libmicroros.a(librcutils-allocator.c.obj)
 .text.__default_deallocate
                0x080090c0        0x4 ../micro_ros_stm32cubemx_utils/microros_static_library_ide/libmicroros/libmicroros.a(librcutils-allocator.c.obj)
 .text.__default_allocate
                0x080090c4        0x4 ../micro_ros_stm32cubemx_utils/microros_static_library_ide/libmicroros/libmicroros.a(librcutils-allocator.c.obj)
 .text.rcutils_get_zero_initialized_allocator
                0x080090c8       0x1c ../micro_ros_stm32cubemx_utils/microros_static_library_ide/libmicroros/libmicroros.a(librcutils-allocator.c.obj)
                0x080090c8                rcutils_get_zero_initialized_allocator
 .text.rcutils_get_default_allocator
                0x080090e4       0x1c ../micro_ros_stm32cubemx_utils/microros_static_library_ide/libmicroros/libmicroros.a(librcutils-allocator.c.obj)
                0x080090e4                rcutils_get_default_allocator
 .text.rcutils_allocator_is_valid
                0x08009100       0x1c ../micro_ros_stm32cubemx_utils/microros_static_library_ide/libmicroros/libmicroros.a(librcutils-allocator.c.obj)
                0x08009100                rcutils_allocator_is_valid
 .text.rcutils_get_error_string
                0x0800911c       0x2c ../micro_ros_stm32cubemx_utils/microros_static_library_ide/libmicroros/libmicroros.a(librcutils-error_handling.c.obj)
                0x0800911c                rcutils_get_error_string
 .text.rcutils_reset_error
                0x08009148       0x30 ../micro_ros_stm32cubemx_utils/microros_static_library_ide/libmicroros/libmicroros.a(librcutils-error_handling.c.obj)
                0x08009148                rcutils_reset_error
 .text.rcutils_get_zero_initialized_string_map
                0x08009178        0xc ../micro_ros_stm32cubemx_utils/microros_static_library_ide/libmicroros/libmicroros.a(librcutils-string_map.c.obj)
                0x08009178                rcutils_get_zero_initialized_string_map
 .text.rcutils_string_map_reserve
                0x08009184       0xe8 ../micro_ros_stm32cubemx_utils/microros_static_library_ide/libmicroros/libmicroros.a(librcutils-string_map.c.obj)
                0x08009184                rcutils_string_map_reserve
 .text.rcutils_string_map_init
                0x0800926c       0x80 ../micro_ros_stm32cubemx_utils/microros_static_library_ide/libmicroros/libmicroros.a(librcutils-string_map.c.obj)
                0x0800926c                rcutils_string_map_init
 .text.rcutils_string_map_fini
                0x080092ec       0x88 ../micro_ros_stm32cubemx_utils/microros_static_library_ide/libmicroros/libmicroros.a(librcutils-string_map.c.obj)
                0x080092ec                rcutils_string_map_fini
 .text.rcutils_string_map_getn
                0x08009374       0x64 ../micro_ros_stm32cubemx_utils/microros_static_library_ide/libmicroros/libmicroros.a(librcutils-string_map.c.obj)
                0x08009374                rcutils_string_map_getn
 .text.rmw_get_default_publisher_options
                0x080093d8        0x4 ../micro_ros_stm32cubemx_utils/microros_static_library_ide/libmicroros/libmicroros.a(librmw-publisher_options.c.obj)
                0x080093d8                rmw_get_default_publisher_options
 .text.rmw_validate_full_topic_name
                0x080093dc      0x10c ../micro_ros_stm32cubemx_utils/microros_static_library_ide/libmicroros/libmicroros.a(librmw-validate_full_topic_name.c.obj)
                0x080093dc                rmw_validate_full_topic_name
 .text.rmw_uros_set_custom_transport
                0x080094e8       0x2c ../micro_ros_stm32cubemx_utils/microros_static_library_ide/libmicroros/libmicroros.a(librmw_microxrcedds-custom_transport.c.obj)
                0x080094e8                rmw_uros_set_custom_transport
 .text.flush_session
                0x08009514        0x8 ../micro_ros_stm32cubemx_utils/microros_static_library_ide/libmicroros/libmicroros.a(librmw_microxrcedds-rmw_publish.c.obj)
                0x08009514                flush_session
 .text.rmw_publish
                0x0800951c       0xc0 ../micro_ros_stm32cubemx_utils/microros_static_library_ide/libmicroros/libmicroros.a(librmw_microxrcedds-rmw_publish.c.obj)
                0x0800951c                rmw_publish
 .text.rmw_create_publisher
                0x080095dc      0x1b4 ../micro_ros_stm32cubemx_utils/microros_static_library_ide/libmicroros/libmicroros.a(librmw_microxrcedds-rmw_publisher.c.obj)
                0x080095dc                rmw_create_publisher
 .text.rmw_publisher_get_actual_qos
                0x08009790       0x1c ../micro_ros_stm32cubemx_utils/microros_static_library_ide/libmicroros/libmicroros.a(librmw_microxrcedds-rmw_publisher.c.obj)
                0x08009790                rmw_publisher_get_actual_qos
 .text.rmw_destroy_publisher
                0x080097ac       0xa0 ../micro_ros_stm32cubemx_utils/microros_static_library_ide/libmicroros/libmicroros.a(librmw_microxrcedds-rmw_publisher.c.obj)
                0x080097ac                rmw_destroy_publisher
 .text.rmw_uxrce_init_service_memory
                0x0800984c       0x34 ../micro_ros_stm32cubemx_utils/microros_static_library_ide/libmicroros/libmicroros.a(librmw_microxrcedds-types.c.obj)
                0x0800984c                rmw_uxrce_init_service_memory
 .text.rmw_uxrce_init_client_memory
                0x08009880       0x34 ../micro_ros_stm32cubemx_utils/microros_static_library_ide/libmicroros/libmicroros.a(librmw_microxrcedds-types.c.obj)
                0x08009880                rmw_uxrce_init_client_memory
 .text.rmw_uxrce_init_publisher_memory
                0x080098b4       0x34 ../micro_ros_stm32cubemx_utils/microros_static_library_ide/libmicroros/libmicroros.a(librmw_microxrcedds-types.c.obj)
                0x080098b4                rmw_uxrce_init_publisher_memory
 .text.rmw_uxrce_init_subscription_memory
                0x080098e8       0x34 ../micro_ros_stm32cubemx_utils/microros_static_library_ide/libmicroros/libmicroros.a(librmw_microxrcedds-types.c.obj)
                0x080098e8                rmw_uxrce_init_subscription_memory
 .text.rmw_uxrce_init_node_memory
                0x0800991c       0x34 ../micro_ros_stm32cubemx_utils/microros_static_library_ide/libmicroros/libmicroros.a(librmw_microxrcedds-types.c.obj)
                0x0800991c                rmw_uxrce_init_node_memory
 .text.rmw_uxrce_init_session_memory
                0x08009950       0x3c ../micro_ros_stm32cubemx_utils/microros_static_library_ide/libmicroros/libmicroros.a(librmw_microxrcedds-types.c.obj)
                0x08009950                rmw_uxrce_init_session_memory
 .text.rmw_uxrce_init_topic_memory
                0x0800998c       0x38 ../micro_ros_stm32cubemx_utils/microros_static_library_ide/libmicroros/libmicroros.a(librmw_microxrcedds-types.c.obj)
                0x0800998c                rmw_uxrce_init_topic_memory
 .text.rmw_uxrce_init_static_input_buffer_memory
                0x080099c4       0x3c ../micro_ros_stm32cubemx_utils/microros_static_library_ide/libmicroros/libmicroros.a(librmw_microxrcedds-types.c.obj)
                0x080099c4                rmw_uxrce_init_static_input_buffer_memory
 .text.rmw_uxrce_init_init_options_impl_memory
                0x08009a00       0x34 ../micro_ros_stm32cubemx_utils/microros_static_library_ide/libmicroros/libmicroros.a(librmw_microxrcedds-types.c.obj)
                0x08009a00                rmw_uxrce_init_init_options_impl_memory
 .text.rmw_uxrce_init_wait_set_memory
                0x08009a34       0x38 ../micro_ros_stm32cubemx_utils/microros_static_library_ide/libmicroros/libmicroros.a(librmw_microxrcedds-types.c.obj)
                0x08009a34                rmw_uxrce_init_wait_set_memory
 .text.rmw_uxrce_init_guard_condition_memory
                0x08009a6c       0x34 ../micro_ros_stm32cubemx_utils/microros_static_library_ide/libmicroros/libmicroros.a(librmw_microxrcedds-types.c.obj)
                0x08009a6c                rmw_uxrce_init_guard_condition_memory
 .text.rmw_uxrce_fini_session_memory
                0x08009aa0        0xc ../micro_ros_stm32cubemx_utils/microros_static_library_ide/libmicroros/libmicroros.a(librmw_microxrcedds-types.c.obj)
                0x08009aa0                rmw_uxrce_fini_session_memory
 .text.rmw_uxrce_fini_node_memory
                0x08009aac       0x30 ../micro_ros_stm32cubemx_utils/microros_static_library_ide/libmicroros/libmicroros.a(librmw_microxrcedds-types.c.obj)
                0x08009aac                rmw_uxrce_fini_node_memory
 .text.rmw_uxrce_fini_publisher_memory
                0x08009adc       0x2c ../micro_ros_stm32cubemx_utils/microros_static_library_ide/libmicroros/libmicroros.a(librmw_microxrcedds-types.c.obj)
                0x08009adc                rmw_uxrce_fini_publisher_memory
 .text.rmw_uxrce_fini_subscription_memory
                0x08009b08       0x2c ../micro_ros_stm32cubemx_utils/microros_static_library_ide/libmicroros/libmicroros.a(librmw_microxrcedds-types.c.obj)
                0x08009b08                rmw_uxrce_fini_subscription_memory
 .text.rmw_uxrce_fini_service_memory
                0x08009b34       0x2c ../micro_ros_stm32cubemx_utils/microros_static_library_ide/libmicroros/libmicroros.a(librmw_microxrcedds-types.c.obj)
                0x08009b34                rmw_uxrce_fini_service_memory
 .text.rmw_uxrce_fini_client_memory
                0x08009b60       0x2c ../micro_ros_stm32cubemx_utils/microros_static_library_ide/libmicroros/libmicroros.a(librmw_microxrcedds-types.c.obj)
                0x08009b60                rmw_uxrce_fini_client_memory
 .text.rmw_uxrce_fini_topic_memory
                0x08009b8c       0x18 ../micro_ros_stm32cubemx_utils/microros_static_library_ide/libmicroros/libmicroros.a(librmw_microxrcedds-types.c.obj)
                0x08009b8c                rmw_uxrce_fini_topic_memory
 .text.rmw_uxrce_get_static_input_buffer_for_entity
                0x08009ba4       0x98 ../micro_ros_stm32cubemx_utils/microros_static_library_ide/libmicroros/libmicroros.a(librmw_microxrcedds-types.c.obj)
                0x08009ba4                rmw_uxrce_get_static_input_buffer_for_entity
 .text.run_xrce_session
                0x08009c3c       0x38 ../micro_ros_stm32cubemx_utils/microros_static_library_ide/libmicroros/libmicroros.a(librmw_microxrcedds-utils.c.obj)
                0x08009c3c                run_xrce_session
 .text.convert_qos_profile
                0x08009c74       0x34 ../micro_ros_stm32cubemx_utils/microros_static_library_ide/libmicroros/libmicroros.a(librmw_microxrcedds-utils.c.obj)
                0x08009c74                convert_qos_profile
 .text.generate_type_name
                0x08009ca8       0x60 ../micro_ros_stm32cubemx_utils/microros_static_library_ide/libmicroros/libmicroros.a(librmw_microxrcedds-utils.c.obj)
                0x08009ca8                generate_type_name
 .text.generate_topic_name
                0x08009d08       0x34 ../micro_ros_stm32cubemx_utils/microros_static_library_ide/libmicroros/libmicroros.a(librmw_microxrcedds-utils.c.obj)
                0x08009d08                generate_topic_name
 .text.is_uxrce_rmw_identifier_valid
                0x08009d3c       0x1c ../micro_ros_stm32cubemx_utils/microros_static_library_ide/libmicroros/libmicroros.a(librmw_microxrcedds-utils.c.obj)
                0x08009d3c                is_uxrce_rmw_identifier_valid
 .text.get_message_typesupport_handle
                0x08009d58        0x4 ../micro_ros_stm32cubemx_utils/microros_static_library_ide/libmicroros/libmicroros.a(librosidl_runtime_c-message_type_support.c.obj)
                0x08009d58                get_message_typesupport_handle
 .text.get_message_typesupport_handle_function
                0x08009d5c       0x14 ../micro_ros_stm32cubemx_utils/microros_static_library_ide/libmicroros/libmicroros.a(librosidl_runtime_c-message_type_support.c.obj)
                0x08009d5c                get_message_typesupport_handle_function
 .text.rosidl_typesupport_c__get_message_type_support_handle__rover_msgs__msg__EncoderMsg
                0x08009d70        0x4 ../micro_ros_stm32cubemx_utils/microros_static_library_ide/libmicroros/libmicroros.a(librover_msgs__rosidl_typesupport_c-encoder_msg__type_support.cpp.obj)
                0x08009d70                rosidl_typesupport_c__get_message_type_support_handle__rover_msgs__msg__EncoderMsg
 .text.get_serialized_size_rover_msgs__msg__EncoderMsg
                0x08009d74       0x40 ../micro_ros_stm32cubemx_utils/microros_static_library_ide/libmicroros/libmicroros.a(librover_msgs__rosidl_typesupport_microxrcedds_c-encoder_msg__type_support_c.c.obj)
                0x08009d74                get_serialized_size_rover_msgs__msg__EncoderMsg
 .text._EncoderMsg__cdr_deserialize
                0x08009db4       0x30 ../micro_ros_stm32cubemx_utils/microros_static_library_ide/libmicroros/libmicroros.a(librover_msgs__rosidl_typesupport_microxrcedds_c-encoder_msg__type_support_c.c.obj)
 .text._EncoderMsg__cdr_serialize
                0x08009de4       0x38 ../micro_ros_stm32cubemx_utils/microros_static_library_ide/libmicroros/libmicroros.a(librover_msgs__rosidl_typesupport_microxrcedds_c-encoder_msg__type_support_c.c.obj)
 .text._EncoderMsg__get_serialized_size
                0x08009e1c       0x38 ../micro_ros_stm32cubemx_utils/microros_static_library_ide/libmicroros/libmicroros.a(librover_msgs__rosidl_typesupport_microxrcedds_c-encoder_msg__type_support_c.c.obj)
 .text._EncoderMsg__max_serialized_size
                0x08009e54       0x34 ../micro_ros_stm32cubemx_utils/microros_static_library_ide/libmicroros/libmicroros.a(librover_msgs__rosidl_typesupport_microxrcedds_c-encoder_msg__type_support_c.c.obj)
 .text.rosidl_typesupport_microxrcedds_c__get_message_type_support_handle__rover_msgs__msg__EncoderMsg
                0x08009e88        0x8 ../micro_ros_stm32cubemx_utils/microros_static_library_ide/libmicroros/libmicroros.a(librover_msgs__rosidl_typesupport_microxrcedds_c-encoder_msg__type_support_c.c.obj)
                0x08009e88                rosidl_typesupport_microxrcedds_c__get_message_type_support_handle__rover_msgs__msg__EncoderMsg
 .text.ucdr_serialize_bool
                0x08009e90       0x2c ../micro_ros_stm32cubemx_utils/microros_static_library_ide/libmicroros/libmicroros.a(libmicrocdr-basic.c.obj)
                0x08009e90                ucdr_serialize_bool
 .text.ucdr_deserialize_bool
                0x08009ebc       0x34 ../micro_ros_stm32cubemx_utils/microros_static_library_ide/libmicroros/libmicroros.a(libmicrocdr-basic.c.obj)
                0x08009ebc                ucdr_deserialize_bool
 .text.ucdr_serialize_uint8_t
                0x08009ef0       0x2c ../micro_ros_stm32cubemx_utils/microros_static_library_ide/libmicroros/libmicroros.a(libmicrocdr-basic.c.obj)
                0x08009ef0                ucdr_serialize_uint8_t
 .text.ucdr_deserialize_uint8_t
                0x08009f1c       0x2c ../micro_ros_stm32cubemx_utils/microros_static_library_ide/libmicroros/libmicroros.a(libmicrocdr-basic.c.obj)
                0x08009f1c                ucdr_deserialize_uint8_t
 .text.ucdr_serialize_uint16_t
                0x08009f48      0x100 ../micro_ros_stm32cubemx_utils/microros_static_library_ide/libmicroros/libmicroros.a(libmicrocdr-basic.c.obj)
                0x08009f48                ucdr_serialize_uint16_t
 .text.ucdr_serialize_endian_uint16_t
                0x0800a048      0x100 ../micro_ros_stm32cubemx_utils/microros_static_library_ide/libmicroros/libmicroros.a(libmicrocdr-basic.c.obj)
                0x0800a048                ucdr_serialize_endian_uint16_t
 .text.ucdr_deserialize_uint16_t
                0x0800a148       0xe8 ../micro_ros_stm32cubemx_utils/microros_static_library_ide/libmicroros/libmicroros.a(libmicrocdr-basic.c.obj)
                0x0800a148                ucdr_deserialize_uint16_t
 .text.ucdr_deserialize_endian_uint16_t
                0x0800a230       0xec ../micro_ros_stm32cubemx_utils/microros_static_library_ide/libmicroros/libmicroros.a(libmicrocdr-basic.c.obj)
                0x0800a230                ucdr_deserialize_endian_uint16_t
 .text.ucdr_serialize_uint32_t
                0x0800a31c      0x130 ../micro_ros_stm32cubemx_utils/microros_static_library_ide/libmicroros/libmicroros.a(libmicrocdr-basic.c.obj)
                0x0800a31c                ucdr_serialize_uint32_t
 .text.ucdr_serialize_endian_uint32_t
                0x0800a44c      0x130 ../micro_ros_stm32cubemx_utils/microros_static_library_ide/libmicroros/libmicroros.a(libmicrocdr-basic.c.obj)
                0x0800a44c                ucdr_serialize_endian_uint32_t
 .text.ucdr_deserialize_uint32_t
                0x0800a57c      0x120 ../micro_ros_stm32cubemx_utils/microros_static_library_ide/libmicroros/libmicroros.a(libmicrocdr-basic.c.obj)
                0x0800a57c                ucdr_deserialize_uint32_t
 .text.ucdr_deserialize_endian_uint32_t
                0x0800a69c      0x12c ../micro_ros_stm32cubemx_utils/microros_static_library_ide/libmicroros/libmicroros.a(libmicrocdr-basic.c.obj)
                0x0800a69c                ucdr_deserialize_endian_uint32_t
 .text.ucdr_serialize_uint64_t
                0x0800a7c8      0x1a0 ../micro_ros_stm32cubemx_utils/microros_static_library_ide/libmicroros/libmicroros.a(libmicrocdr-basic.c.obj)
                0x0800a7c8                ucdr_serialize_uint64_t
 .text.ucdr_serialize_int16_t
                0x0800a968      0x100 ../micro_ros_stm32cubemx_utils/microros_static_library_ide/libmicroros/libmicroros.a(libmicrocdr-basic.c.obj)
                0x0800a968                ucdr_serialize_int16_t
 .text.ucdr_deserialize_int16_t
                0x0800aa68       0xe8 ../micro_ros_stm32cubemx_utils/microros_static_library_ide/libmicroros/libmicroros.a(libmicrocdr-basic.c.obj)
                0x0800aa68                ucdr_deserialize_int16_t
 .text.ucdr_deserialize_int32_t
                0x0800ab50      0x120 ../micro_ros_stm32cubemx_utils/microros_static_library_ide/libmicroros/libmicroros.a(libmicrocdr-basic.c.obj)
                0x0800ab50                ucdr_deserialize_int32_t
 .text.ucdr_serialize_float
                0x0800ac70      0x130 ../micro_ros_stm32cubemx_utils/microros_static_library_ide/libmicroros/libmicroros.a(libmicrocdr-basic.c.obj)
                0x0800ac70                ucdr_serialize_float
 .text.ucdr_deserialize_float
                0x0800ada0      0x120 ../micro_ros_stm32cubemx_utils/microros_static_library_ide/libmicroros/libmicroros.a(libmicrocdr-basic.c.obj)
                0x0800ada0                ucdr_deserialize_float
 .text.ucdr_check_buffer_available_for
                0x0800aec0       0x18 ../micro_ros_stm32cubemx_utils/microros_static_library_ide/libmicroros/libmicroros.a(libmicrocdr-common.c.obj)
                0x0800aec0                ucdr_check_buffer_available_for
 .text.ucdr_check_final_buffer_behavior
                0x0800aed8       0x38 ../micro_ros_stm32cubemx_utils/microros_static_library_ide/libmicroros/libmicroros.a(libmicrocdr-common.c.obj)
                0x0800aed8                ucdr_check_final_buffer_behavior
 .text.ucdr_set_on_full_buffer_callback
                0x0800af10        0x8 ../micro_ros_stm32cubemx_utils/microros_static_library_ide/libmicroros/libmicroros.a(libmicrocdr-common.c.obj)
                0x0800af10                ucdr_set_on_full_buffer_callback
 .text.ucdr_init_buffer_origin_offset_endian
                0x0800af18       0x28 ../micro_ros_stm32cubemx_utils/microros_static_library_ide/libmicroros/libmicroros.a(libmicrocdr-common.c.obj)
                0x0800af18                ucdr_init_buffer_origin_offset_endian
 .text.ucdr_init_buffer_origin_offset
                0x0800af40       0x14 ../micro_ros_stm32cubemx_utils/microros_static_library_ide/libmicroros/libmicroros.a(libmicrocdr-common.c.obj)
                0x0800af40                ucdr_init_buffer_origin_offset
 .text.ucdr_init_buffer_origin
                0x0800af54       0x10 ../micro_ros_stm32cubemx_utils/microros_static_library_ide/libmicroros/libmicroros.a(libmicrocdr-common.c.obj)
                0x0800af54                ucdr_init_buffer_origin
 .text.ucdr_init_buffer
                0x0800af64        0x8 ../micro_ros_stm32cubemx_utils/microros_static_library_ide/libmicroros/libmicroros.a(libmicrocdr-common.c.obj)
                0x0800af64                ucdr_init_buffer
 .text.ucdr_alignment
                0x0800af6c       0x10 ../micro_ros_stm32cubemx_utils/microros_static_library_ide/libmicroros/libmicroros.a(libmicrocdr-common.c.obj)
                0x0800af6c                ucdr_alignment
 .text.ucdr_buffer_alignment
                0x0800af7c       0x1c ../micro_ros_stm32cubemx_utils/microros_static_library_ide/libmicroros/libmicroros.a(libmicrocdr-common.c.obj)
                0x0800af7c                ucdr_buffer_alignment
 .text.ucdr_align_to
                0x0800af98       0x24 ../micro_ros_stm32cubemx_utils/microros_static_library_ide/libmicroros/libmicroros.a(libmicrocdr-common.c.obj)
                0x0800af98                ucdr_align_to
 .text.ucdr_buffer_length
                0x0800afbc        0x8 ../micro_ros_stm32cubemx_utils/microros_static_library_ide/libmicroros/libmicroros.a(libmicrocdr-common.c.obj)
                0x0800afbc                ucdr_buffer_length
 .text.ucdr_buffer_remaining
                0x0800afc4        0x8 ../micro_ros_stm32cubemx_utils/microros_static_library_ide/libmicroros/libmicroros.a(libmicrocdr-common.c.obj)
                0x0800afc4                ucdr_buffer_remaining
 .text.ucdr_check_final_buffer_behavior_array
                0x0800afcc       0x38 ../micro_ros_stm32cubemx_utils/microros_static_library_ide/libmicroros/libmicroros.a(libmicrocdr-common.c.obj)
                0x0800afcc                ucdr_check_final_buffer_behavior_array
 .text.ucdr_advance_buffer
                0x0800b004       0x40 ../micro_ros_stm32cubemx_utils/microros_static_library_ide/libmicroros/libmicroros.a(libmicrocdr-common.c.obj)
                0x0800b004                ucdr_advance_buffer
 .text.uxr_buffer_delete_entity
                0x0800b044       0x40 ../micro_ros_stm32cubemx_utils/microros_static_library_ide/libmicroros/libmicroros.a(libmicroxrcedds_client-common_create_entities.c.obj)
                0x0800b044                uxr_buffer_delete_entity
 .text.uxr_common_create_entity
                0x0800b084       0x58 ../micro_ros_stm32cubemx_utils/microros_static_library_ide/libmicroros/libmicroros.a(libmicroxrcedds_client-common_create_entities.c.obj)
                0x0800b084                uxr_common_create_entity
 .text.uxr_buffer_create_participant_bin
                0x0800b0dc       0x64 ../micro_ros_stm32cubemx_utils/microros_static_library_ide/libmicroros/libmicroros.a(libmicroxrcedds_client-create_entities_bin.c.obj)
                0x0800b0dc                uxr_buffer_create_participant_bin
 .text.uxr_buffer_create_topic_bin
                0x0800b140       0x68 ../micro_ros_stm32cubemx_utils/microros_static_library_ide/libmicroros/libmicroros.a(libmicroxrcedds_client-create_entities_bin.c.obj)
                0x0800b140                uxr_buffer_create_topic_bin
 .text.uxr_buffer_create_publisher_bin
                0x0800b1a8       0x5c ../micro_ros_stm32cubemx_utils/microros_static_library_ide/libmicroros/libmicroros.a(libmicroxrcedds_client-create_entities_bin.c.obj)
                0x0800b1a8                uxr_buffer_create_publisher_bin
 .text.uxr_buffer_create_datawriter_bin
                0x0800b204       0xf0 ../micro_ros_stm32cubemx_utils/microros_static_library_ide/libmicroros/libmicroros.a(libmicroxrcedds_client-create_entities_bin.c.obj)
                0x0800b204                uxr_buffer_create_datawriter_bin
 .text.uxr_object_id
                0x0800b2f4       0x1c ../micro_ros_stm32cubemx_utils/microros_static_library_ide/libmicroros/libmicroros.a(libmicroxrcedds_client-object_id.c.obj)
                0x0800b2f4                uxr_object_id
 .text.uxr_object_id_from_raw
                0x0800b310       0x28 ../micro_ros_stm32cubemx_utils/microros_static_library_ide/libmicroros/libmicroros.a(libmicroxrcedds_client-object_id.c.obj)
                0x0800b310                uxr_object_id_from_raw
 .text.uxr_object_id_to_raw
                0x0800b338       0x18 ../micro_ros_stm32cubemx_utils/microros_static_library_ide/libmicroros/libmicroros.a(libmicroxrcedds_client-object_id.c.obj)
                0x0800b338                uxr_object_id_to_raw
 .text.on_get_fragmentation_info
                0x0800b350       0x44 ../micro_ros_stm32cubemx_utils/microros_static_library_ide/libmicroros/libmicroros.a(libmicroxrcedds_client-session.c.obj)
 .text.read_submessage_get_info
                0x0800b394       0x6c ../micro_ros_stm32cubemx_utils/microros_static_library_ide/libmicroros/libmicroros.a(libmicroxrcedds_client-session.c.obj)
 .text.write_submessage_acknack.isra.0
                0x0800b400       0x6c ../micro_ros_stm32cubemx_utils/microros_static_library_ide/libmicroros/libmicroros.a(libmicroxrcedds_client-session.c.obj)
 .text.uxr_init_session
                0x0800b46c       0x3c ../micro_ros_stm32cubemx_utils/microros_static_library_ide/libmicroros/libmicroros.a(libmicroxrcedds_client-session.c.obj)
                0x0800b46c                uxr_init_session
 .text.uxr_set_status_callback
                0x0800b4a8        0x8 ../micro_ros_stm32cubemx_utils/microros_static_library_ide/libmicroros/libmicroros.a(libmicroxrcedds_client-session.c.obj)
                0x0800b4a8                uxr_set_status_callback
 .text.uxr_set_topic_callback
                0x0800b4b0        0x8 ../micro_ros_stm32cubemx_utils/microros_static_library_ide/libmicroros/libmicroros.a(libmicroxrcedds_client-session.c.obj)
                0x0800b4b0                uxr_set_topic_callback
 .text.uxr_set_request_callback
                0x0800b4b8        0x8 ../micro_ros_stm32cubemx_utils/microros_static_library_ide/libmicroros/libmicroros.a(libmicroxrcedds_client-session.c.obj)
                0x0800b4b8                uxr_set_request_callback
 .text.uxr_set_reply_callback
                0x0800b4c0        0x8 ../micro_ros_stm32cubemx_utils/microros_static_library_ide/libmicroros/libmicroros.a(libmicroxrcedds_client-session.c.obj)
                0x0800b4c0                uxr_set_reply_callback
 .text.uxr_create_output_best_effort_stream
                0x0800b4c8       0x24 ../micro_ros_stm32cubemx_utils/microros_static_library_ide/libmicroros/libmicroros.a(libmicroxrcedds_client-session.c.obj)
                0x0800b4c8                uxr_create_output_best_effort_stream
 .text.uxr_create_output_reliable_stream
                0x0800b4ec       0x48 ../micro_ros_stm32cubemx_utils/microros_static_library_ide/libmicroros/libmicroros.a(libmicroxrcedds_client-session.c.obj)
                0x0800b4ec                uxr_create_output_reliable_stream
 .text.uxr_create_input_best_effort_stream
                0x0800b534        0xc ../micro_ros_stm32cubemx_utils/microros_static_library_ide/libmicroros/libmicroros.a(libmicroxrcedds_client-session.c.obj)
                0x0800b534                uxr_create_input_best_effort_stream
 .text.uxr_create_input_reliable_stream
                0x0800b540       0x38 ../micro_ros_stm32cubemx_utils/microros_static_library_ide/libmicroros/libmicroros.a(libmicroxrcedds_client-session.c.obj)
                0x0800b540                uxr_create_input_reliable_stream
 .text.uxr_epoch_nanos
                0x0800b578       0x14 ../micro_ros_stm32cubemx_utils/microros_static_library_ide/libmicroros/libmicroros.a(libmicroxrcedds_client-session.c.obj)
                0x0800b578                uxr_epoch_nanos
 .text.uxr_flash_output_streams
                0x0800b58c       0xe8 ../micro_ros_stm32cubemx_utils/microros_static_library_ide/libmicroros/libmicroros.a(libmicroxrcedds_client-session.c.obj)
                0x0800b58c                uxr_flash_output_streams
 .text.read_submessage_info
                0x0800b674       0x90 ../micro_ros_stm32cubemx_utils/microros_static_library_ide/libmicroros/libmicroros.a(libmicroxrcedds_client-session.c.obj)
                0x0800b674                read_submessage_info
 .text.read_submessage_list
                0x0800b704      0x310 ../micro_ros_stm32cubemx_utils/microros_static_library_ide/libmicroros/libmicroros.a(libmicroxrcedds_client-session.c.obj)
 .text.listen_message_reliably
                0x0800ba14      0x27c ../micro_ros_stm32cubemx_utils/microros_static_library_ide/libmicroros/libmicroros.a(libmicroxrcedds_client-session.c.obj)
 .text.uxr_run_session_until_confirm_delivery
                0x0800bc90       0x4c ../micro_ros_stm32cubemx_utils/microros_static_library_ide/libmicroros/libmicroros.a(libmicroxrcedds_client-session.c.obj)
                0x0800bc90                uxr_run_session_until_confirm_delivery
 .text.uxr_run_session_until_all_status
                0x0800bcdc       0xa4 ../micro_ros_stm32cubemx_utils/microros_static_library_ide/libmicroros/libmicroros.a(libmicroxrcedds_client-session.c.obj)
                0x0800bcdc                uxr_run_session_until_all_status
 .text.uxr_create_session
                0x0800bd80      0x1d8 ../micro_ros_stm32cubemx_utils/microros_static_library_ide/libmicroros/libmicroros.a(libmicroxrcedds_client-session.c.obj)
                0x0800bd80                uxr_create_session
 .text.wait_session_status
                0x0800bf58      0x1ac ../micro_ros_stm32cubemx_utils/microros_static_library_ide/libmicroros/libmicroros.a(libmicroxrcedds_client-session.c.obj)
 .text.uxr_delete_session_retries
                0x0800c104       0x50 ../micro_ros_stm32cubemx_utils/microros_static_library_ide/libmicroros/libmicroros.a(libmicroxrcedds_client-session.c.obj)
                0x0800c104                uxr_delete_session_retries
 .text.uxr_prepare_stream_to_write_submessage
                0x0800c154       0x88 ../micro_ros_stm32cubemx_utils/microros_static_library_ide/libmicroros/libmicroros.a(libmicroxrcedds_client-session.c.obj)
                0x0800c154                uxr_prepare_stream_to_write_submessage
 .text.uxr_init_session_info
                0x0800c1dc       0x24 ../micro_ros_stm32cubemx_utils/microros_static_library_ide/libmicroros/libmicroros.a(libmicroxrcedds_client-session_info.c.obj)
                0x0800c1dc                uxr_init_session_info
 .text.uxr_buffer_create_session
                0x0800c200       0x54 ../micro_ros_stm32cubemx_utils/microros_static_library_ide/libmicroros/libmicroros.a(libmicroxrcedds_client-session_info.c.obj)
                0x0800c200                uxr_buffer_create_session
 .text.uxr_buffer_delete_session
                0x0800c254       0x38 ../micro_ros_stm32cubemx_utils/microros_static_library_ide/libmicroros/libmicroros.a(libmicroxrcedds_client-session_info.c.obj)
                0x0800c254                uxr_buffer_delete_session
 .text.uxr_read_create_session_status
                0x0800c28c       0x18 ../micro_ros_stm32cubemx_utils/microros_static_library_ide/libmicroros/libmicroros.a(libmicroxrcedds_client-session_info.c.obj)
                0x0800c28c                uxr_read_create_session_status
 .text.uxr_read_delete_session_status
                0x0800c2a4       0x3c ../micro_ros_stm32cubemx_utils/microros_static_library_ide/libmicroros/libmicroros.a(libmicroxrcedds_client-session_info.c.obj)
                0x0800c2a4                uxr_read_delete_session_status
 .text.uxr_stamp_create_session_header
                0x0800c2e0       0x28 ../micro_ros_stm32cubemx_utils/microros_static_library_ide/libmicroros/libmicroros.a(libmicroxrcedds_client-session_info.c.obj)
                0x0800c2e0                uxr_stamp_create_session_header
 .text.uxr_stamp_session_header
                0x0800c308       0x2c ../micro_ros_stm32cubemx_utils/microros_static_library_ide/libmicroros/libmicroros.a(libmicroxrcedds_client-session_info.c.obj)
                0x0800c308                uxr_stamp_session_header
 .text.uxr_read_session_header
                0x0800c334       0x84 ../micro_ros_stm32cubemx_utils/microros_static_library_ide/libmicroros/libmicroros.a(libmicroxrcedds_client-session_info.c.obj)
                0x0800c334                uxr_read_session_header
 .text.uxr_session_header_offset
                0x0800c3b8       0x10 ../micro_ros_stm32cubemx_utils/microros_static_library_ide/libmicroros/libmicroros.a(libmicroxrcedds_client-session_info.c.obj)
                0x0800c3b8                uxr_session_header_offset
 .text.uxr_init_base_object_request
                0x0800c3c8       0x3c ../micro_ros_stm32cubemx_utils/microros_static_library_ide/libmicroros/libmicroros.a(libmicroxrcedds_client-session_info.c.obj)
                0x0800c3c8                uxr_init_base_object_request
 .text.uxr_parse_base_object_request
                0x0800c404       0x24 ../micro_ros_stm32cubemx_utils/microros_static_library_ide/libmicroros/libmicroros.a(libmicroxrcedds_client-session_info.c.obj)
                0x0800c404                uxr_parse_base_object_request
 .text.uxr_stream_id
                0x0800c428       0x54 ../micro_ros_stm32cubemx_utils/microros_static_library_ide/libmicroros/libmicroros.a(libmicroxrcedds_client-stream_id.c.obj)
                0x0800c428                uxr_stream_id
 .text.uxr_stream_id_from_raw
                0x0800c47c       0x58 ../micro_ros_stm32cubemx_utils/microros_static_library_ide/libmicroros/libmicroros.a(libmicroxrcedds_client-stream_id.c.obj)
                0x0800c47c                uxr_stream_id_from_raw
 .text.uxr_init_stream_storage
                0x0800c4d4       0x14 ../micro_ros_stm32cubemx_utils/microros_static_library_ide/libmicroros/libmicroros.a(libmicroxrcedds_client-stream_storage.c.obj)
                0x0800c4d4                uxr_init_stream_storage
 .text.uxr_reset_stream_storage
                0x0800c4e8       0x80 ../micro_ros_stm32cubemx_utils/microros_static_library_ide/libmicroros/libmicroros.a(libmicroxrcedds_client-stream_storage.c.obj)
                0x0800c4e8                uxr_reset_stream_storage
 .text.uxr_add_output_best_effort_buffer
                0x0800c568       0x24 ../micro_ros_stm32cubemx_utils/microros_static_library_ide/libmicroros/libmicroros.a(libmicroxrcedds_client-stream_storage.c.obj)
                0x0800c568                uxr_add_output_best_effort_buffer
 .text.uxr_add_output_reliable_buffer
                0x0800c58c       0x34 ../micro_ros_stm32cubemx_utils/microros_static_library_ide/libmicroros/libmicroros.a(libmicroxrcedds_client-stream_storage.c.obj)
                0x0800c58c                uxr_add_output_reliable_buffer
 .text.uxr_add_input_best_effort_buffer
                0x0800c5c0       0x2c ../micro_ros_stm32cubemx_utils/microros_static_library_ide/libmicroros/libmicroros.a(libmicroxrcedds_client-stream_storage.c.obj)
                0x0800c5c0                uxr_add_input_best_effort_buffer
 .text.uxr_add_input_reliable_buffer
                0x0800c5ec       0x30 ../micro_ros_stm32cubemx_utils/microros_static_library_ide/libmicroros/libmicroros.a(libmicroxrcedds_client-stream_storage.c.obj)
                0x0800c5ec                uxr_add_input_reliable_buffer
 .text.uxr_get_output_best_effort_stream
                0x0800c61c       0x10 ../micro_ros_stm32cubemx_utils/microros_static_library_ide/libmicroros/libmicroros.a(libmicroxrcedds_client-stream_storage.c.obj)
                0x0800c61c                uxr_get_output_best_effort_stream
 .text.uxr_get_output_reliable_stream
                0x0800c62c       0x18 ../micro_ros_stm32cubemx_utils/microros_static_library_ide/libmicroros/libmicroros.a(libmicroxrcedds_client-stream_storage.c.obj)
                0x0800c62c                uxr_get_output_reliable_stream
 .text.uxr_get_input_best_effort_stream
                0x0800c644       0x14 ../micro_ros_stm32cubemx_utils/microros_static_library_ide/libmicroros/libmicroros.a(libmicroxrcedds_client-stream_storage.c.obj)
                0x0800c644                uxr_get_input_best_effort_stream
 .text.uxr_get_input_reliable_stream
                0x0800c658       0x18 ../micro_ros_stm32cubemx_utils/microros_static_library_ide/libmicroros/libmicroros.a(libmicroxrcedds_client-stream_storage.c.obj)
                0x0800c658                uxr_get_input_reliable_stream
 .text.uxr_output_streams_confirmed
                0x0800c670       0x2c ../micro_ros_stm32cubemx_utils/microros_static_library_ide/libmicroros/libmicroros.a(libmicroxrcedds_client-stream_storage.c.obj)
                0x0800c670                uxr_output_streams_confirmed
 .text.uxr_buffer_submessage_header
                0x0800c69c       0x34 ../micro_ros_stm32cubemx_utils/microros_static_library_ide/libmicroros/libmicroros.a(libmicroxrcedds_client-submessage.c.obj)
                0x0800c69c                uxr_buffer_submessage_header
 .text.uxr_read_submessage_header
                0x0800c6d0       0x4c ../micro_ros_stm32cubemx_utils/microros_static_library_ide/libmicroros/libmicroros.a(libmicroxrcedds_client-submessage.c.obj)
                0x0800c6d0                uxr_read_submessage_header
 .text.uxr_submessage_padding
                0x0800c71c        0xc ../micro_ros_stm32cubemx_utils/microros_static_library_ide/libmicroros/libmicroros.a(libmicroxrcedds_client-submessage.c.obj)
                0x0800c71c                uxr_submessage_padding
 .text.uxr_millis
                0x0800c728       0x38 ../micro_ros_stm32cubemx_utils/microros_static_library_ide/libmicroros/libmicroros.a(libmicroxrcedds_client-time.c.obj)
                0x0800c728                uxr_millis
 .text.uxr_nanos
                0x0800c760       0x2c ../micro_ros_stm32cubemx_utils/microros_static_library_ide/libmicroros/libmicroros.a(libmicroxrcedds_client-time.c.obj)
                0x0800c760                uxr_nanos
 .text.on_full_output_buffer_fragmented
                0x0800c78c      0x114 ../micro_ros_stm32cubemx_utils/microros_static_library_ide/libmicroros/libmicroros.a(libmicroxrcedds_client-write_access.c.obj)
                0x0800c78c                on_full_output_buffer_fragmented
 .text.uxr_prepare_output_stream
                0x0800c8a0       0x60 ../micro_ros_stm32cubemx_utils/microros_static_library_ide/libmicroros/libmicroros.a(libmicroxrcedds_client-write_access.c.obj)
                0x0800c8a0                uxr_prepare_output_stream
 .text.uxr_prepare_output_stream_fragmented
                0x0800c900      0x198 ../micro_ros_stm32cubemx_utils/microros_static_library_ide/libmicroros/libmicroros.a(libmicroxrcedds_client-write_access.c.obj)
                0x0800c900                uxr_prepare_output_stream_fragmented
 .text.uxr_serialize_message_header
                0x0800ca98       0x3c ../micro_ros_stm32cubemx_utils/microros_static_library_ide/libmicroros/libmicroros.a(libmicroxrcedds_client-xrce_header.c.obj)
                0x0800ca98                uxr_serialize_message_header
 .text.uxr_deserialize_message_header
                0x0800cad4       0x40 ../micro_ros_stm32cubemx_utils/microros_static_library_ide/libmicroros/libmicroros.a(libmicroxrcedds_client-xrce_header.c.obj)
                0x0800cad4                uxr_deserialize_message_header
 .text.uxr_serialize_submessage_header
                0x0800cb14       0x28 ../micro_ros_stm32cubemx_utils/microros_static_library_ide/libmicroros/libmicroros.a(libmicroxrcedds_client-xrce_subheader.c.obj)
                0x0800cb14                uxr_serialize_submessage_header
 .text.uxr_deserialize_submessage_header
                0x0800cb3c       0x28 ../micro_ros_stm32cubemx_utils/microros_static_library_ide/libmicroros/libmicroros.a(libmicroxrcedds_client-xrce_subheader.c.obj)
                0x0800cb3c                uxr_deserialize_submessage_header
 .text.uxr_serialize_CLIENT_Representation
                0x0800cb64       0xb8 ../micro_ros_stm32cubemx_utils/microros_static_library_ide/libmicroros/libmicroros.a(libmicroxrcedds_client-xrce_types.c.obj)
                0x0800cb64                uxr_serialize_CLIENT_Representation
 .text.uxr_deserialize_CLIENT_Representation
                0x0800cc1c       0xd4 ../micro_ros_stm32cubemx_utils/microros_static_library_ide/libmicroros/libmicroros.a(libmicroxrcedds_client-xrce_types.c.obj)
                0x0800cc1c                uxr_deserialize_CLIENT_Representation
 .text.uxr_serialize_AGENT_Representation
                0x0800ccf0       0x98 ../micro_ros_stm32cubemx_utils/microros_static_library_ide/libmicroros/libmicroros.a(libmicroxrcedds_client-xrce_types.c.obj)
                0x0800ccf0                uxr_serialize_AGENT_Representation
 .text.uxr_serialize_ObjectVariant.part.0
                0x0800cd88       0xf8 ../micro_ros_stm32cubemx_utils/microros_static_library_ide/libmicroros/libmicroros.a(libmicroxrcedds_client-xrce_types.c.obj)
 .text.uxr_serialize_OBJK_DomainParticipant_Binary
                0x0800ce80       0x44 ../micro_ros_stm32cubemx_utils/microros_static_library_ide/libmicroros/libmicroros.a(libmicroxrcedds_client-xrce_types.c.obj)
                0x0800ce80                uxr_serialize_OBJK_DomainParticipant_Binary
 .text.uxr_serialize_OBJK_Topic_Binary
                0x0800cec4       0x4c ../micro_ros_stm32cubemx_utils/microros_static_library_ide/libmicroros/libmicroros.a(libmicroxrcedds_client-xrce_types.c.obj)
                0x0800cec4                uxr_serialize_OBJK_Topic_Binary
 .text.uxr_serialize_OBJK_Publisher_Binary_Qos
                0x0800cf10      0x11c ../micro_ros_stm32cubemx_utils/microros_static_library_ide/libmicroros/libmicroros.a(libmicroxrcedds_client-xrce_types.c.obj)
                0x0800cf10                uxr_serialize_OBJK_Publisher_Binary_Qos
 .text.uxr_serialize_OBJK_Publisher_Binary
                0x0800d02c       0x44 ../micro_ros_stm32cubemx_utils/microros_static_library_ide/libmicroros/libmicroros.a(libmicroxrcedds_client-xrce_types.c.obj)
                0x0800d02c                uxr_serialize_OBJK_Publisher_Binary
 .text.uxr_serialize_OBJK_Endpoint_QosBinary
                0x0800d070       0xa8 ../micro_ros_stm32cubemx_utils/microros_static_library_ide/libmicroros/libmicroros.a(libmicroxrcedds_client-xrce_types.c.obj)
                0x0800d070                uxr_serialize_OBJK_Endpoint_QosBinary
 .text.uxr_serialize_OBJK_DataWriter_Binary
                0x0800d118       0x58 ../micro_ros_stm32cubemx_utils/microros_static_library_ide/libmicroros/libmicroros.a(libmicroxrcedds_client-xrce_types.c.obj)
                0x0800d118                uxr_serialize_OBJK_DataWriter_Binary
 .text.uxr_deserialize_ObjectVariant
                0x0800d170      0x15c ../micro_ros_stm32cubemx_utils/microros_static_library_ide/libmicroros/libmicroros.a(libmicroxrcedds_client-xrce_types.c.obj)
                0x0800d170                uxr_deserialize_ObjectVariant
 .text.uxr_deserialize_BaseObjectRequest
                0x0800d2cc       0x20 ../micro_ros_stm32cubemx_utils/microros_static_library_ide/libmicroros/libmicroros.a(libmicroxrcedds_client-xrce_types.c.obj)
                0x0800d2cc                uxr_deserialize_BaseObjectRequest
 .text.uxr_serialize_AGENT_ActivityInfo
                0x0800d2ec      0x110 ../micro_ros_stm32cubemx_utils/microros_static_library_ide/libmicroros/libmicroros.a(libmicroxrcedds_client-xrce_types.c.obj)
                0x0800d2ec                uxr_serialize_AGENT_ActivityInfo
 .text.uxr_serialize_ActivityInfoVariant
                0x0800d3fc       0x58 ../micro_ros_stm32cubemx_utils/microros_static_library_ide/libmicroros/libmicroros.a(libmicroxrcedds_client-xrce_types.c.obj)
                0x0800d3fc                uxr_serialize_ActivityInfoVariant
 .text.uxr_deserialize_BaseObjectReply
                0x0800d454       0x3c ../micro_ros_stm32cubemx_utils/microros_static_library_ide/libmicroros/libmicroros.a(libmicroxrcedds_client-xrce_types.c.obj)
                0x0800d454                uxr_deserialize_BaseObjectReply
 .text.uxr_serialize_ReadSpecification
                0x0800d490       0x84 ../micro_ros_stm32cubemx_utils/microros_static_library_ide/libmicroros/libmicroros.a(libmicroxrcedds_client-xrce_types.c.obj)
                0x0800d490                uxr_serialize_ReadSpecification
 .text.uxr_serialize_CREATE_CLIENT_Payload