Archive member included to satisfy reference by file (symbol)

../micro_ros_stm32cubemx_utils/microros_static_library_ide/libmicroros/libmicroros.a(librclc-executor.c.obj)
                              ./Core/Src/main.o (rclc_executor_init)
../micro_ros_stm32cubemx_utils/microros_static_library_ide/libmicroros/libmicroros.a(librclc-executor_handle.c.obj)
                              ../micro_ros_stm32cubemx_utils/microros_static_library_ide/libmicroros/libmicroros.a(librclc-executor.c.obj) (rclc_executor_handle_counters_zero_init)
../micro_ros_stm32cubemx_utils/microros_static_library_ide/libmicroros/libmicroros.a(librclc-init.c.obj)
                              ./Core/Src/main.o (rclc_support_init)
../micro_ros_stm32cubemx_utils/microros_static_library_ide/libmicroros/libmicroros.a(librclc-node.c.obj)
                              ./Core/Src/main.o (rclc_node_init_default)
../micro_ros_stm32cubemx_utils/microros_static_library_ide/libmicroros/libmicroros.a(librclc-sleep.c.obj)
                              ../micro_ros_stm32cubemx_utils/microros_static_library_ide/libmicroros/libmicroros.a(librclc-executor.c.obj) (rclc_sleep_ms)
../micro_ros_stm32cubemx_utils/microros_static_library_ide/libmicroros/libmicroros.a(librclc-subscription.c.obj)
                              ./Core/Src/main.o (rclc_subscription_init_default)
../micro_ros_stm32cubemx_utils/microros_static_library_ide/libmicroros/libmicroros.a(librcutils-allocator.c.obj)
                              ./Core/Src/main.o (rcutils_get_zero_initialized_allocator)
../micro_ros_stm32cubemx_utils/microros_static_library_ide/libmicroros/libmicroros.a(librcutils-error_handling.c.obj)
                              ../micro_ros_stm32cubemx_utils/microros_static_library_ide/libmicroros/libmicroros.a(librclc-executor.c.obj) (rcutils_reset_error)
../micro_ros_stm32cubemx_utils/microros_static_library_ide/libmicroros/libmicroros.a(librcutils-time_unix.c.obj)
                              ../micro_ros_stm32cubemx_utils/microros_static_library_ide/libmicroros/libmicroros.a(librclc-executor.c.obj) (rcutils_system_time_now)
../micro_ros_stm32cubemx_utils/microros_static_library_ide/libmicroros/libmicroros.a(librmw_microxrcedds-custom_transport.c.obj)
                              ./Core/Src/main.o (rmw_uros_set_custom_transport)
../micro_ros_stm32cubemx_utils/microros_static_library_ide/libmicroros/libmicroros.a(librover_msgs__rosidl_typesupport_c-controller_msg__type_support.cpp.obj)
                              ./Core/Src/main.o (rosidl_typesupport_c__get_message_type_support_handle__rover_msgs__msg__ControllerMsg)
../micro_ros_stm32cubemx_utils/microros_static_library_ide/libmicroros/libmicroros.a(librover_msgs__rosidl_typesupport_c-encoder_msg__type_support.cpp.obj)
                              ./Core/Src/main.o (rosidl_typesupport_c__get_message_type_support_handle__rover_msgs__msg__EncoderMsg)
../micro_ros_stm32cubemx_utils/microros_static_library_ide/libmicroros/libmicroros.a(librover_msgs__rosidl_typesupport_microxrcedds_c-controller_msg__type_support_c.c.obj)
                              ../micro_ros_stm32cubemx_utils/microros_static_library_ide/libmicroros/libmicroros.a(librover_msgs__rosidl_typesupport_c-controller_msg__type_support.cpp.obj) (rosidl_typesupport_microxrcedds_c__get_message_type_support_handle__rover_msgs__msg__ControllerMsg)
../micro_ros_stm32cubemx_utils/microros_static_library_ide/libmicroros/libmicroros.a(librover_msgs__rosidl_typesupport_microxrcedds_c-encoder_msg__type_support_c.c.obj)
                              ../micro_ros_stm32cubemx_utils/microros_static_library_ide/libmicroros/libmicroros.a(librover_msgs__rosidl_typesupport_c-encoder_msg__type_support.cpp.obj) (rosidl_typesupport_microxrcedds_c__get_message_type_support_handle__rover_msgs__msg__EncoderMsg)
../micro_ros_stm32cubemx_utils/microros_static_library_ide/libmicroros/libmicroros.a(libmicrocdr-basic.c.obj)
                              ../micro_ros_stm32cubemx_utils/microros_static_library_ide/libmicroros/libmicroros.a(librover_msgs__rosidl_typesupport_microxrcedds_c-controller_msg__type_support_c.c.obj) (ucdr_serialize_int8_t)
../micro_ros_stm32cubemx_utils/microros_static_library_ide/libmicroros/libmicroros.a(libmicrocdr-common.c.obj)
                              ../micro_ros_stm32cubemx_utils/microros_static_library_ide/libmicroros/libmicroros.a(libmicrocdr-basic.c.obj) (ucdr_check_buffer_available_for)
../micro_ros_stm32cubemx_utils/microros_static_library_ide/libmicroros/libmicroros.a(librcl-client.c.obj)
                              ../micro_ros_stm32cubemx_utils/microros_static_library_ide/libmicroros/libmicroros.a(librclc-executor.c.obj) (rcl_take_response)
../micro_ros_stm32cubemx_utils/microros_static_library_ide/libmicroros/libmicroros.a(librcl-context.c.obj)
                              ../micro_ros_stm32cubemx_utils/microros_static_library_ide/libmicroros/libmicroros.a(librclc-init.c.obj) (rcl_get_zero_initialized_context)
[...]
Memory Configuration

Name             Origin             Length             Attributes
RAM              0x20000000         0x00018000         xrw
FLASH            0x08000000         0x00080000         xr
*default*        0x00000000         0xffffffff

Linker script and memory map

LOAD /opt/st/stm32cubeide_1.17.0/plugins/com.st.stm32cube.ide.mcu.externaltools.gnu-tools-for-stm32.12.3.rel1.linux64_1.1.0.202410170702/tools/bin/../lib/gcc/arm-none-eabi/12.3.1/thumb/v7e-m+fp/hard/crti.o
LOAD /opt/st/stm32cubeide_1.17.0/plugins/com.st.stm32cube.ide.mcu.externaltools.gnu-tools-for-stm32.12.3.rel1.linux64_1.1.0.202410170702/tools/bin/../lib/gcc/arm-none-eabi/12.3.1/thumb/v7e-m+fp/hard/crtbegin.o
LOAD /opt/st/stm32cubeide_1.17.0/plugins/com.st.stm32cube.ide.mcu.externaltools.gnu-tools-for-stm32.12.3.rel1.linux64_1.1.0.202410170702/tools/bin/../lib/gcc/arm-none-eabi/12.3.1/../../../../arm-none-eabi/lib/thumb/v7e-m+fp/hard/crt0.o
LOAD ./Core/Src/custom_memory_manager.o
LOAD ./Core/Src/freertos.o
LOAD ./Core/Src/main.o
LOAD ./Core/Src/microros_allocators.o
LOAD ./Core/Src/microros_time.o
LOAD ./Core/Src/stm32f4xx_hal_msp.o
LOAD ./Core/Src/stm32f4xx_it.o
LOAD ./Core/Src/syscalls.o
LOAD ./Core/Src/sysmem.o
LOAD ./Core/Src/system_stm32f4xx.o
LOAD ./Core/Src/microros_transports/dma_transport.o
LOAD ./Core/Startup/startup_stm32f401retx.o
LOAD ./Drivers/STM32F4xx_HAL_Driver/Src/stm32f4xx_hal.o
LOAD ./Drivers/STM32F4xx_HAL_Driver/Src/stm32f4xx_hal_cortex.o
LOAD ./Drivers/STM32F4xx_HAL_Driver/Src/stm32f4xx_hal_dma.o
LOAD ./Drivers/STM32F4xx_HAL_Driver/Src/stm32f4xx_hal_dma_ex.o
LOAD ./Drivers/STM32F4xx_HAL_Driver/Src/stm32f4xx_hal_exti.o
LOAD ./Drivers/STM32F4xx_HAL_Driver/Src/stm32f4xx_hal_flash.o
LOAD ./Drivers/STM32F4xx_HAL_Driver/Src/stm32f4xx_hal_flash_ex.o
LOAD ./Drivers/STM32F4xx_HAL_Driver/Src/stm32f4xx_hal_flash_ramfunc.o
LOAD ./Drivers/STM32F4xx_HAL_Driver/Src/stm32f4xx_hal_gpio.o
LOAD ./Drivers/STM32F4xx_HAL_Driver/Src/stm32f4xx_hal_pwr.o
LOAD ./Drivers/STM32F4xx_HAL_Driver/Src/stm32f4xx_hal_pwr_ex.o
LOAD ./Drivers/STM32F4xx_HAL_Driver/Src/stm32f4xx_hal_rcc.o
LOAD ./Drivers/STM32F4xx_HAL_Driver/Src/stm32f4xx_hal_rcc_ex.o
LOAD ./Drivers/STM32F4xx_HAL_Driver/Src/stm32f4xx_hal_tim.o
LOAD ./Drivers/STM32F4xx_HAL_Driver/Src/stm32f4xx_hal_tim_ex.o
LOAD ./Drivers/STM32F4xx_HAL_Driver/Src/stm32f4xx_hal_uart.o
LOAD ./Middlewares/Third_Party/FreeRTOS/Source/CMSIS_RTOS_V2/cmsis_os2.o
LOAD ./Middlewares/Third_Party/FreeRTOS/Source/croutine.o
LOAD ./Middlewares/Third_Party/FreeRTOS/Source/event_groups.o
LOAD ./Middlewares/Third_Party/FreeRTOS/Source/list.o
LOAD ./Middlewares/Third_Party/FreeRTOS/Source/queue.o
LOAD ./Middlewares/Third_Party/FreeRTOS/Source/stream_buffer.o
LOAD ./Middlewares/Third_Party/FreeRTOS/Source/tasks.o
LOAD ./Middlewares/Third_Party/FreeRTOS/Source/timers.o
LOAD ./Middlewares/Third_Party/FreeRTOS/Source/portable/GCC/ARM_CM4F/port.o
LOAD ./Middlewares/Third_Party/FreeRTOS/Source/portable/MemMang/heap_4.o
LOAD ../micro_ros_stm32cubemx_utils/microros_static_library_ide/libmicroros/libmicroros.a
START GROUP
LOAD /opt/st/stm32cubeide_1.17.0/plugins/com.st.stm32cube.ide.mcu.externaltools.gnu-tools-for-stm32.12.3.rel1.linux64_1.1.0.202410170702/tools/bin/../lib/gcc/arm-none-eabi/12.3.1/../../../../arm-none-eabi/lib/thumb/v7e-m+fp/hard/libc_nano.a
LOAD /opt/st/stm32cubeide_1.17.0/plugins/com.st.stm32cube.ide.mcu.externaltools.gnu-tools-for-stm32.12.3.rel1.linux64_1.1.0.202410170702/tools/bin/../lib/gcc/arm-none-eabi/12.3.1/../../../../arm-none-eabi/lib/thumb/v7e-m+fp/hard/libm.a
END GROUP
START GROUP
LOAD /opt/st/stm32cubeide_1.17.0/plugins/com.st.stm32cube.ide.mcu.externaltools.gnu-tools-for-stm32.12.3.rel1.linux64_1.1.0.202410170702/tools/bin/../lib/gcc/arm-none-eabi/12.3.1/thumb/v7e-m+fp/hard/libgcc.a
LOAD /opt/st/stm32cubeide_1.17.0/plugins/com.st.stm32cube.ide.mcu.externaltools.gnu-tools-for-stm32.12.3.rel1.linux64_1.1.0.202410170702/tools/bin/../lib/gcc/arm-none-eabi/12.3.1/../../../../arm-none-eabi/lib/thumb/v7e-m+fp/hard/libc_nano.a
END GROUP
START GROUP
LOAD /opt/st/stm32cubeide_1.17.0/plugins/com.st.stm32cube.ide.mcu.externaltools.gnu-tools-for-stm32.12.3.rel1.linux64_1.1.0.202410170702/tools/bin/../lib/gcc/arm-none-eabi/12.3.1/thumb/v7e-m+fp/hard/libgcc.a
LOAD /opt/st/stm32cubeide_1.17.0/plugins/com.st.stm32cube.ide.mcu.externaltools.gnu-tools-for-stm32.12.3.rel1.linux64_1.1.0.202410170702/tools/bin/../lib/gcc/arm-none-eabi/12.3.1/../../../../arm-none-eabi/lib/thumb/v7e-m+fp/hard/libc_nano.a
LOAD /opt/st/stm32cubeide_1.17.0/plugins/com.st.stm32cube.ide.mcu.externaltools.gnu-tools-for-stm32.12.3.rel1.linux64_1.1.0.202410170702/tools/bin/../lib/gcc/arm-none-eabi/12.3.1/../../../../arm-none-eabi/lib/thumb/v7e-m+fp/hard/libnosys.a
END GROUP
START GROUP
LOAD /opt/st/stm32cubeide_1.17.0/plugins/com.st.stm32cube.ide.mcu.externaltools.gnu-tools-for-stm32.12.3.rel1.linux64_1.1.0.202410170702/tools/bin/../lib/gcc/arm-none-eabi/12.3.1/thumb/v7e-m+fp/hard/libgcc.a
LOAD /opt/st/stm32cubeide_1.17.0/plugins/com.st.stm32cube.ide.mcu.externaltools.gnu-tools-for-stm32.12.3.rel1.linux64_1.1.0.202410170702/tools/bin/../lib/gcc/arm-none-eabi/12.3.1/../../../../arm-none-eabi/lib/thumb/v7e-m+fp/hard/libc_nano.a
LOAD /opt/st/stm32cubeide_1.17.0/plugins/com.st.stm32cube.ide.mcu.externaltools.gnu-tools-for-stm32.12.3.rel1.linux64_1.1.0.202410170702/tools/bin/../lib/gcc/arm-none-eabi/12.3.1/../../../../arm-none-eabi/lib/thumb/v7e-m+fp/hard/libnosys.a
END GROUP
LOAD /opt/st/stm32cubeide_1.17.0/plugins/com.st.stm32cube.ide.mcu.externaltools.gnu-tools-for-stm32.12.3.rel1.linux64_1.1.0.202410170702/tools/bin/../lib/gcc/arm-none-eabi/12.3.1/thumb/v7e-m+fp/hard/crtend.o
LOAD /opt/st/stm32cubeide_1.17.0/plugins/com.st.stm32cube.ide.mcu.externaltools.gnu-tools-for-stm32.12.3.rel1.linux64_1.1.0.202410170702/tools/bin/../lib/gcc/arm-none-eabi/12.3.1/thumb/v7e-m+fp/hard/crtn.o
                0x20018000                        _estack = (ORIGIN (RAM) + LENGTH (RAM))
                0x00000200                        _Min_Heap_Size = 0x200
                0x00000400                        _Min_Stack_Size = 0x400

.isr_vector     0x08000000      0x194
                0x08000000                        . = ALIGN (0x4)
 *(.isr_vector)
 .isr_vector    0x08000000      0x194 ./Core/Startup/startup_stm32f401retx.o
                0x08000000                g_pfnVectors
                0x08000194                        . = ALIGN (0x4)

.text           0x080001a0    0x152e0
                0x080001a0                        . = ALIGN (0x4)
 *(.text)
 .text          0x080001a0       0x40 /opt/st/stm32cubeide_1.17.0/plugins/com.st.stm32cube.ide.mcu.externaltools.gnu-tools-for-stm32.12.3.rel1.linux64_1.1.0.202410170702/tools/bin/../lib/gcc/arm-none-eabi/12.3.1/thumb/v7e-m+fp/hard/crtbegin.o
 .text          0x080001e0       0x14 /opt/st/stm32cubeide_1.17.0/plugins/com.st.stm32cube.ide.mcu.externaltools.gnu-tools-for-stm32.12.3.rel1.linux64_1.1.0.202410170702/tools/bin/../lib/gcc/arm-none-eabi/12.3.1/../../../../arm-none-eabi/lib/thumb/v7e-m+fp/hard/libc_nano.a(libc_a-strcmp.o)
                0x080001e0                strcmp
 .text          0x080001f4       0x10 /opt/st/stm32cubeide_1.17.0/plugins/com.st.stm32cube.ide.mcu.externaltools.gnu-tools-for-stm32.12.3.rel1.linux64_1.1.0.202410170702/tools/bin/../lib/gcc/arm-none-eabi/12.3.1/../../../../arm-none-eabi/lib/thumb/v7e-m+fp/hard/libc_nano.a(libc_a-strlen.o)
                0x080001f4                strlen
 *fill*         0x08000204        0xc 
 .text          0x08000210       0xa0 /opt/st/stm32cubeide_1.17.0/plugins/com.st.stm32cube.ide.mcu.externaltools.gnu-tools-for-stm32.12.3.rel1.linux64_1.1.0.202410170702/tools/bin/../lib/gcc/arm-none-eabi/12.3.1/../../../../arm-none-eabi/lib/thumb/v7e-m+fp/hard/libc_nano.a(libc_a-memchr.o)
                0x08000210                memchr
 .text          0x080002b0      0x378 /opt/st/stm32cubeide_1.17.0/plugins/com.st.stm32cube.ide.mcu.externaltools.gnu-tools-for-stm32.12.3.rel1.linux64_1.1.0.202410170702/tools/bin/../lib/gcc/arm-none-eabi/12.3.1/thumb/v7e-m+fp/hard/libgcc.a(_arm_addsubdf3.o)
                0x080002b0                __aeabi_drsub
                0x080002b8                __aeabi_dsub
                0x080002b8                __subdf3
                0x080002bc                __adddf3
                0x080002bc                __aeabi_dadd
                0x08000534                __aeabi_ui2d
                0x08000534                __floatunsidf
                0x08000554                __floatsidf
                0x08000554                __aeabi_i2d
                0x08000578                __extendsfdf2
                0x08000578                __aeabi_f2d
                0x080005bc                __aeabi_ul2d
                0x080005bc                __floatundidf
                0x080005cc                __floatdidf
                0x080005cc                __aeabi_l2d
 .text          0x08000628       0x40 /opt/st/stm32cubeide_1.17.0/plugins/com.st.stm32cube.ide.mcu.externaltools.gnu-tools-for-stm32.12.3.rel1.linux64_1.1.0.202410170702/tools/bin/../lib/gcc/arm-none-eabi/12.3.1/thumb/v7e-m+fp/hard/libgcc.a(_arm_fixunsdfsi.o)
                0x08000628                __fixunsdfsi
                0x08000628                __aeabi_d2uiz
 .text          0x08000668       0xa0 /opt/st/stm32cubeide_1.17.0/plugins/com.st.stm32cube.ide.mcu.externaltools.gnu-tools-for-stm32.12.3.rel1.linux64_1.1.0.202410170702/tools/bin/../lib/gcc/arm-none-eabi/12.3.1/thumb/v7e-m+fp/hard/libgcc.a(_aeabi_ldivmod.o)
                0x08000668                __aeabi_ldivmod
 .text          0x08000708       0x30 /opt/st/stm32cubeide_1.17.0/plugins/com.st.stm32cube.ide.mcu.externaltools.gnu-tools-for-stm32.12.3.rel1.linux64_1.1.0.202410170702/tools/bin/../lib/gcc/arm-none-eabi/12.3.1/thumb/v7e-m+fp/hard/libgcc.a(_aeabi_uldivmod.o)
                0x08000708                __aeabi_uldivmod
 .text          0x08000738      0x2bc /opt/st/stm32cubeide_1.17.0/plugins/com.st.stm32cube.ide.mcu.externaltools.gnu-tools-for-stm32.12.3.rel1.linux64_1.1.0.202410170702/tools/bin/../lib/gcc/arm-none-eabi/12.3.1/thumb/v7e-m+fp/hard/libgcc.a(_udivmoddi4.o)
                0x08000738                __udivmoddi4
 .text          0x080009f4        0x4 /opt/st/stm32cubeide_1.17.0/plugins/com.st.stm32cube.ide.mcu.externaltools.gnu-tools-for-stm32.12.3.rel1.linux64_1.1.0.202410170702/tools/bin/../lib/gcc/arm-none-eabi/12.3.1/thumb/v7e-m+fp/hard/libgcc.a(_dvmd_tls.o)
                0x080009f4                __aeabi_ldiv0
                0x080009f4                __aeabi_idiv0
 *(.text*)
 .text.pvPortMallocMicroROS
                0x080009f8      0x190 ./Core/Src/custom_memory_manager.o
                0x080009f8                pvPortMallocMicroROS
 .text.vPortFreeMicroROS
                0x08000b88       0xb8 ./Core/Src/custom_memory_manager.o
                0x08000b88                vPortFreeMicroROS
 .text.getBlockSize
                0x08000c40       0x3c ./Core/Src/custom_memory_manager.o
                0x08000c40                getBlockSize
 .text.pvPortReallocMicroROS
                0x08000c7c       0x5a ./Core/Src/custom_memory_manager.o
                0x08000c7c                pvPortReallocMicroROS
 .text.pvPortCallocMicroROS
                0x08000cd6       0x48 ./Core/Src/custom_memory_manager.o
                0x08000cd6                pvPortCallocMicroROS
 *fill*         0x08000d1e        0x2 
 .text.prvHeapInit
                0x08000d20       0xc4 ./Core/Src/custom_memory_manager.o
 .text.prvInsertBlockIntoFreeList
                0x08000de4       0xb4 ./Core/Src/custom_memory_manager.o
 .text.main     0x08000e98       0x70 ./Core/Src/main.o
                0x08000e98                main
 .text.SystemClock_Config
                0x08000f08       0xd8 ./Core/Src/main.o
                0x08000f08                SystemClock_Config
 .text.MX_TIM1_Init
                0x08000fe0      0x1a8 ./Core/Src/main.o
 .text.MX_TIM2_Init
                0x08001188      0x128 ./Core/Src/main.o
 .text.MX_TIM3_Init
                0x080012b0      0x150 ./Core/Src/main.o
 .text.MX_USART2_UART_Init
                0x08001400       0x54 ./Core/Src/main.o
 .text.MX_DMA_Init
                0x08001454       0x50 ./Core/Src/main.o
 .text.MX_GPIO_Init
                0x080014a4       0xdc ./Core/Src/main.o
 .text.SetServoPosition
                0x08001580       0xaa ./Core/Src/main.o
                0x08001580                SetServoPosition
 *fill*         0x0800162a        0x2 
 .text.KameraKontrol
                0x0800162c       0xf0 ./Core/Src/main.o
                0x0800162c                KameraKontrol
 .text.speedToPWM
                0x0800171c       0x20 ./Core/Src/main.o
                0x0800171c                speedToPWM
 .text.setPWM   0x0800173c      0x314 ./Core/Src/main.o
                0x0800173c                setPWM
 .text.calculatePID
                0x08001a50      0x1ac ./Core/Src/main.o
                0x08001a50                calculatePID
 .text.limitSpeedToPWM
                0x08001bfc       0xf8 ./Core/Src/main.o
                0x08001bfc                limitSpeedToPWM
 .text.controlWheel
                0x08001cf4       0x80 ./Core/Src/main.o
                0x08001cf4                controlWheel
 .text.controlDirection
                0x08001d74       0x54 ./Core/Src/main.o
                0x08001d74                controlDirection
 .text.controlRover
                0x08001dc8       0xe4 ./Core/Src/main.o
                0x08001dc8                controlRover
 .text.subscription_callback_encoder
                0x08001eac       0xb4 ./Core/Src/main.o
                0x08001eac                subscription_callback_encoder
 .text.subscription_callback_controller
                0x08001f60      0x118 ./Core/Src/main.o
                0x08001f60                subscription_callback_controller
 .text.StartDefaultTask
                0x08002078      0x1d4 ./Core/Src/main.o
                0x08002078                StartDefaultTask
 .text.Error_Handler
                0x0800224c        0x8 ./Core/Src/main.o
                0x0800224c                Error_Handler
 .text.microros_allocate
                0x08002254       0x44 ./Core/Src/microros_allocators.o
                0x08002254                microros_allocate
 .text.microros_deallocate
                0x08002298       0x38 ./Core/Src/microros_allocators.o
                0x08002298                microros_deallocate
 .text.microros_reallocate
                0x080022d0       0x6c ./Core/Src/microros_allocators.o
                0x080022d0                microros_reallocate
 .text.microros_zero_allocate
                0x0800233c       0x50 ./Core/Src/microros_allocators.o
                0x0800233c                microros_zero_allocate
 *fill*         0x0800238c        0x4 
 .text.UTILS_NanosecondsToTimespec
                0x08002390       0xa0 ./Core/Src/microros_time.o
                0x08002390                UTILS_NanosecondsToTimespec
 .text.clock_gettime
                0x08002430       0xee ./Core/Src/microros_time.o
                0x08002430                clock_gettime
 *fill*         0x0800251e        0x2 
 .text.HAL_MspInit
                0x08002520       0x58 ./Core/Src/stm32f4xx_hal_msp.o
                0x08002520                HAL_MspInit
 .text.HAL_TIM_Base_MspInit
                0x08002578       0x98 ./Core/Src/stm32f4xx_hal_msp.o
                0x08002578                HAL_TIM_Base_MspInit
 .text.HAL_TIM_MspPostInit
                0x08002610      0x188 ./Core/Src/stm32f4xx_hal_msp.o
                0x08002610                HAL_TIM_MspPostInit
 .text.HAL_UART_MspInit
                0x08002798      0x170 ./Core/Src/stm32f4xx_hal_msp.o
                0x08002798                HAL_UART_MspInit
 .text.NMI_Handler
                0x08002908        0x8 ./Core/Src/stm32f4xx_it.o
                0x08002908                NMI_Handler
 .text.HardFault_Handler
                0x08002910        0x8 ./Core/Src/stm32f4xx_it.o
                0x08002910                HardFault_Handler
 .text.MemManage_Handler
                0x08002918        0x8 ./Core/Src/stm32f4xx_it.o
                0x08002918                MemManage_Handler
 .text.BusFault_Handler
                0x08002920        0x8 ./Core/Src/stm32f4xx_it.o
                0x08002920                BusFault_Handler
 .text.UsageFault_Handler
                0x08002928        0x8 ./Core/Src/stm32f4xx_it.o
                0x08002928                UsageFault_Handler
 .text.DebugMon_Handler
                0x08002930        0xe ./Core/Src/stm32f4xx_it.o
                0x08002930                DebugMon_Handler
 .text.SysTick_Handler
                0x0800293e       0x1a ./Core/Src/stm32f4xx_it.o
                0x0800293e                SysTick_Handler
 .text.DMA1_Stream5_IRQHandler
                0x08002958       0x14 ./Core/Src/stm32f4xx_it.o
                0x08002958                DMA1_Stream5_IRQHandler
 .text.DMA1_Stream6_IRQHandler
                0x0800296c       0x14 ./Core/Src/stm32f4xx_it.o
                0x0800296c                DMA1_Stream6_IRQHandler
 .text.USART2_IRQHandler
                0x08002980       0x14 ./Core/Src/stm32f4xx_it.o
                0x08002980                USART2_IRQHandler
 .text._getpid  0x08002994       0x10 ./Core/Src/syscalls.o
                0x08002994                _getpid
 .text._kill    0x080029a4       0x20 ./Core/Src/syscalls.o
                0x080029a4                _kill
 .text._exit    0x080029c4       0x16 ./Core/Src/syscalls.o
                0x080029c4                _exit
 .text._read    0x080029da       0x3a ./Core/Src/syscalls.o
                0x080029da                _read
 .text._write   0x08002a14       0x38 ./Core/Src/syscalls.o
                0x08002a14                _write
 .text._close   0x08002a4c       0x18 ./Core/Src/syscalls.o
                0x08002a4c                _close
 .text._fstat   0x08002a64       0x20 ./Core/Src/syscalls.o
                0x08002a64                _fstat
 .text._isatty  0x08002a84       0x16 ./Core/Src/syscalls.o
                0x08002a84                _isatty
 .text._lseek   0x08002a9a       0x1a ./Core/Src/syscalls.o
                0x08002a9a                _lseek
 .text._sbrk    0x08002ab4       0x6c ./Core/Src/sysmem.o
                0x08002ab4                _sbrk
 .text.SystemInit
                0x08002b20       0x24 ./Core/Src/system_stm32f4xx.o
                0x08002b20                SystemInit
 .text.cubemx_transport_open
                0x08002b44       0x2c ./Core/Src/microros_transports/dma_transport.o
                0x08002b44                cubemx_transport_open
 .text.cubemx_transport_close
                0x08002b70       0x20 ./Core/Src/microros_transports/dma_transport.o
                0x08002b70                cubemx_transport_close
 .text.cubemx_transport_write
                0x08002b90       0x66 ./Core/Src/microros_transports/dma_transport.o
                0x08002b90                cubemx_transport_write
 *fill*         0x08002bf6        0x2 
 .text.cubemx_transport_read
                0x08002bf8       0xa8 ./Core/Src/microros_transports/dma_transport.o
                0x08002bf8                cubemx_transport_read
 .text.Reset_Handler
                0x08002ca0       0x50 ./Core/Startup/startup_stm32f401retx.o
                0x08002ca0                Reset_Handler
 .text.Default_Handler
                0x08002cf0        0x2 ./Core/Startup/startup_stm32f401retx.o
                0x08002cf0                RTC_Alarm_IRQHandler
                0x08002cf0                EXTI2_IRQHandler
                0x08002cf0                SPI4_IRQHandler
                0x08002cf0                TIM1_CC_IRQHandler
                0x08002cf0                DMA2_Stream5_IRQHandler
                0x08002cf0                PVD_IRQHandler
                0x08002cf0                SDIO_IRQHandler
                0x08002cf0                TAMP_STAMP_IRQHandler
                0x08002cf0                EXTI3_IRQHandler
                0x08002cf0                TIM1_UP_TIM10_IRQHandler
                0x08002cf0                I2C3_ER_IRQHandler
                0x08002cf0                EXTI0_IRQHandler
                0x08002cf0                I2C2_EV_IRQHandler
                0x08002cf0                DMA1_Stream2_IRQHandler
                0x08002cf0                FPU_IRQHandler
                0x08002cf0                DMA2_Stream2_IRQHandler
                0x08002cf0                SPI1_IRQHandler
                0x08002cf0                TIM1_BRK_TIM9_IRQHandler
                0x08002cf0                DMA2_Stream3_IRQHandler
                0x08002cf0                USART6_IRQHandler
                0x08002cf0                DMA2_Stream0_IRQHandler
                0x08002cf0                TIM4_IRQHandler
                0x08002cf0                I2C1_EV_IRQHandler
                0x08002cf0                DMA1_Stream1_IRQHandler
                0x08002cf0                TIM3_IRQHandler
                0x08002cf0                RCC_IRQHandler
                0x08002cf0                Default_Handler
                0x08002cf0                EXTI15_10_IRQHandler
                0x08002cf0                ADC_IRQHandler
                0x08002cf0                DMA1_Stream7_IRQHandler
                0x08002cf0                TIM5_IRQHandler
                0x08002cf0                DMA2_Stream7_IRQHandler
                0x08002cf0                I2C3_EV_IRQHandler
                0x08002cf0                EXTI9_5_IRQHandler
                0x08002cf0                RTC_WKUP_IRQHandler
                0x08002cf0                SPI2_IRQHandler
                0x08002cf0                DMA1_Stream0_IRQHandler
                0x08002cf0                EXTI4_IRQHandler
                0x08002cf0                WWDG_IRQHandler
                0x08002cf0                TIM2_IRQHandler
                0x08002cf0                OTG_FS_WKUP_IRQHandler
                0x08002cf0                TIM1_TRG_COM_TIM11_IRQHandler
                0x08002cf0                EXTI1_IRQHandler
                0x08002cf0                I2C2_ER_IRQHandler
                0x08002cf0                DMA2_Stream1_IRQHandler
                0x08002cf0                FLASH_IRQHandler
                0x08002cf0                DMA2_Stream4_IRQHandler
                0x08002cf0                USART1_IRQHandler
                0x08002cf0                OTG_FS_IRQHandler
                0x08002cf0                SPI3_IRQHandler
                0x08002cf0                DMA1_Stream4_IRQHandler
                0x08002cf0                I2C1_ER_IRQHandler
                0x08002cf0                DMA2_Stream6_IRQHandler
                0x08002cf0                DMA1_Stream3_IRQHandler
 *fill*         0x08002cf2        0x2 
 .text.HAL_Init
                0x08002cf4       0x44 ./Drivers/STM32F4xx_HAL_Driver/Src/stm32f4xx_hal.o
                0x08002cf4                HAL_Init
 .text.HAL_InitTick
                0x08002d38       0x60 ./Drivers/STM32F4xx_HAL_Driver/Src/stm32f4xx_hal.o
                0x08002d38                HAL_InitTick
 .text.HAL_IncTick
                0x08002d98       0x28 ./Drivers/STM32F4xx_HAL_Driver/Src/stm32f4xx_hal.o
                0x08002d98                HAL_IncTick
 .text.HAL_GetTick
                0x08002dc0       0x18 ./Drivers/STM32F4xx_HAL_Driver/Src/stm32f4xx_hal.o
                0x08002dc0                HAL_GetTick
 .text.__NVIC_SetPriorityGrouping
                0x08002dd8       0x48 ./Drivers/STM32F4xx_HAL_Driver/Src/stm32f4xx_hal_cortex.o
 .text.__NVIC_GetPriorityGrouping
                0x08002e20       0x1c ./Drivers/STM32F4xx_HAL_Driver/Src/stm32f4xx_hal_cortex.o
 .text.__NVIC_EnableIRQ
                0x08002e3c       0x3c ./Drivers/STM32F4xx_HAL_Driver/Src/stm32f4xx_hal_cortex.o
 .text.__NVIC_SetPriority
                0x08002e78       0x54 ./Drivers/STM32F4xx_HAL_Driver/Src/stm32f4xx_hal_cortex.o
 .text.NVIC_EncodePriority
                0x08002ecc       0x66 ./Drivers/STM32F4xx_HAL_Driver/Src/stm32f4xx_hal_cortex.o
 *fill*         0x08002f32        0x2 
 .text.SysTick_Config
                0x08002f34       0x44 ./Drivers/STM32F4xx_HAL_Driver/Src/stm32f4xx_hal_cortex.o
 .text.HAL_NVIC_SetPriorityGrouping
                0x08002f78       0x16 ./Drivers/STM32F4xx_HAL_Driver/Src/stm32f4xx_hal_cortex.o
                0x08002f78                HAL_NVIC_SetPriorityGrouping
 .text.HAL_NVIC_SetPriority
                0x08002f8e       0x38 ./Drivers/STM32F4xx_HAL_Driver/Src/stm32f4xx_hal_cortex.o
                0x08002f8e                HAL_NVIC_SetPriority
 .text.HAL_NVIC_EnableIRQ
                0x08002fc6       0x1c ./Drivers/STM32F4xx_HAL_Driver/Src/stm32f4xx_hal_cortex.o
                0x08002fc6                HAL_NVIC_EnableIRQ
 .text.HAL_SYSTICK_Config
                0x08002fe2       0x18 ./Drivers/STM32F4xx_HAL_Driver/Src/stm32f4xx_hal_cortex.o
                0x08002fe2                HAL_SYSTICK_Config
 *fill*         0x08002ffa        0x2 
 .text.HAL_DMA_Init
                0x08002ffc      0x15c ./Drivers/STM32F4xx_HAL_Driver/Src/stm32f4xx_hal_dma.o
                0x08002ffc                HAL_DMA_Init
 .text.HAL_DMA_Start_IT
                0x08003158       0xb0 ./Drivers/STM32F4xx_HAL_Driver/Src/stm32f4xx_hal_dma.o
                0x08003158                HAL_DMA_Start_IT
 .text.HAL_DMA_Abort
                0x08003208       0xe0 ./Drivers/STM32F4xx_HAL_Driver/Src/stm32f4xx_hal_dma.o
                0x08003208                HAL_DMA_Abort
 .text.HAL_DMA_Abort_IT
                0x080032e8       0x44 ./Drivers/STM32F4xx_HAL_Driver/Src/stm32f4xx_hal_dma.o
                0x080032e8                HAL_DMA_Abort_IT
 .text.HAL_DMA_IRQHandler
                0x0800332c      0x314 ./Drivers/STM32F4xx_HAL_Driver/Src/stm32f4xx_hal_dma.o
                0x0800332c                HAL_DMA_IRQHandler
 .text.DMA_SetConfig
                0x08003640       0x5c ./Drivers/STM32F4xx_HAL_Driver/Src/stm32f4xx_hal_dma.o
 .text.DMA_CalcBaseAndBitshift
                0x0800369c       0x6c ./Drivers/STM32F4xx_HAL_Driver/Src/stm32f4xx_hal_dma.o
 .text.DMA_CheckFifoParam
                0x08003708       0xf8 ./Drivers/STM32F4xx_HAL_Driver/Src/stm32f4xx_hal_dma.o
 .text.HAL_GPIO_Init
                0x08003800      0x308 ./Drivers/STM32F4xx_HAL_Driver/Src/stm32f4xx_hal_gpio.o
                0x08003800                HAL_GPIO_Init
 .text.HAL_GPIO_WritePin
                0x08003b08       0x32 ./Drivers/STM32F4xx_HAL_Driver/Src/stm32f4xx_hal_gpio.o
                0x08003b08                HAL_GPIO_WritePin
 *fill*         0x08003b3a        0x2 
 .text.HAL_RCC_OscConfig
                0x08003b3c      0x4f0 ./Drivers/STM32F4xx_HAL_Driver/Src/stm32f4xx_hal_rcc.o
                0x08003b3c                HAL_RCC_OscConfig
 .text.HAL_RCC_ClockConfig
                0x0800402c      0x1cc ./Drivers/STM32F4xx_HAL_Driver/Src/stm32f4xx_hal_rcc.o
                0x0800402c                HAL_RCC_ClockConfig
 .text.HAL_RCC_GetSysClockFreq
                0x080041f8      0x20c ./Drivers/STM32F4xx_HAL_Driver/Src/stm32f4xx_hal_rcc.o
                0x080041f8                HAL_RCC_GetSysClockFreq
 .text.HAL_RCC_GetHCLKFreq
                0x08004404       0x18 ./Drivers/STM32F4xx_HAL_Driver/Src/stm32f4xx_hal_rcc.o
                0x08004404                HAL_RCC_GetHCLKFreq
 .text.HAL_RCC_GetPCLK1Freq
                0x0800441c       0x28 ./Drivers/STM32F4xx_HAL_Driver/Src/stm32f4xx_hal_rcc.o
                0x0800441c                HAL_RCC_GetPCLK1Freq
 .text.HAL_RCC_GetPCLK2Freq
                0x08004444       0x28 ./Drivers/STM32F4xx_HAL_Driver/Src/stm32f4xx_hal_rcc.o
                0x08004444                HAL_RCC_GetPCLK2Freq
 .text.HAL_TIM_Base_Init
                0x0800446c       0x9e ./Drivers/STM32F4xx_HAL_Driver/Src/stm32f4xx_hal_tim.o
                0x0800446c                HAL_TIM_Base_Init
 .text.HAL_TIM_PWM_Init
                0x0800450a       0x9e ./Drivers/STM32F4xx_HAL_Driver/Src/stm32f4xx_hal_tim.o
                0x0800450a                HAL_TIM_PWM_Init
 .text.HAL_TIM_PWM_MspInit
                0x080045a8       0x14 ./Drivers/STM32F4xx_HAL_Driver/Src/stm32f4xx_hal_tim.o
                0x080045a8                HAL_TIM_PWM_MspInit
 .text.HAL_TIM_PWM_Start
                0x080045bc      0x160 ./Drivers/STM32F4xx_HAL_Driver/Src/stm32f4xx_hal_tim.o
                0x080045bc                HAL_TIM_PWM_Start
 .text.HAL_TIM_PWM_ConfigChannel
                0x0800471c      0x184 ./Drivers/STM32F4xx_HAL_Driver/Src/stm32f4xx_hal_tim.o
                0x0800471c                HAL_TIM_PWM_ConfigChannel
 .text.HAL_TIM_ConfigClockSource
                0x080048a0      0x18e ./Drivers/STM32F4xx_HAL_Driver/Src/stm32f4xx_hal_tim.o
                0x080048a0                HAL_TIM_ConfigClockSource
 *fill*         0x08004a2e        0x2 
 .text.TIM_Base_SetConfig
                0x08004a30      0x118 ./Drivers/STM32F4xx_HAL_Driver/Src/stm32f4xx_hal_tim.o
                0x08004a30                TIM_Base_SetConfig
 .text.TIM_OC1_SetConfig
                0x08004b48       0xcc ./Drivers/STM32F4xx_HAL_Driver/Src/stm32f4xx_hal_tim.o
 .text.TIM_OC2_SetConfig
                0x08004c14       0xd8 ./Drivers/STM32F4xx_HAL_Driver/Src/stm32f4xx_hal_tim.o
                0x08004c14                TIM_OC2_SetConfig
 .text.TIM_OC3_SetConfig
                0x08004cec       0xd4 ./Drivers/STM32F4xx_HAL_Driver/Src/stm32f4xx_hal_tim.o
 .text.TIM_OC4_SetConfig
                0x08004dc0       0xa0 ./Drivers/STM32F4xx_HAL_Driver/Src/stm32f4xx_hal_tim.o
 .text.TIM_TI1_ConfigInputStage
                0x08004e60       0x5e ./Drivers/STM32F4xx_HAL_Driver/Src/stm32f4xx_hal_tim.o
 .text.TIM_TI2_ConfigInputStage
                0x08004ebe       0x60 ./Drivers/STM32F4xx_HAL_Driver/Src/stm32f4xx_hal_tim.o
 .text.TIM_ITRx_SetConfig
                0x08004f1e       0x36 ./Drivers/STM32F4xx_HAL_Driver/Src/stm32f4xx_hal_tim.o
 .text.TIM_ETR_SetConfig
                0x08004f54       0x40 ./Drivers/STM32F4xx_HAL_Driver/Src/stm32f4xx_hal_tim.o
                0x08004f54                TIM_ETR_SetConfig
 .text.TIM_CCxChannelCmd
                0x08004f94       0x4a ./Drivers/STM32F4xx_HAL_Driver/Src/stm32f4xx_hal_tim.o
                0x08004f94                TIM_CCxChannelCmd
 *fill*         0x08004fde        0x2 
 .text.HAL_TIMEx_MasterConfigSynchronization
                0x08004fe0       0xdc ./Drivers/STM32F4xx_HAL_Driver/Src/stm32f4xx_hal_tim_ex.o
                0x08004fe0                HAL_TIMEx_MasterConfigSynchronization
 .text.HAL_TIMEx_ConfigBreakDeadTime
                0x080050bc       0xa4 ./Drivers/STM32F4xx_HAL_Driver/Src/stm32f4xx_hal_tim_ex.o
                0x080050bc                HAL_TIMEx_ConfigBreakDeadTime
 .text.HAL_UART_Init
                0x08005160       0xa0 ./Drivers/STM32F4xx_HAL_Driver/Src/stm32f4xx_hal_uart.o
                0x08005160                HAL_UART_Init
 .text.HAL_UART_Transmit_DMA
                0x08005200       0xe0 ./Drivers/STM32F4xx_HAL_Driver/Src/stm32f4xx_hal_uart.o
                0x08005200                HAL_UART_Transmit_DMA
 .text.HAL_UART_Receive_DMA
                0x080052e0       0x4a ./Drivers/STM32F4xx_HAL_Driver/Src/stm32f4xx_hal_uart.o
                0x080052e0                HAL_UART_Receive_DMA
 .text.HAL_UART_DMAStop
                0x0800532a       0xfe ./Drivers/STM32F4xx_HAL_Driver/Src/stm32f4xx_hal_uart.o
                0x0800532a                HAL_UART_DMAStop
 .text.HAL_UART_IRQHandler
                0x08005428      0x524 ./Drivers/STM32F4xx_HAL_Driver/Src/stm32f4xx_hal_uart.o
                0x08005428                HAL_UART_IRQHandler
 .text.HAL_UART_TxCpltCallback
                0x0800594c       0x14 ./Drivers/STM32F4xx_HAL_Driver/Src/stm32f4xx_hal_uart.o
                0x0800594c                HAL_UART_TxCpltCallback
 .text.HAL_UART_TxHalfCpltCallback
                0x08005960       0x14 ./Drivers/STM32F4xx_HAL_Driver/Src/stm32f4xx_hal_uart.o
                0x08005960                HAL_UART_TxHalfCpltCallback
 .text.HAL_UART_RxCpltCallback
                0x08005974       0x14 ./Drivers/STM32F4xx_HAL_Driver/Src/stm32f4xx_hal_uart.o
                0x08005974                HAL_UART_RxCpltCallback
 .text.HAL_UART_RxHalfCpltCallback
                0x08005988       0x14 ./Drivers/STM32F4xx_HAL_Driver/Src/stm32f4xx_hal_uart.o
                0x08005988                HAL_UART_RxHalfCpltCallback
 .text.HAL_UART_ErrorCallback
                0x0800599c       0x14 ./Drivers/STM32F4xx_HAL_Driver/Src/stm32f4xx_hal_uart.o
                0x0800599c                HAL_UART_ErrorCallback
 .text.HAL_UARTEx_RxEventCallback
                0x080059b0       0x18 ./Drivers/STM32F4xx_HAL_Driver/Src/stm32f4xx_hal_uart.o
                0x080059b0                HAL_UARTEx_RxEventCallback
 .text.UART_DMATransmitCplt
                0x080059c8       0x9a ./Drivers/STM32F4xx_HAL_Driver/Src/stm32f4xx_hal_uart.o
 .text.UART_DMATxHalfCplt
                0x08005a62       0x1c ./Drivers/STM32F4xx_HAL_Driver/Src/stm32f4xx_hal_uart.o
 .text.UART_DMAReceiveCplt
                0x08005a7e      0x12c ./Drivers/STM32F4xx_HAL_Driver/Src/stm32f4xx_hal_uart.o
 .text.UART_DMARxHalfCplt
                0x08005baa       0x3c ./Drivers/STM32F4xx_HAL_Driver/Src/stm32f4xx_hal_uart.o
 .text.UART_DMAError
                0x08005be6       0x94 ./Drivers/STM32F4xx_HAL_Driver/Src/stm32f4xx_hal_uart.o
 *fill*         0x08005c7a        0x2 
 .text.UART_Start_Receive_DMA
                0x08005c7c      0x134 ./Drivers/STM32F4xx_HAL_Driver/Src/stm32f4xx_hal_uart.o
                0x08005c7c                UART_Start_Receive_DMA
 .text.UART_EndTxTransfer
                0x08005db0       0x50 ./Drivers/STM32F4xx_HAL_Driver/Src/stm32f4xx_hal_uart.o
 .text.UART_EndRxTransfer
                0x08005e00       0xc6 ./Drivers/STM32F4xx_HAL_Driver/Src/stm32f4xx_hal_uart.o
 .text.UART_DMAAbortOnError
                0x08005ec6       0x28 ./Drivers/STM32F4xx_HAL_Driver/Src/stm32f4xx_hal_uart.o
 .text.UART_Transmit_IT
                0x08005eee       0xa0 ./Drivers/STM32F4xx_HAL_Driver/Src/stm32f4xx_hal_uart.o
 .text.UART_EndTransmit_IT
                0x08005f8e       0x30 ./Drivers/STM32F4xx_HAL_Driver/Src/stm32f4xx_hal_uart.o
 .text.UART_Receive_IT
                0x08005fbe      0x17c ./Drivers/STM32F4xx_HAL_Driver/Src/stm32f4xx_hal_uart.o
 *fill*         0x0800613a        0x2 
 .text.UART_SetConfig
                0x0800613c      0x4e8 ./Drivers/STM32F4xx_HAL_Driver/Src/stm32f4xx_hal_uart.o
 .text.__NVIC_SetPriority
                0x08006624       0x54 ./Middlewares/Third_Party/FreeRTOS/Source/CMSIS_RTOS_V2/cmsis_os2.o
 .text.SVC_Setup
                0x08006678       0x12 ./Middlewares/Third_Party/FreeRTOS/Source/CMSIS_RTOS_V2/cmsis_os2.o
 *fill*         0x0800668a        0x2 
 .text.osKernelInitialize
                0x0800668c       0x48 ./Middlewares/Third_Party/FreeRTOS/Source/CMSIS_RTOS_V2/cmsis_os2.o
                0x0800668c                osKernelInitialize
 .text.osKernelStart
                0x080066d4       0x4c ./Middlewares/Third_Party/FreeRTOS/Source/CMSIS_RTOS_V2/cmsis_os2.o
                0x080066d4                osKernelStart
 .text.osThreadNew
                0x08006720      0x124 ./Middlewares/Third_Party/FreeRTOS/Source/CMSIS_RTOS_V2/cmsis_os2.o
                0x08006720                osThreadNew
 .text.osDelay  0x08006844       0x36 ./Middlewares/Third_Party/FreeRTOS/Source/CMSIS_RTOS_V2/cmsis_os2.o
                0x08006844                osDelay
 *fill*         0x0800687a        0x2 
 .text.vApplicationGetIdleTaskMemory
                0x0800687c       0x34 ./Middlewares/Third_Party/FreeRTOS/Source/CMSIS_RTOS_V2/cmsis_os2.o
                0x0800687c                vApplicationGetIdleTaskMemory
 .text.vApplicationGetTimerTaskMemory
                0x080068b0       0x34 ./Middlewares/Third_Party/FreeRTOS/Source/CMSIS_RTOS_V2/cmsis_os2.o
                0x080068b0                vApplicationGetTimerTaskMemory
 .text.vListInitialise
                0x080068e4       0x40 ./Middlewares/Third_Party/FreeRTOS/Source/list.o
                0x080068e4                vListInitialise
 .text.vListInitialiseItem
                0x08006924       0x1a ./Middlewares/Third_Party/FreeRTOS/Source/list.o
                0x08006924                vListInitialiseItem
 .text.vListInsertEnd
                0x0800693e       0x48 ./Middlewares/Third_Party/FreeRTOS/Source/list.o
                0x0800693e                vListInsertEnd
 .text.vListInsert
                0x08006986       0x72 ./Middlewares/Third_Party/FreeRTOS/Source/list.o
                0x08006986                vListInsert
 .text.uxListRemove
                0x080069f8       0x54 ./Middlewares/Third_Party/FreeRTOS/Source/list.o
                0x080069f8                uxListRemove
 .text.xQueueGenericReset
                0x08006a4c       0xd4 ./Middlewares/Third_Party/FreeRTOS/Source/queue.o
                0x08006a4c                xQueueGenericReset
 .text.xQueueGenericCreateStatic
                0x08006b20       0xfa ./Middlewares/Third_Party/FreeRTOS/Source/queue.o
                0x08006b20                xQueueGenericCreateStatic
 .text.prvInitialiseNewQueue
                0x08006c1a       0x46 ./Middlewares/Third_Party/FreeRTOS/Source/queue.o
 .text.xQueueGenericSend
                0x08006c60      0x204 ./Middlewares/Third_Party/FreeRTOS/Source/queue.o
                0x08006c60                xQueueGenericSend
 .text.xQueueGenericSendFromISR
                0x08006e64      0x13c ./Middlewares/Third_Party/FreeRTOS/Source/queue.o
                0x08006e64                xQueueGenericSendFromISR
 .text.xQueueReceive
                0x08006fa0      0x1c4 ./Middlewares/Third_Party/FreeRTOS/Source/queue.o
                0x08006fa0                xQueueReceive
 .text.prvCopyDataToQueue
                0x08007164       0xd4 ./Middlewares/Third_Party/FreeRTOS/Source/queue.o
 .text.prvCopyDataFromQueue
                0x08007238       0x4c ./Middlewares/Third_Party/FreeRTOS/Source/queue.o
 .text.prvUnlockQueue
                0x08007284       0xa4 ./Middlewares/Third_Party/FreeRTOS/Source/queue.o
 .text.prvIsQueueEmpty
                0x08007328       0x2c ./Middlewares/Third_Party/FreeRTOS/Source/queue.o
 .text.prvIsQueueFull
                0x08007354       0x30 ./Middlewares/Third_Party/FreeRTOS/Source/queue.o
 .text.vQueueAddToRegistry
                0x08007384       0x54 ./Middlewares/Third_Party/FreeRTOS/Source/queue.o
                0x08007384                vQueueAddToRegistry
 .text.vQueueWaitForMessageRestricted
                0x080073d8       0x68 ./Middlewares/Third_Party/FreeRTOS/Source/queue.o
                0x080073d8                vQueueWaitForMessageRestricted
 .text.xTaskCreateStatic
                0x08007440       0xc0 ./Middlewares/Third_Party/FreeRTOS/Source/tasks.o
                0x08007440                xTaskCreateStatic
 .text.xTaskCreate
                0x08007500       0x8a ./Middlewares/Third_Party/FreeRTOS/Source/tasks.o
                0x08007500                xTaskCreate
 .text.prvInitialiseNewTask
                0x0800758a      0x120 ./Middlewares/Third_Party/FreeRTOS/Source/tasks.o
 *fill*         0x080076aa        0x2 
 .text.prvAddNewTaskToReadyList
                0x080076ac       0xe0 ./Middlewares/Third_Party/FreeRTOS/Source/tasks.o
 .text.vTaskDelay
                0x0800778c       0x6c ./Middlewares/Third_Party/FreeRTOS/Source/tasks.o
                0x0800778c                vTaskDelay
 .text.vTaskStartScheduler
                0x080077f8       0xd0 ./Middlewares/Third_Party/FreeRTOS/Source/tasks.o
                0x080077f8                vTaskStartScheduler
 .text.vTaskSuspendAll
                0x080078c8       0x1c ./Middlewares/Third_Party/FreeRTOS/Source/tasks.o
                0x080078c8                vTaskSuspendAll
 .text.xTaskResumeAll
                0x080078e4      0x13c ./Middlewares/Third_Party/FreeRTOS/Source/tasks.o
                0x080078e4                xTaskResumeAll
 .text.xTaskGetTickCount
                0x08007a20       0x20 ./Middlewares/Third_Party/FreeRTOS/Source/tasks.o
                0x08007a20                xTaskGetTickCount
 .text.xTaskIncrementTick
                0x08007a40      0x174 ./Middlewares/Third_Party/FreeRTOS/Source/tasks.o
                0x08007a40                xTaskIncrementTick
 .text.vTaskSwitchContext
                0x08007bb4       0xbc ./Middlewares/Third_Party/FreeRTOS/Source/tasks.o
                0x08007bb4                vTaskSwitchContext
 .text.vTaskPlaceOnEventList
                0x08007c70       0x4c ./Middlewares/Third_Party/FreeRTOS/Source/tasks.o
                0x08007c70                vTaskPlaceOnEventList
 .text.vTaskPlaceOnEventListRestricted
                0x08007cbc       0x58 ./Middlewares/Third_Party/FreeRTOS/Source/tasks.o
                0x08007cbc                vTaskPlaceOnEventListRestricted
 .text.xTaskRemoveFromEventList
                0x08007d14       0xc8 ./Middlewares/Third_Party/FreeRTOS/Source/tasks.o
                0x08007d14                xTaskRemoveFromEventList
 .text.vTaskSetTimeOutState
                0x08007ddc       0x50 ./Middlewares/Third_Party/FreeRTOS/Source/tasks.o
                0x08007ddc                vTaskSetTimeOutState
 .text.vTaskInternalSetTimeOutState
                0x08007e2c       0x2c ./Middlewares/Third_Party/FreeRTOS/Source/tasks.o
                0x08007e2c                vTaskInternalSetTimeOutState
 .text.xTaskCheckForTimeOut
                0x08007e58       0xc8 ./Middlewares/Third_Party/FreeRTOS/Source/tasks.o
                0x08007e58                xTaskCheckForTimeOut
 .text.vTaskMissedYield
                0x08007f20       0x18 ./Middlewares/Third_Party/FreeRTOS/Source/tasks.o
                0x08007f20                vTaskMissedYield
 .text.prvIdleTask
                0x08007f38       0x30 ./Middlewares/Third_Party/FreeRTOS/Source/tasks.o
 .text.prvInitialiseTaskLists
                0x08007f68       0x80 ./Middlewares/Third_Party/FreeRTOS/Source/tasks.o
 .text.prvCheckTasksWaitingTermination
                0x08007fe8       0x5c ./Middlewares/Third_Party/FreeRTOS/Source/tasks.o
 .text.prvDeleteTCB
                0x08008044       0x60 ./Middlewares/Third_Party/FreeRTOS/Source/tasks.o
 .text.prvResetNextTaskUnblockTime
                0x080080a4       0x40 ./Middlewares/Third_Party/FreeRTOS/Source/tasks.o
 .text.xTaskGetSchedulerState
                0x080080e4       0x3c ./Middlewares/Third_Party/FreeRTOS/Source/tasks.o
                0x080080e4                xTaskGetSchedulerState
 .text.xTaskPriorityDisinherit
                0x08008120       0xe0 ./Middlewares/Third_Party/FreeRTOS/Source/tasks.o
                0x08008120                xTaskPriorityDisinherit
 .text.prvAddCurrentTaskToDelayedList
                0x08008200       0xa8 ./Middlewares/Third_Party/FreeRTOS/Source/tasks.o
 .text.xTimerCreateTimerTask
                0x080082a8       0x94 ./Middlewares/Third_Party/FreeRTOS/Source/timers.o
                0x080082a8                xTimerCreateTimerTask
 .text.xTimerGenericCommand
                0x0800833c       0x9c ./Middlewares/Third_Party/FreeRTOS/Source/timers.o
                0x0800833c                xTimerGenericCommand
 .text.prvProcessExpiredTimer
                0x080083d8       0x9c ./Middlewares/Third_Party/FreeRTOS/Source/timers.o
 .text.prvTimerTask
                0x08008474       0x26 ./Middlewares/Third_Party/FreeRTOS/Source/timers.o
 *fill*         0x0800849a        0x2 
 .text.prvProcessTimerOrBlockTask
                0x0800849c       0x9c ./Middlewares/Third_Party/FreeRTOS/Source/timers.o
 .text.prvGetNextExpireTime
                0x08008538       0x48 ./Middlewares/Third_Party/FreeRTOS/Source/timers.o
 .text.prvSampleTimeNow
                0x08008580       0x40 ./Middlewares/Third_Party/FreeRTOS/Source/timers.o
 .text.prvInsertTimerInActiveList
                0x080085c0       0x84 ./Middlewares/Third_Party/FreeRTOS/Source/timers.o
 .text.prvProcessReceivedCommands
                0x08008644      0x1cc ./Middlewares/Third_Party/FreeRTOS/Source/timers.o
 .text.prvSwitchTimerLists
                0x08008810       0xcc ./Middlewares/Third_Party/FreeRTOS/Source/timers.o
 .text.prvCheckForValidListAndQueue
                0x080088dc       0x80 ./Middlewares/Third_Party/FreeRTOS/Source/timers.o
 .text.pxPortInitialiseStack
                0x0800895c       0x68 ./Middlewares/Third_Party/FreeRTOS/Source/portable/GCC/ARM_CM4F/port.o
                0x0800895c                pxPortInitialiseStack
 .text.prvTaskExitError
                0x080089c4       0x5c ./Middlewares/Third_Party/FreeRTOS/Source/portable/GCC/ARM_CM4F/port.o
 .text.SVC_Handler
                0x08008a20       0x28 ./Middlewares/Third_Party/FreeRTOS/Source/portable/GCC/ARM_CM4F/port.o
                0x08008a20                SVC_Handler
 .text.prvPortStartFirstTask
                0x08008a48       0x28 ./Middlewares/Third_Party/FreeRTOS/Source/portable/GCC/ARM_CM4F/port.o
 .text.xPortStartScheduler
                0x08008a70      0x148 ./Middlewares/Third_Party/FreeRTOS/Source/portable/GCC/ARM_CM4F/port.o
                0x08008a70                xPortStartScheduler
 .text.vPortEnterCritical
                0x08008bb8       0x64 ./Middlewares/Third_Party/FreeRTOS/Source/portable/GCC/ARM_CM4F/port.o
                0x08008bb8                vPortEnterCritical
 .text.vPortExitCritical
                0x08008c1c       0x54 ./Middlewares/Third_Party/FreeRTOS/Source/portable/GCC/ARM_CM4F/port.o
                0x08008c1c                vPortExitCritical
 .text.PendSV_Handler
                0x08008c70       0x68 ./Middlewares/Third_Party/FreeRTOS/Source/portable/GCC/ARM_CM4F/port.o
                0x08008c70                PendSV_Handler
 .text.xPortSysTickHandler
                0x08008cd8       0x44 ./Middlewares/Third_Party/FreeRTOS/Source/portable/GCC/ARM_CM4F/port.o
                0x08008cd8                xPortSysTickHandler
 .text.vPortSetupTimerInterrupt
                0x08008d1c       0x48 ./Middlewares/Third_Party/FreeRTOS/Source/portable/GCC/ARM_CM4F/port.o
                0x08008d1c                vPortSetupTimerInterrupt
 .text.vPortEnableVFP
                0x08008d64       0x14 ./Middlewares/Third_Party/FreeRTOS/Source/portable/GCC/ARM_CM4F/port.o
 .text.vPortValidateInterruptPriority
                0x08008d78       0x84 ./Middlewares/Third_Party/FreeRTOS/Source/portable/GCC/ARM_CM4F/port.o
                0x08008d78                vPortValidateInterruptPriority
 .text.pvPortMalloc
                0x08008dfc      0x19c ./Middlewares/Third_Party/FreeRTOS/Source/portable/MemMang/heap_4.o
                0x08008dfc                pvPortMalloc
 .text.vPortFree
                0x08008f98       0xc8 ./Middlewares/Third_Party/FreeRTOS/Source/portable/MemMang/heap_4.o
                0x08008f98                vPortFree
 .text.prvHeapInit
                0x08009060       0xc4 ./Middlewares/Third_Party/FreeRTOS/Source/portable/MemMang/heap_4.o
 .text.prvInsertBlockIntoFreeList
                0x08009124       0xb4 ./Middlewares/Third_Party/FreeRTOS/Source/portable/MemMang/heap_4.o
 .text._rclc_check_for_new_data
                0x080091d8       0x4c ../micro_ros_stm32cubemx_utils/microros_static_library_ide/libmicroros/libmicroros.a(librclc-executor.c.obj)
 .text._rclc_take_new_data
                0x08009224       0xac ../micro_ros_stm32cubemx_utils/microros_static_library_ide/libmicroros/libmicroros.a(librclc-executor.c.obj)
 .text.rclc_executor_trigger_any
                0x080092d0       0x28 ../micro_ros_stm32cubemx_utils/microros_static_library_ide/libmicroros/libmicroros.a(librclc-executor.c.obj)
                0x080092d0                rclc_executor_trigger_any
 .text._rclc_execute.part.0
                0x080092f8       0xc8 ../micro_ros_stm32cubemx_utils/microros_static_library_ide/libmicroros/libmicroros.a(librclc-executor.c.obj)
 .text.rclc_executor_init
                0x080093c0       0xe8 ../micro_ros_stm32cubemx_utils/microros_static_library_ide/libmicroros/libmicroros.a(librclc-executor.c.obj)
                0x080093c0                rclc_executor_init
 .text.rclc_executor_add_subscription
                0x080094a8       0x74 ../micro_ros_stm32cubemx_utils/microros_static_library_ide/libmicroros/libmicroros.a(librclc-executor.c.obj)
                0x080094a8                rclc_executor_add_subscription
 .text.rclc_executor_prepare
                0x0800951c       0x84 ../micro_ros_stm32cubemx_utils/microros_static_library_ide/libmicroros/libmicroros.a(librclc-executor.c.obj)
                0x0800951c                rclc_executor_prepare
 .text.rclc_executor_spin_some.part.0
                0x080095a0      0x270 ../micro_ros_stm32cubemx_utils/microros_static_library_ide/libmicroros/libmicroros.a(librclc-executor.c.obj)
 .text.rclc_executor_spin_some
                0x08009810       0x2c ../micro_ros_stm32cubemx_utils/microros_static_library_ide/libmicroros/libmicroros.a(librclc-executor.c.obj)
                0x08009810                rclc_executor_spin_some
 .text.rclc_executor_handle_counters_zero_init
                0x0800983c       0x18 ../micro_ros_stm32cubemx_utils/microros_static_library_ide/libmicroros/libmicroros.a(librclc-executor_handle.c.obj)
                0x0800983c                rclc_executor_handle_counters_zero_init
 .text.rclc_executor_handle_init
                0x08009854       0x28 ../micro_ros_stm32cubemx_utils/microros_static_library_ide/libmicroros/libmicroros.a(librclc-executor_handle.c.obj)
                0x08009854                rclc_executor_handle_init
 .text.rclc_support_init
                0x0800987c       0x9c ../micro_ros_stm32cubemx_utils/microros_static_library_ide/libmicroros/libmicroros.a(librclc-init.c.obj)
                0x0800987c                rclc_support_init
 .text.rclc_node_init_default
                0x08009918       0x78 ../micro_ros_stm32cubemx_utils/microros_static_library_ide/libmicroros/libmicroros.a(librclc-node.c.obj)
                0x08009918                rclc_node_init_default
 .text.rclc_subscription_init_default
                0x08009990       0x68 ../micro_ros_stm32cubemx_utils/microros_static_library_ide/libmicroros/libmicroros.a(librclc-subscription.c.obj)
                0x08009990                rclc_subscription_init_default
 .text.__default_zero_allocate
                0x080099f8        0x4 ../micro_ros_stm32cubemx_utils/microros_static_library_ide/libmicroros/libmicroros.a(librcutils-allocator.c.obj)
 .text.__default_reallocate
                0x080099fc        0x4 ../micro_ros_stm32cubemx_utils/microros_static_library_ide/libmicroros/libmicroros.a(librcutils-allocator.c.obj)
 .text.__default_deallocate
                0x08009a00        0x4 ../micro_ros_stm32cubemx_utils/microros_static_library_ide/libmicroros/libmicroros.a(librcutils-allocator.c.obj)
 .text.__default_allocate
                0x08009a04        0x4 ../micro_ros_stm32cubemx_utils/microros_static_library_ide/libmicroros/libmicroros.a(librcutils-allocator.c.obj)
 .text.rcutils_get_zero_initialized_allocator
                0x08009a08       0x1c ../micro_ros_stm32cubemx_utils/microros_static_library_ide/libmicroros/libmicroros.a(librcutils-allocator.c.obj)
                0x08009a08                rcutils_get_zero_initialized_allocator
 .text.rcutils_get_default_allocator
                0x08009a24       0x1c ../micro_ros_stm32cubemx_utils/microros_static_library_ide/libmicroros/libmicroros.a(librcutils-allocator.c.obj)
                0x08009a24                rcutils_get_default_allocator
 .text.rcutils_allocator_is_valid
                0x08009a40       0x1c ../micro_ros_stm32cubemx_utils/microros_static_library_ide/libmicroros/libmicroros.a(librcutils-allocator.c.obj)
                0x08009a40                rcutils_allocator_is_valid
 .text.rcutils_get_error_string
                0x08009a5c       0x2c ../micro_ros_stm32cubemx_utils/microros_static_library_ide/libmicroros/libmicroros.a(librcutils-error_handling.c.obj)
                0x08009a5c                rcutils_get_error_string
 .text.rcutils_reset_error
                0x08009a88       0x30 ../micro_ros_stm32cubemx_utils/microros_static_library_ide/libmicroros/libmicroros.a(librcutils-error_handling.c.obj)
                0x08009a88                rcutils_reset_error
 .text.rcutils_system_time_now
                0x08009ab8       0x50 ../micro_ros_stm32cubemx_utils/microros_static_library_ide/libmicroros/libmicroros.a(librcutils-time_unix.c.obj)
                0x08009ab8                rcutils_system_time_now
 .text.rcutils_steady_time_now
                0x08009b08       0x50 ../micro_ros_stm32cubemx_utils/microros_static_library_ide/libmicroros/libmicroros.a(librcutils-time_unix.c.obj)
                0x08009b08                rcutils_steady_time_now
 .text.rmw_uros_set_custom_transport
                0x08009b58       0x2c ../micro_ros_stm32cubemx_utils/microros_static_library_ide/libmicroros/libmicroros.a(librmw_microxrcedds-custom_transport.c.obj)
                0x08009b58                rmw_uros_set_custom_transport
 .text.rosidl_typesupport_c__get_message_type_support_handle__rover_msgs__msg__ControllerMsg
                0x08009b84        0x4 ../micro_ros_stm32cubemx_utils/microros_static_library_ide/libmicroros/libmicroros.a(librover_msgs__rosidl_typesupport_c-controller_msg__type_support.cpp.obj)
                0x08009b84                rosidl_typesupport_c__get_message_type_support_handle__rover_msgs__msg__ControllerMsg
 .text.rosidl_typesupport_c__get_message_type_support_handle__rover_msgs__msg__EncoderMsg
                0x08009b88        0x4 ../micro_ros_stm32cubemx_utils/microros_static_library_ide/libmicroros/libmicroros.a(librover_msgs__rosidl_typesupport_c-encoder_msg__type_support.cpp.obj)
                0x08009b88                rosidl_typesupport_c__get_message_type_support_handle__rover_msgs__msg__EncoderMsg
 .text.get_serialized_size_rover_msgs__msg__ControllerMsg.part.0
                0x08009b8c       0x68 ../micro_ros_stm32cubemx_utils/microros_static_library_ide/libmicroros/libmicroros.a(librover_msgs__rosidl_typesupport_microxrcedds_c-controller_msg__type_support_c.c.obj)
 .text.get_serialized_size_rover_msgs__msg__ControllerMsg
                0x08009bf4        0xc ../micro_ros_stm32cubemx_utils/microros_static_library_ide/libmicroros/libmicroros.a(librover_msgs__rosidl_typesupport_microxrcedds_c-controller_msg__type_support_c.c.obj)
                0x08009bf4                get_serialized_size_rover_msgs__msg__ControllerMsg
 .text._ControllerMsg__get_serialized_size
                0x08009c00        0xc ../micro_ros_stm32cubemx_utils/microros_static_library_ide/libmicroros/libmicroros.a(librover_msgs__rosidl_typesupport_microxrcedds_c-controller_msg__type_support_c.c.obj)
 .text._ControllerMsg__cdr_deserialize
                0x08009c0c       0x58 ../micro_ros_stm32cubemx_utils/microros_static_library_ide/libmicroros/libmicroros.a(librover_msgs__rosidl_typesupport_microxrcedds_c-controller_msg__type_support_c.c.obj)
 .text._ControllerMsg__cdr_serialize
                0x08009c64       0x58 ../micro_ros_stm32cubemx_utils/microros_static_library_ide/libmicroros/libmicroros.a(librover_msgs__rosidl_typesupport_microxrcedds_c-controller_msg__type_support_c.c.obj)
 .text.max_serialized_size_rover_msgs__msg__ControllerMsg
                0x08009cbc       0x70 ../micro_ros_stm32cubemx_utils/microros_static_library_ide/libmicroros/libmicroros.a(librover_msgs__rosidl_typesupport_microxrcedds_c-controller_msg__type_support_c.c.obj)
                0x08009cbc                max_serialized_size_rover_msgs__msg__ControllerMsg
 .text._ControllerMsg__max_serialized_size
                0x08009d2c       0x14 ../micro_ros_stm32cubemx_utils/microros_static_library_ide/libmicroros/libmicroros.a(librover_msgs__rosidl_typesupport_microxrcedds_c-controller_msg__type_support_c.c.obj)
 .text.rosidl_typesupport_microxrcedds_c__get_message_type_support_handle__rover_msgs__msg__ControllerMsg
                0x08009d40        0x8 ../micro_ros_stm32cubemx_utils/microros_static_library_ide/libmicroros/libmicroros.a(librover_msgs__rosidl_typesupport_microxrcedds_c-controller_msg__type_support_c.c.obj)
                0x08009d40                rosidl_typesupport_microxrcedds_c__get_message_type_support_handle__rover_msgs__msg__ControllerMsg
 .text.get_serialized_size_rover_msgs__msg__EncoderMsg
                0x08009d48       0x40 ../micro_ros_stm32cubemx_utils/microros_static_library_ide/libmicroros/libmicroros.a(librover_msgs__rosidl_typesupport_microxrcedds_c-encoder_msg__type_support_c.c.obj)
                0x08009d48                get_serialized_size_rover_msgs__msg__EncoderMsg
 .text._EncoderMsg__cdr_deserialize
                0x08009d88       0x30 ../micro_ros_stm32cubemx_utils/microros_static_library_ide/libmicroros/libmicroros.a(librover_msgs__rosidl_typesupport_microxrcedds_c-encoder_msg__type_support_c.c.obj)
 .text._EncoderMsg__cdr_serialize
                0x08009db8       0x30 ../micro_ros_stm32cubemx_utils/microros_static_library_ide/libmicroros/libmicroros.a(librover_msgs__rosidl_typesupport_microxrcedds_c-encoder_msg__type_support_c.c.obj)
 .text._EncoderMsg__get_serialized_size
                0x08009de8       0x38 ../micro_ros_stm32cubemx_utils/microros_static_library_ide/libmicroros/libmicroros.a(librover_msgs__rosidl_typesupport_microxrcedds_c-encoder_msg__type_support_c.c.obj)
 .text._EncoderMsg__max_serialized_size
                0x08009e20       0x34 ../micro_ros_stm32cubemx_utils/microros_static_library_ide/libmicroros/libmicroros.a(librover_msgs__rosidl_typesupport_microxrcedds_c-encoder_msg__type_support_c.c.obj)
 .text.rosidl_typesupport_microxrcedds_c__get_message_type_support_handle__rover_msgs__msg__EncoderMsg
                0x08009e54        0x8 ../micro_ros_stm32cubemx_utils/microros_static_library_ide/libmicroros/libmicroros.a(librover_msgs__rosidl_typesupport_microxrcedds_c-encoder_msg__type_support_c.c.obj)
                0x08009e54                rosidl_typesupport_microxrcedds_c__get_message_type_support_handle__rover_msgs__msg__EncoderMsg
 .text.ucdr_serialize_bool
                0x08009e5c       0x2c ../micro_ros_stm32cubemx_utils/microros_static_library_ide/libmicroros/libmicroros.a(libmicrocdr-basic.c.obj)
                0x08009e5c                ucdr_serialize_bool
 .text.ucdr_deserialize_bool
                0x08009e88       0x34 ../micro_ros_stm32cubemx_utils/microros_static_library_ide/libmicroros/libmicroros.a(libmicrocdr-basic.c.obj)
                0x08009e88                ucdr_deserialize_bool
 .text.ucdr_serialize_uint8_t
                0x08009ebc       0x2c ../micro_ros_stm32cubemx_utils/microros_static_library_ide/libmicroros/libmicroros.a(libmicrocdr-basic.c.obj)
                0x08009ebc                ucdr_serialize_uint8_t
 .text.ucdr_deserialize_uint8_t
                0x08009ee8       0x2c ../micro_ros_stm32cubemx_utils/microros_static_library_ide/libmicroros/libmicroros.a(libmicrocdr-basic.c.obj)
                0x08009ee8                ucdr_deserialize_uint8_t
 .text.ucdr_serialize_uint16_t
                0x08009f14      0x100 ../micro_ros_stm32cubemx_utils/microros_static_library_ide/libmicroros/libmicroros.a(libmicrocdr-basic.c.obj)
                0x08009f14                ucdr_serialize_uint16_t
 .text.ucdr_serialize_endian_uint16_t
                0x0800a014      0x100 ../micro_ros_stm32cubemx_utils/microros_static_library_ide/libmicroros/libmicroros.a(libmicrocdr-basic.c.obj)
                0x0800a014                ucdr_serialize_endian_uint16_t
 .text.ucdr_deserialize_uint16_t
                0x0800a114       0xe8 ../micro_ros_stm32cubemx_utils/microros_static_library_ide/libmicroros/libmicroros.a(libmicrocdr-basic.c.obj)
                0x0800a114                ucdr_deserialize_uint16_t
 .text.ucdr_deserialize_endian_uint16_t
                0x0800a1fc       0xec ../micro_ros_stm32cubemx_utils/microros_static_library_ide/libmicroros/libmicroros.a(libmicrocdr-basic.c.obj)
                0x0800a1fc                ucdr_deserialize_endian_uint16_t
 .text.ucdr_serialize_uint32_t
                0x0800a2e8      0x130 ../micro_ros_stm32cubemx_utils/microros_static_library_ide/libmicroros/libmicroros.a(libmicrocdr-basic.c.obj)
                0x0800a2e8                ucdr_serialize_uint32_t
 .text.ucdr_serialize_endian_uint32_t
                0x0800a418      0x130 ../micro_ros_stm32cubemx_utils/microros_static_library_ide/libmicroros/libmicroros.a(libmicrocdr-basic.c.obj)
                0x0800a418                ucdr_serialize_endian_uint32_t
 .text.ucdr_deserialize_uint32_t
                0x0800a548      0x120 ../micro_ros_stm32cubemx_utils/microros_static_library_ide/libmicroros/libmicroros.a(libmicrocdr-basic.c.obj)
                0x0800a548                ucdr_deserialize_uint32_t
 .text.ucdr_deserialize_endian_uint32_t
                0x0800a668      0x12c ../micro_ros_stm32cubemx_utils/microros_static_library_ide/libmicroros/libmicroros.a(libmicrocdr-basic.c.obj)
                0x0800a668                ucdr_deserialize_endian_uint32_t
 .text.ucdr_serialize_uint64_t
                0x0800a794      0x1a0 ../micro_ros_stm32cubemx_utils/microros_static_library_ide/libmicroros/libmicroros.a(libmicrocdr-basic.c.obj)
                0x0800a794                ucdr_serialize_uint64_t
 .text.ucdr_serialize_int8_t
                0x0800a934       0x2c ../micro_ros_stm32cubemx_utils/microros_static_library_ide/libmicroros/libmicroros.a(libmicrocdr-basic.c.obj)
                0x0800a934                ucdr_serialize_int8_t
 .text.ucdr_deserialize_int8_t
                0x0800a960       0x2c ../micro_ros_stm32cubemx_utils/microros_static_library_ide/libmicroros/libmicroros.a(libmicrocdr-basic.c.obj)
                0x0800a960                ucdr_deserialize_int8_t
 .text.ucdr_serialize_int16_t
                0x0800a98c      0x100 ../micro_ros_stm32cubemx_utils/microros_static_library_ide/libmicroros/libmicroros.a(libmicrocdr-basic.c.obj)
                0x0800a98c                ucdr_serialize_int16_t
 .text.ucdr_deserialize_int16_t
                0x0800aa8c       0xe8 ../micro_ros_stm32cubemx_utils/microros_static_library_ide/libmicroros/libmicroros.a(libmicrocdr-basic.c.obj)
                0x0800aa8c                ucdr_deserialize_int16_t
 .text.ucdr_serialize_int32_t
                0x0800ab74      0x130 ../micro_ros_stm32cubemx_utils/microros_static_library_ide/libmicroros/libmicroros.a(libmicrocdr-basic.c.obj)
                0x0800ab74                ucdr_serialize_int32_t
 .text.ucdr_deserialize_int32_t
                0x0800aca4      0x120 ../micro_ros_stm32cubemx_utils/microros_static_library_ide/libmicroros/libmicroros.a(libmicrocdr-basic.c.obj)
                0x0800aca4                ucdr_deserialize_int32_t
 .text.ucdr_serialize_float
                0x0800adc4      0x130 ../micro_ros_stm32cubemx_utils/microros_static_library_ide/libmicroros/libmicroros.a(libmicrocdr-basic.c.obj)
                0x0800adc4                ucdr_serialize_float
 .text.ucdr_deserialize_float
                0x0800aef4      0x120 ../micro_ros_stm32cubemx_utils/microros_static_library_ide/libmicroros/libmicroros.a(libmicrocdr-basic.c.obj)
                0x0800aef4                ucdr_deserialize_float
 .text.ucdr_check_buffer_available_for
                0x0800b014       0x18 ../micro_ros_stm32cubemx_utils/microros_static_library_ide/libmicroros/libmicroros.a(libmicrocdr-common.c.obj)
                0x0800b014                ucdr_check_buffer_available_for
 .text.ucdr_check_final_buffer_behavior
                0x0800b02c       0x38 ../micro_ros_stm32cubemx_utils/microros_static_library_ide/libmicroros/libmicroros.a(libmicrocdr-common.c.obj)
                0x0800b02c                ucdr_check_final_buffer_behavior
 .text.ucdr_set_on_full_buffer_callback
                0x0800b064        0x8 ../micro_ros_stm32cubemx_utils/microros_static_library_ide/libmicroros/libmicroros.a(libmicrocdr-common.c.obj)
                0x0800b064                ucdr_set_on_full_buffer_callback
 .text.ucdr_init_buffer_origin_offset_endian
                0x0800b06c       0x28 ../micro_ros_stm32cubemx_utils/microros_static_library_ide/libmicroros/libmicroros.a(libmicrocdr-common.c.obj)
                0x0800b06c                ucdr_init_buffer_origin_offset_endian
 .text.ucdr_init_buffer_origin_offset
                0x0800b094       0x14 ../micro_ros_stm32cubemx_utils/microros_static_library_ide/libmicroros/libmicroros.a(libmicrocdr-common.c.obj)
                0x0800b094                ucdr_init_buffer_origin_offset
 .text.ucdr_init_buffer_origin
                0x0800b0a8       0x10 ../micro_ros_stm32cubemx_utils/microros_static_library_ide/libmicroros/libmicroros.a(libmicrocdr-common.c.obj)
                0x0800b0a8                ucdr_init_buffer_origin
 .text.ucdr_init_buffer
                0x0800b0b8        0x8 ../micro_ros_stm32cubemx_utils/microros_static_library_ide/libmicroros/libmicroros.a(libmicrocdr-common.c.obj)
                0x0800b0b8                ucdr_init_buffer
 .text.ucdr_alignment
                0x0800b0c0       0x10 ../micro_ros_stm32cubemx_utils/microros_static_library_ide/libmicroros/libmicroros.a(libmicrocdr-common.c.obj)
                0x0800b0c0                ucdr_alignment
 .text.ucdr_buffer_alignment
                0x0800b0d0       0x1c ../micro_ros_stm32cubemx_utils/microros_static_library_ide/libmicroros/libmicroros.a(libmicrocdr-common.c.obj)
                0x0800b0d0                ucdr_buffer_alignment
 .text.ucdr_align_to
                0x0800b0ec       0x24 ../micro_ros_stm32cubemx_utils/microros_static_library_ide/libmicroros/libmicroros.a(libmicrocdr-common.c.obj)
                0x0800b0ec                ucdr_align_to
 .text.ucdr_buffer_length
                0x0800b110        0x8 ../micro_ros_stm32cubemx_utils/microros_static_library_ide/libmicroros/libmicroros.a(libmicrocdr-common.c.obj)
                0x0800b110                ucdr_buffer_length
 .text.ucdr_buffer_remaining
                0x0800b118        0x8 ../micro_ros_stm32cubemx_utils/microros_static_library_ide/libmicroros/libmicroros.a(libmicrocdr-common.c.obj)
                0x0800b118                ucdr_buffer_remaining
 .text.ucdr_check_final_buffer_behavior_array
                0x0800b120       0x38 ../micro_ros_stm32cubemx_utils/microros_static_library_ide/libmicroros/libmicroros.a(libmicrocdr-common.c.obj)
                0x0800b120                ucdr_check_final_buffer_behavior_array
 .text.ucdr_advance_buffer
                0x0800b158       0x40 ../micro_ros_stm32cubemx_utils/microros_static_library_ide/libmicroros/libmicroros.a(libmicrocdr-common.c.obj)
                0x0800b158                ucdr_advance_buffer
 .text.rcl_client_get_rmw_handle
                0x0800b198        0xc ../micro_ros_stm32cubemx_utils/microros_static_library_ide/libmicroros/libmicroros.a(librcl-client.c.obj)
                0x0800b198                rcl_client_get_rmw_handle
 .text.rcl_take_response
                0x0800b1a4       0x78 ../micro_ros_stm32cubemx_utils/microros_static_library_ide/libmicroros/libmicroros.a(librcl-client.c.obj)
                0x0800b1a4                rcl_take_response
 .text.rcl_get_zero_initialized_context
                0x0800b21c       0x14 ../micro_ros_stm32cubemx_utils/microros_static_library_ide/libmicroros/libmicroros.a(librcl-context.c.obj)
                0x0800b21c                rcl_get_zero_initialized_context
 .text.rcl_context_is_valid
                0x0800b230        0xc ../micro_ros_stm32cubemx_utils/microros_static_library_ide/libmicroros/libmicroros.a(librcl-context.c.obj)
                0x0800b230                rcl_context_is_valid
 .text.__cleanup_context
                0x0800b23c       0xc8 ../micro_ros_stm32cubemx_utils/microros_static_library_ide/libmicroros/libmicroros.a(librcl-context.c.obj)
                0x0800b23c                __cleanup_context
 .text.rcl_expand_topic_name
                0x0800b304      0x2cc ../micro_ros_stm32cubemx_utils/microros_static_library_ide/libmicroros/libmicroros.a(librcl-expand_topic_name.c.obj)
                0x0800b304                rcl_expand_topic_name
 .text.rcl_get_default_topic_name_substitutions
                0x0800b5d0        0xc ../micro_ros_stm32cubemx_utils/microros_static_library_ide/libmicroros/libmicroros.a(librcl-expand_topic_name.c.obj)
                0x0800b5d0                rcl_get_default_topic_name_substitutions
 .text.rcl_init
                0x0800b5dc      0x214 ../micro_ros_stm32cubemx_utils/microros_static_library_ide/libmicroros/libmicroros.a(librcl-init.c.obj)
                0x0800b5dc                rcl_init
 .text.rcl_get_zero_initialized_init_options
                0x0800b7f0        0x4 ../micro_ros_stm32cubemx_utils/microros_static_library_ide/libmicroros/libmicroros.a(librcl-init_options.c.obj)
                0x0800b7f0                rcl_get_zero_initialized_init_options
 .text.rcl_init_options_init
                0x0800b7f4       0xa4 ../micro_ros_stm32cubemx_utils/microros_static_library_ide/libmicroros/libmicroros.a(librcl-init_options.c.obj)
                0x0800b7f4                rcl_init_options_init
 .text.rcl_init_options_fini
                0x0800b898       0x48 ../micro_ros_stm32cubemx_utils/microros_static_library_ide/libmicroros/libmicroros.a(librcl-init_options.c.obj)
                0x0800b898                rcl_init_options_fini
 .text.rcl_init_options_copy
                0x0800b8e0      0x14c ../micro_ros_stm32cubemx_utils/microros_static_library_ide/libmicroros/libmicroros.a(librcl-init_options.c.obj)
                0x0800b8e0                rcl_init_options_copy
 .text.rcl_get_localhost_only
                0x0800ba2c       0x44 ../micro_ros_stm32cubemx_utils/microros_static_library_ide/libmicroros/libmicroros.a(librcl-localhost.c.obj)
                0x0800ba2c                rcl_get_localhost_only
 .text.rcl_get_zero_initialized_node
                0x0800ba70       0x14 ../micro_ros_stm32cubemx_utils/microros_static_library_ide/libmicroros/libmicroros.a(librcl-node.c.obj)
                0x0800ba70                rcl_get_zero_initialized_node
 .text.rcl_node_init
                0x0800ba84      0x2e0 ../micro_ros_stm32cubemx_utils/microros_static_library_ide/libmicroros/libmicroros.a(librcl-node.c.obj)
                0x0800ba84                rcl_node_init
 .text.rcl_node_is_valid
                0x0800bd64       0x14 ../micro_ros_stm32cubemx_utils/microros_static_library_ide/libmicroros/libmicroros.a(librcl-node.c.obj)
                0x0800bd64                rcl_node_is_valid
 .text.rcl_node_get_name
                0x0800bd78       0x10 ../micro_ros_stm32cubemx_utils/microros_static_library_ide/libmicroros/libmicroros.a(librcl-node.c.obj)
                0x0800bd78                rcl_node_get_name
 .text.rcl_node_get_namespace
                0x0800bd88       0x10 ../micro_ros_stm32cubemx_utils/microros_static_library_ide/libmicroros/libmicroros.a(librcl-node.c.obj)
                0x0800bd88                rcl_node_get_namespace
 .text.rcl_node_get_options
                0x0800bd98       0x10 ../micro_ros_stm32cubemx_utils/microros_static_library_ide/libmicroros/libmicroros.a(librcl-node.c.obj)
                0x0800bd98                rcl_node_get_options
 .text.rcl_node_get_rmw_handle
                0x0800bda8        0xc ../micro_ros_stm32cubemx_utils/microros_static_library_ide/libmicroros/libmicroros.a(librcl-node.c.obj)
                0x0800bda8                rcl_node_get_rmw_handle
 .text.rcl_node_get_default_options
                0x0800bdb4       0x38 ../micro_ros_stm32cubemx_utils/microros_static_library_ide/libmicroros/libmicroros.a(librcl-node_options.c.obj)
                0x0800bdb4                rcl_node_get_default_options
 .text.rcl_node_options_copy
                0x0800bdec       0x3c ../micro_ros_stm32cubemx_utils/microros_static_library_ide/libmicroros/libmicroros.a(librcl-node_options.c.obj)
                0x0800bdec                rcl_node_options_copy
 .text.exact_match_lookup
                0x0800be28       0x80 ../micro_ros_stm32cubemx_utils/microros_static_library_ide/libmicroros/libmicroros.a(librcl-security.c.obj)
                0x0800be28                exact_match_lookup
 .text.rcl_get_secure_root
                0x0800bea8       0xd4 ../micro_ros_stm32cubemx_utils/microros_static_library_ide/libmicroros/libmicroros.a(librcl-security.c.obj)
                0x0800bea8                rcl_get_secure_root
 .text.rcl_get_security_options_from_environment
                0x0800bf7c       0x94 ../micro_ros_stm32cubemx_utils/microros_static_library_ide/libmicroros/libmicroros.a(librcl-security.c.obj)
                0x0800bf7c                rcl_get_security_options_from_environment
 .text.rcl_service_get_rmw_handle
                0x0800c010        0xc ../micro_ros_stm32cubemx_utils/microros_static_library_ide/libmicroros/libmicroros.a(librcl-service.c.obj)
                0x0800c010                rcl_service_get_rmw_handle
 .text.rcl_take_request
                0x0800c01c       0x70 ../micro_ros_stm32cubemx_utils/microros_static_library_ide/libmicroros/libmicroros.a(librcl-service.c.obj)
                0x0800c01c                rcl_take_request
 .text.rcl_send_response
                0x0800c08c       0x2c ../micro_ros_stm32cubemx_utils/microros_static_library_ide/libmicroros/libmicroros.a(librcl-service.c.obj)
                0x0800c08c                rcl_send_response
 .text.rcl_get_zero_initialized_subscription
                0x0800c0b8        0xc ../micro_ros_stm32cubemx_utils/microros_static_library_ide/libmicroros/libmicroros.a(librcl-subscription.c.obj)
                0x0800c0b8                rcl_get_zero_initialized_subscription
 .text.rcl_subscription_init
                0x0800c0c4      0x1ec ../micro_ros_stm32cubemx_utils/microros_static_library_ide/libmicroros/libmicroros.a(librcl-subscription.c.obj)
                0x0800c0c4                rcl_subscription_init
 .text.rcl_subscription_get_default_options
                0x0800c2b0       0x58 ../micro_ros_stm32cubemx_utils/microros_static_library_ide/libmicroros/libmicroros.a(librcl-subscription.c.obj)
                0x0800c2b0                rcl_subscription_get_default_options
 .text.rcl_take
                0x0800c308       0x98 ../micro_ros_stm32cubemx_utils/microros_static_library_ide/libmicroros/libmicroros.a(librcl-subscription.c.obj)
                0x0800c308                rcl_take
 .text.rcl_subscription_get_rmw_handle
                0x0800c3a0        0xc ../micro_ros_stm32cubemx_utils/microros_static_library_ide/libmicroros/libmicroros.a(librcl-subscription.c.obj)
                0x0800c3a0                rcl_subscription_get_rmw_handle
 .text.rcl_get_system_time
                0x0800c3ac        0x8 ../micro_ros_stm32cubemx_utils/microros_static_library_ide/libmicroros/libmicroros.a(librcl-time.c.obj)
 .text.rcl_get_steady_time
                0x0800c3b4        0x8 ../micro_ros_stm32cubemx_utils/microros_static_library_ide/libmicroros/libmicroros.a(librcl-time.c.obj)
 .text.rcl_get_ros_time
                0x0800c3bc       0x20 ../micro_ros_stm32cubemx_utils/microros_static_library_ide/libmicroros/libmicroros.a(librcl-time.c.obj)
 .text.rcl_clock_init
                0x0800c3dc      0x100 ../micro_ros_stm32cubemx_utils/microros_static_library_ide/libmicroros/libmicroros.a(librcl-time.c.obj)
                0x0800c3dc                rcl_clock_init
 .text.rcl_clock_get_now
                0x0800c4dc       0x18 ../micro_ros_stm32cubemx_utils/microros_static_library_ide/libmicroros/libmicroros.a(librcl-time.c.obj)
                0x0800c4dc                rcl_clock_get_now
 .text.rcl_timer_call
                0x0800c4f4      0x128 ../micro_ros_stm32cubemx_utils/microros_static_library_ide/libmicroros/libmicroros.a(librcl-timer.c.obj)
                0x0800c4f4                rcl_timer_call
 .text.rcl_timer_is_ready
                0x0800c61c       0x70 ../micro_ros_stm32cubemx_utils/microros_static_library_ide/libmicroros/libmicroros.a(librcl-timer.c.obj)
                0x0800c61c                rcl_timer_is_ready
 .text.rcl_timer_get_time_until_next_call
                0x0800c68c       0x48 ../micro_ros_stm32cubemx_utils/microros_static_library_ide/libmicroros/libmicroros.a(librcl-timer.c.obj)
                0x0800c68c                rcl_timer_get_time_until_next_call
 .text.rcl_timer_is_canceled
                0x0800c6d4       0x24 ../micro_ros_stm32cubemx_utils/microros_static_library_ide/libmicroros/libmicroros.a(librcl-timer.c.obj)
                0x0800c6d4                rcl_timer_is_canceled
 .text.rcl_timer_get_guard_condition
                0x0800c6f8       0x14 ../micro_ros_stm32cubemx_utils/microros_static_library_ide/libmicroros/libmicroros.a(librcl-timer.c.obj)
                0x0800c6f8                rcl_timer_get_guard_condition
 .text.rcl_validate_enclave_name_with_size
                0x0800c70c       0xa4 ../micro_ros_stm32cubemx_utils/microros_static_library_ide/libmicroros/libmicroros.a(librcl-validate_enclave_name.c.obj)
                0x0800c70c                rcl_validate_enclave_name_with_size
 .text.rcl_validate_enclave_name
                0x0800c7b0       0x24 ../micro_ros_stm32cubemx_utils/microros_static_library_ide/libmicroros/libmicroros.a(librcl-validate_enclave_name.c.obj)
                0x0800c7b0                rcl_validate_enclave_name
 .text.rcl_validate_topic_name
                0x0800c7d4      0x1d4 ../micro_ros_stm32cubemx_utils/microros_static_library_ide/libmicroros/libmicroros.a(librcl-validate_topic_name.c.obj)
                0x0800c7d4                rcl_validate_topic_name
 .text.rcl_get_zero_initialized_wait_set
                0x0800c9a8       0x24 ../micro_ros_stm32cubemx_utils/microros_static_library_ide/libmicroros/libmicroros.a(librcl-wait.c.obj)
                0x0800c9a8                rcl_get_zero_initialized_wait_set
 .text.rcl_wait_set_is_valid
                0x0800c9cc        0xc ../micro_ros_stm32cubemx_utils/microros_static_library_ide/libmicroros/libmicroros.a(librcl-wait.c.obj)
                0x0800c9cc                rcl_wait_set_is_valid
 .text.rcl_wait_set_fini
                0x0800c9d8      0x140 ../micro_ros_stm32cubemx_utils/microros_static_library_ide/libmicroros/libmicroros.a(librcl-wait.c.obj)
                0x0800c9d8                rcl_wait_set_fini
 .text.rcl_wait_set_add_subscription
                0x0800cb18       0x58 ../micro_ros_stm32cubemx_utils/microros_static_library_ide/libmicroros/libmicroros.a(librcl-wait.c.obj)
                0x0800cb18                rcl_wait_set_add_subscription
 .text.rcl_wait_set_clear
                0x0800cb70       0xf8 ../micro_ros_stm32cubemx_utils/microros_static_library_ide/libmicroros/libmicroros.a(librcl-wait.c.obj)
                0x0800cb70                rcl_wait_set_clear
 .text.rcl_wait_set_resize
                0x0800cc68      0x3ac ../micro_ros_stm32cubemx_utils/microros_static_library_ide/libmicroros/libmicroros.a(librcl-wait.c.obj)
                0x0800cc68                rcl_wait_set_resize
 .text.rcl_wait_set_init
                0x0800d014      0x11c ../micro_ros_stm32cubemx_utils/microros_static_library_ide/libmicroros/libmicroros.a(librcl-wait.c.obj)
                0x0800d014                rcl_wait_set_init
 .text.rcl_wait_set_add_guard_condition
                0x0800d130       0x58 ../micro_ros_stm32cubemx_utils/microros_static_library_ide/libmicroros/libmicroros.a(librcl-wait.c.obj)
                0x0800d130                rcl_wait_set_add_guard_condition
 .text.rcl_wait_set_add_timer
                0x0800d188       0x60 ../micro_ros_stm32cubemx_utils/microros_static_library_ide/libmicroros/libmicroros.a(librcl-wait.c.obj)
                0x0800d188                rcl_wait_set_add_timer
 .text.rcl_wait_set_add_client
                0x0800d1e8       0x58 ../micro_ros_stm32cubemx_utils/microros_static_library_ide/libmicroros/libmicroros.a(librcl-wait.c.obj)
                0x0800d1e8                rcl_wait_set_add_client
 .text.rcl_wait_set_add_service
                0x0800d240       0x58 ../micro_ros_stm32cubemx_utils/microros_static_library_ide/libmicroros/libmicroros.a(librcl-wait.c.obj)
                0x0800d240                rcl_wait_set_add_service
 .text.rcl_wait
                0x0800d298      0x2f8 ../micro_ros_stm32cubemx_utils/microros_static_library_ide/libmicroros/libmicroros.a(librcl-wait.c.obj)
                0x0800d298                rcl_wait
 .text.__atomic_load_8
                0x0800d590       0x68 ../micro_ros_stm32cubemx_utils/microros_static_library_ide/libmicroros/libmicroros.a(librcutils-atomic_64bits.c.obj)
                0x0800d590                __atomic_load_8
 .text.__atomic_store_8
                0x0800d5f8       0x68 ../micro_ros_stm32cubemx_utils/microros_static_library_ide/libmicroros/libmicroros.a(librcutils-atomic_64bits.c.obj)
                0x0800d5f8                __atomic_store_8
 .text.__atomic_exchange_8
                0x0800d660       0x74 ../micro_ros_stm32cubemx_utils/microros_static_library_ide/libmicroros/libmicroros.a(librcutils-atomic_64bits.c.obj)
                0x0800d660                __atomic_exchange_8
 .text.rcutils_is_directory
                0x0800d6d4        0x4 ../micro_ros_stm32cubemx_utils/microros_static_library_ide/libmicroros/libmicroros.a(librcutils-filesystem.c.obj)
                0x0800d6d4                rcutils_is_directory
 .text.rcutils_join_path
                0x0800d6d8        0xc ../micro_ros_stm32cubemx_utils/microros_static_library_ide/libmicroros/libmicroros.a(librcutils-filesystem.c.obj)
                0x0800d6d8                rcutils_join_path
 .text.rcutils_to_native_path
                0x0800d6e4       0x10 ../micro_ros_stm32cubemx_utils/microros_static_library_ide/libmicroros/libmicroros.a(librcutils-filesystem.c.obj)
                0x0800d6e4                rcutils_to_native_path
 .text.rcutils_format_string_limit
                0x0800d6f4       0x74 ../micro_ros_stm32cubemx_utils/microros_static_library_ide/libmicroros/libmicroros.a(librcutils-format_string.c.obj)
                0x0800d6f4                rcutils_format_string_limit
 .text.rcutils_get_env
                0x0800d768       0x30 ../micro_ros_stm32cubemx_utils/microros_static_library_ide/libmicroros/libmicroros.a(librcutils-get_env.c.obj)
                0x0800d768                rcutils_get_env
 .text.rcutils_repl_str
                0x0800d798      0x158 ../micro_ros_stm32cubemx_utils/microros_static_library_ide/libmicroros/libmicroros.a(librcutils-repl_str.c.obj)
                0x0800d798                rcutils_repl_str
 .text.rcutils_snprintf
                0x0800d8f0       0x34 ../micro_ros_stm32cubemx_utils/microros_static_library_ide/libmicroros/libmicroros.a(librcutils-snprintf.c.obj)
                0x0800d8f0                rcutils_snprintf
 .text.rcutils_vsnprintf
                0x0800d924       0x24 ../micro_ros_stm32cubemx_utils/microros_static_library_ide/libmicroros/libmicroros.a(librcutils-snprintf.c.obj)
                0x0800d924                rcutils_vsnprintf
 .text.rcutils_strdup
                0x0800d948       0x44 ../micro_ros_stm32cubemx_utils/microros_static_library_ide/libmicroros/libmicroros.a(librcutils-strdup.c.obj)
                0x0800d948                rcutils_strdup
 .text.rcutils_strndup
                0x0800d98c       0x38 ../micro_ros_stm32cubemx_utils/microros_static_library_ide/libmicroros/libmicroros.a(librcutils-strdup.c.obj)
                0x0800d98c                rcutils_strndup
 .text.rcutils_get_zero_initialized_string_map
                0x0800d9c4        0xc ../micro_ros_stm32cubemx_utils/microros_static_library_ide/libmicroros/libmicroros.a(librcutils-string_map.c.obj)
                0x0800d9c4                rcutils_get_zero_initialized_string_map
 .text.rcutils_string_map_reserve
                0x0800d9d0       0xe8 ../micro_ros_stm32cubemx_utils/microros_static_library_ide/libmicroros/libmicroros.a(librcutils-string_map.c.obj)
                0x0800d9d0                rcutils_string_map_reserve
 .text.rcutils_string_map_init
                0x0800dab8       0x80 ../micro_ros_stm32cubemx_utils/microros_static_library_ide/libmicroros/libmicroros.a(librcutils-string_map.c.obj)
                0x0800dab8                rcutils_string_map_init
 .text.rcutils_string_map_fini
                0x0800db38       0x88 ../micro_ros_stm32cubemx_utils/microros_static_library_ide/libmicroros/libmicroros.a(librcutils-string_map.c.obj)
                0x0800db38                rcutils_string_map_fini
 .text.rcutils_string_map_getn
                0x0800dbc0       0x64 ../micro_ros_stm32cubemx_utils/microros_static_library_ide/libmicroros/libmicroros.a(librcutils-string_map.c.obj)
                0x0800dbc0                rcutils_string_map_getn
 .text.rmw_get_zero_initialized_context
                0x0800dc24       0x10 ../micro_ros_stm32cubemx_utils/microros_static_library_ide/libmicroros/libmicroros.a(librmw-init.c.obj)
                0x0800dc24                rmw_get_zero_initialized_context
 .text.rmw_get_zero_initialized_init_options
                0x0800dc34       0x20 ../micro_ros_stm32cubemx_utils/microros_static_library_ide/libmicroros/libmicroros.a(librmw-init_options.c.obj)
                0x0800dc34                rmw_get_zero_initialized_init_options
 .text.rmw_get_default_security_options
                0x0800dc54        0x8 ../micro_ros_stm32cubemx_utils/microros_static_library_ide/libmicroros/libmicroros.a(librmw-security_options.c.obj)
                0x0800dc54                rmw_get_default_security_options
 .text.rmw_get_default_subscription_options
                0x0800dc5c        0x8 ../micro_ros_stm32cubemx_utils/microros_static_library_ide/libmicroros/libmicroros.a(librmw-subscription_options.c.obj)
                0x0800dc5c                rmw_get_default_subscription_options
 .text.rmw_get_zero_initialized_message_info
                0x0800dc64       0x24 ../micro_ros_stm32cubemx_utils/microros_static_library_ide/libmicroros/libmicroros.a(librmw-types.c.obj)
                0x0800dc64                rmw_get_zero_initialized_message_info
 .text.rmw_validate_full_topic_name
                0x0800dc88      0x10c ../micro_ros_stm32cubemx_utils/microros_static_library_ide/libmicroros/libmicroros.a(librmw-validate_full_topic_name.c.obj)
                0x0800dc88                rmw_validate_full_topic_name
 .text.rmw_validate_namespace_with_size
                0x0800dd94       0x9c ../micro_ros_stm32cubemx_utils/microros_static_library_ide/libmicroros/libmicroros.a(librmw-validate_namespace.c.obj)
                0x0800dd94                rmw_validate_namespace_with_size
 .text.rmw_validate_namespace
                0x0800de30       0x24 ../micro_ros_stm32cubemx_utils/microros_static_library_ide/libmicroros/libmicroros.a(librmw-validate_namespace.c.obj)
                0x0800de30                rmw_validate_namespace
 .text.rmw_namespace_validation_result_string
                0x0800de54       0x18 ../micro_ros_stm32cubemx_utils/microros_static_library_ide/libmicroros/libmicroros.a(librmw-validate_namespace.c.obj)
                0x0800de54                rmw_namespace_validation_result_string
 .text.rmw_validate_node_name
                0x0800de6c       0xa4 ../micro_ros_stm32cubemx_utils/microros_static_library_ide/libmicroros/libmicroros.a(librmw-validate_node_name.c.obj)
                0x0800de6c                rmw_validate_node_name
 .text.rmw_node_name_validation_result_string
                0x0800df10       0x18 ../micro_ros_stm32cubemx_utils/microros_static_library_ide/libmicroros/libmicroros.a(librmw-validate_node_name.c.obj)
                0x0800df10                rmw_node_name_validation_result_string
 .text.rmw_destroy_client
                0x0800df28       0x88 ../micro_ros_stm32cubemx_utils/microros_static_library_ide/libmicroros/libmicroros.a(librmw_microxrcedds-rmw_client.c.obj)
                0x0800df28                rmw_destroy_client
 .text.rmw_get_implementation_identifier
                0x0800dfb0        0xc ../micro_ros_stm32cubemx_utils/microros_static_library_ide/libmicroros/libmicroros.a(librmw_microxrcedds-rmw_get_implementation_identifier.c.obj)
                0x0800dfb0                rmw_get_implementation_identifier
 .text.rmw_init_options_init
                0x0800dfbc       0xb0 ../micro_ros_stm32cubemx_utils/microros_static_library_ide/libmicroros/libmicroros.a(librmw_microxrcedds-rmw_init.c.obj)
                0x0800dfbc                rmw_init_options_init
 .text.rmw_init_options_copy
                0x0800e06c       0x84 ../micro_ros_stm32cubemx_utils/microros_static_library_ide/libmicroros/libmicroros.a(librmw_microxrcedds-rmw_init.c.obj)
                0x0800e06c                rmw_init_options_copy
 .text.rmw_init_options_fini
                0x0800e0f0       0x80 ../micro_ros_stm32cubemx_utils/microros_static_library_ide/libmicroros/libmicroros.a(librmw_microxrcedds-rmw_init.c.obj)
                0x0800e0f0                rmw_init_options_fini
 .text.rmw_init
                0x0800e170      0x270 ../micro_ros_stm32cubemx_utils/microros_static_library_ide/libmicroros/libmicroros.a(librmw_microxrcedds-rmw_init.c.obj)
                0x0800e170                rmw_init
 .text.rmw_context_fini
                0x0800e3e0       0x64 ../micro_ros_stm32cubemx_utils/microros_static_library_ide/libmicroros/libmicroros.a(librmw_microxrcedds-rmw_init.c.obj)
                0x0800e3e0                rmw_context_fini
 .text.create_node
                0x0800e444       0xf4 ../micro_ros_stm32cubemx_utils/microros_static_library_ide/libmicroros/libmicroros.a(librmw_microxrcedds-rmw_node.c.obj)
                0x0800e444                create_node
 .text.rmw_create_node
                0x0800e538       0x30 ../micro_ros_stm32cubemx_utils/microros_static_library_ide/libmicroros/libmicroros.a(librmw_microxrcedds-rmw_node.c.obj)
                0x0800e538                rmw_create_node
 .text.rmw_destroy_node
                0x0800e568       0xf8 ../micro_ros_stm32cubemx_utils/microros_static_library_ide/libmicroros/libmicroros.a(librmw_microxrcedds-rmw_node.c.obj)
                0x0800e568                rmw_destroy_node
 .text.rmw_node_get_graph_guard_condition
                0x0800e660        0xc ../micro_ros_stm32cubemx_utils/microros_static_library_ide/libmicroros/libmicroros.a(librmw_microxrcedds-rmw_node.c.obj)
                0x0800e660                rmw_node_get_graph_guard_condition
 .text.rmw_destroy_publisher
                0x0800e66c       0xa0 ../micro_ros_stm32cubemx_utils/microros_static_library_ide/libmicroros/libmicroros.a(librmw_microxrcedds-rmw_publisher.c.obj)
                0x0800e66c                rmw_destroy_publisher
 .text.rmw_take_request
                0x0800e70c       0xbc ../micro_ros_stm32cubemx_utils/microros_static_library_ide/libmicroros/libmicroros.a(librmw_microxrcedds-rmw_request.c.obj)
                0x0800e70c                rmw_take_request
 .text.rmw_send_response
                0x0800e7c8       0xbc ../micro_ros_stm32cubemx_utils/microros_static_library_ide/libmicroros/libmicroros.a(librmw_microxrcedds-rmw_response.c.obj)
                0x0800e7c8                rmw_send_response
 .text.rmw_take_response
                0x0800e884       0x98 ../micro_ros_stm32cubemx_utils/microros_static_library_ide/libmicroros/libmicroros.a(librmw_microxrcedds-rmw_response.c.obj)
                0x0800e884                rmw_take_response
 .text.rmw_destroy_service
                0x0800e91c       0x88 ../micro_ros_stm32cubemx_utils/microros_static_library_ide/libmicroros/libmicroros.a(librmw_microxrcedds-rmw_service.c.obj)
                0x0800e91c                rmw_destroy_service
 .text.rmw_create_subscription
                0x0800e9a4      0x1b8 ../micro_ros_stm32cubemx_utils/microros_static_library_ide/libmicroros/libmicroros.a(librmw_microxrcedds-rmw_subscription.c.obj)
                0x0800e9a4                rmw_create_subscription
 .text.rmw_subscription_get_actual_qos
                0x0800eb5c       0x1c ../micro_ros_stm32cubemx_utils/microros_static_library_ide/libmicroros/libmicroros.a(librmw_microxrcedds-rmw_subscription.c.obj)
                0x0800eb5c                rmw_subscription_get_actual_qos
 .text.rmw_destroy_subscription
                0x0800eb78       0xbc ../micro_ros_stm32cubemx_utils/microros_static_library_ide/libmicroros/libmicroros.a(librmw_microxrcedds-rmw_subscription.c.obj)
                0x0800eb78                rmw_destroy_subscription
 .text.rmw_take_with_info
                0x0800ec34       0xa8 ../micro_ros_stm32cubemx_utils/microros_static_library_ide/libmicroros/libmicroros.a(librmw_microxrcedds-rmw_take.c.obj)
                0x0800ec34                rmw_take_with_info
 .text.rmw_uxrce_transport_init
                0x0800ecdc       0x30 ../micro_ros_stm32cubemx_utils/microros_static_library_ide/libmicroros/libmicroros.a(librmw_microxrcedds-rmw_uxrce_transports.c.obj)
                0x0800ecdc                rmw_uxrce_transport_init
 .text.rmw_wait
                0x0800ed0c      0x300 ../micro_ros_stm32cubemx_utils/microros_static_library_ide/libmicroros/libmicroros.a(librmw_microxrcedds-rmw_wait.c.obj)
                0x0800ed0c                rmw_wait
 .text.rmw_create_wait_set
                0x0800f00c       0x14 ../micro_ros_stm32cubemx_utils/microros_static_library_ide/libmicroros/libmicroros.a(librmw_microxrcedds-rmw_wait_set.c.obj)
                0x0800f00c                rmw_create_wait_set
 .text.rmw_destroy_wait_set
                0x0800f020       0x28 ../micro_ros_stm32cubemx_utils/microros_static_library_ide/libmicroros/libmicroros.a(librmw_microxrcedds-rmw_wait_set.c.obj)
                0x0800f020                rmw_destroy_wait_set
 .text.rmw_uxrce_init_service_memory
                0x0800f048       0x34 ../micro_ros_stm32cubemx_utils/microros_static_library_ide/libmicroros/libmicroros.a(librmw_microxrcedds-types.c.obj)
                0x0800f048                rmw_uxrce_init_service_memory
 .text.rmw_uxrce_init_client_memory
                0x0800f07c       0x34 ../micro_ros_stm32cubemx_utils/microros_static_library_ide/libmicroros/libmicroros.a(librmw_microxrcedds-types.c.obj)
                0x0800f07c                rmw_uxrce_init_client_memory
 .text.rmw_uxrce_init_publisher_memory