../Core/Src/main.c:122:5:main	8	static
../Core/Src/main.c:209:6:SystemClock_Config	88	static
../Core/Src/main.c:256:13:MX_TIM1_Init	96	static
../Core/Src/main.c:346:13:MX_TIM3_Init	56	static
../Core/Src/main.c:395:13:MX_TIM4_Init	56	static
../Core/Src/main.c:444:13:MX_USART2_UART_Init	8	static
../Core/Src/main.c:475:13:MX_DMA_Init	16	static
../Core/Src/main.c:496:13:MX_GPIO_Init	48	static
../Core/Src/main.c:555:9:speedToPWM	16	static
../Core/Src/main.c:560:6:setPWM	96	static
../Core/Src/main.c:590:7:calculatePID	40	static
../Core/Src/main.c:611:6:controlWheel	40	static
../Core/Src/main.c:624:6:subscription_callback_controller	24	static
../Core/Src/main.c:654:6:StartDefaultTask	296	static
../Core/Src/main.c:739:6:Error_Handler	4	static
