../Core/Src/main.c:97:5:main	8	static
../Core/Src/main.c:188:6:SystemClock_Config	88	static
../Core/Src/main.c:235:13:MX_TIM1_Init	96	static
../Core/Src/main.c:325:13:MX_TIM2_Init	32	static
../Core/Src/main.c:370:13:MX_TIM4_Init	64	static
../Core/Src/main.c:442:13:MX_USART2_UART_Init	8	static
../Core/Src/main.c:473:13:MX_DMA_Init	16	static
../Core/Src/main.c:494:13:MX_GPIO_Init	48	static
../Core/Src/main.c:551:6:subscription_callback	24	static
../Core/Src/main.c:585:6:StartDefaultTask	320	static
../Core/Src/main.c:663:6:Error_Handler	4	static
