../Core/Src/main.c:159:5:main	8	static
../Core/Src/main.c:246:6:SystemClock_Config	88	static
../Core/Src/main.c:293:13:MX_TIM1_Init	96	static
../Core/Src/main.c:383:13:MX_TIM2_Init	64	static
../Core/Src/main.c:452:13:MX_TIM3_Init	64	static
../Core/Src/main.c:526:13:MX_USART2_UART_Init	8	static
../Core/Src/main.c:557:13:MX_DMA_Init	16	static
../Core/Src/main.c:578:13:MX_GPIO_Init	48	static
../Core/Src/main.c:639:6:SetServoPosition	24	static
../Core/Src/main.c:653:6:KameraKontrol	16	static
../Core/Src/main.c:690:9:speedToPWM	16	static
../Core/Src/main.c:695:6:setPWM	96	static
../Core/Src/main.c:725:7:calculatePID	40	static
../Core/Src/main.c:746:9:limitSpeedToPWM	16	static
../Core/Src/main.c:778:6:controlWheel	40	static
../Core/Src/main.c:790:6:controlDirection	32	static
../Core/Src/main.c:819:6:controlRover	24	static
../Core/Src/main.c:839:6:subscription_callback_encoder	24	static
../Core/Src/main.c:851:6:subscription_callback_controller	32	static
../Core/Src/main.c:888:6:StartDefaultTask	336	static
../Core/Src/main.c:988:6:Error_Handler	4	static
