Archive member included to satisfy reference by file (symbol)

../micro_ros_stm32cubemx_utils/microros_static_library_ide/libmicroros/libmicroros.a(librcl-publisher.c.obj)
                              ./Core/Src/main.o (rcl_publish)
../micro_ros_stm32cubemx_utils/microros_static_library_ide/libmicroros/libmicroros.a(librclc-init.c.obj)
                              ./Core/Src/main.o (rclc_support_init)
../micro_ros_stm32cubemx_utils/microros_static_library_ide/libmicroros/libmicroros.a(librclc-node.c.obj)
                              ./Core/Src/main.o (rclc_node_init_default)
../micro_ros_stm32cubemx_utils/microros_static_library_ide/libmicroros/libmicroros.a(librclc-publisher.c.obj)
                              ./Core/Src/main.o (rclc_publisher_init_default)
../micro_ros_stm32cubemx_utils/microros_static_library_ide/libmicroros/libmicroros.a(librcutils-allocator.c.obj)
                              ./Core/Src/main.o (rcutils_get_zero_initialized_allocator)
../micro_ros_stm32cubemx_utils/microros_static_library_ide/libmicroros/libmicroros.a(librcutils-error_handling.c.obj)
                              ../micro_ros_stm32cubemx_utils/microros_static_library_ide/libmicroros/libmicroros.a(librclc-init.c.obj) (rcutils_reset_error)
../micro_ros_stm32cubemx_utils/microros_static_library_ide/libmicroros/libmicroros.a(librcutils-string_map.c.obj)
                              ../micro_ros_stm32cubemx_utils/microros_static_library_ide/libmicroros/libmicroros.a(librcl-publisher.c.obj) (rcutils_get_zero_initialized_string_map)
../micro_ros_stm32cubemx_utils/microros_static_library_ide/libmicroros/libmicroros.a(librmw-publisher_options.c.obj)
                              ../micro_ros_stm32cubemx_utils/microros_static_library_ide/libmicroros/libmicroros.a(librcl-publisher.c.obj) (rmw_get_default_publisher_options)
../micro_ros_stm32cubemx_utils/microros_static_library_ide/libmicroros/libmicroros.a(librmw-validate_full_topic_name.c.obj)
                              ../micro_ros_stm32cubemx_utils/microros_static_library_ide/libmicroros/libmicroros.a(librcl-publisher.c.obj) (rmw_validate_full_topic_name)
../micro_ros_stm32cubemx_utils/microros_static_library_ide/libmicroros/libmicroros.a(librmw_microxrcedds-custom_transport.c.obj)
                              ./Core/Src/main.o (rmw_uros_set_custom_transport)
../micro_ros_stm32cubemx_utils/microros_static_library_ide/libmicroros/libmicroros.a(librmw_microxrcedds-rmw_publish.c.obj)
                              ../micro_ros_stm32cubemx_utils/microros_static_library_ide/libmicroros/libmicroros.a(librcl-publisher.c.obj) (rmw_publish)
../micro_ros_stm32cubemx_utils/microros_static_library_ide/libmicroros/libmicroros.a(librmw_microxrcedds-rmw_publisher.c.obj)
                              ../micro_ros_stm32cubemx_utils/microros_static_library_ide/libmicroros/libmicroros.a(librcl-publisher.c.obj) (rmw_create_publisher)
../micro_ros_stm32cubemx_utils/microros_static_library_ide/libmicroros/libmicroros.a(librmw_microxrcedds-types.c.obj)
                              ../micro_ros_stm32cubemx_utils/microros_static_library_ide/libmicroros/libmicroros.a(librmw_microxrcedds-rmw_publisher.c.obj) (rmw_uxrce_fini_publisher_memory)
../micro_ros_stm32cubemx_utils/microros_static_library_ide/libmicroros/libmicroros.a(librmw_microxrcedds-utils.c.obj)
                              ../micro_ros_stm32cubemx_utils/microros_static_library_ide/libmicroros/libmicroros.a(librmw_microxrcedds-rmw_publisher.c.obj) (run_xrce_session)
../micro_ros_stm32cubemx_utils/microros_static_library_ide/libmicroros/libmicroros.a(librosidl_runtime_c-message_type_support.c.obj)
                              ../micro_ros_stm32cubemx_utils/microros_static_library_ide/libmicroros/libmicroros.a(librmw_microxrcedds-rmw_publisher.c.obj) (get_message_typesupport_handle)
../micro_ros_stm32cubemx_utils/microros_static_library_ide/libmicroros/libmicroros.a(librover_msgs__rosidl_typesupport_c-encoder_msg__type_support.cpp.obj)
                              ./Core/Src/main.o (rosidl_typesupport_c__get_message_type_support_handle__rover_msgs__msg__EncoderMsg)
../micro_ros_stm32cubemx_utils/microros_static_library_ide/libmicroros/libmicroros.a(librover_msgs__rosidl_typesupport_microxrcedds_c-encoder_msg__type_support_c.c.obj)
                              ../micro_ros_stm32cubemx_utils/microros_static_library_ide/libmicroros/libmicroros.a(librover_msgs__rosidl_typesupport_c-encoder_msg__type_support.cpp.obj) (rosidl_typesupport_microxrcedds_c__get_message_type_support_handle__rover_msgs__msg__EncoderMsg)
../micro_ros_stm32cubemx_utils/microros_static_library_ide/libmicroros/libmicroros.a(libmicrocdr-basic.c.obj)
                              ../micro_ros_stm32cubemx_utils/microros_static_library_ide/libmicroros/libmicroros.a(librover_msgs__rosidl_typesupport_microxrcedds_c-encoder_msg__type_support_c.c.obj) (ucdr_serialize_int32_t)
[...]
Memory Configuration

Name             Origin             Length             Attributes
RAM              0x20000000         0x00018000         xrw
FLASH            0x08000000         0x00080000         xr
*default*        0x00000000         0xffffffff

Linker script and memory map

LOAD /opt/st/stm32cubeide_1.17.0/plugins/com.st.stm32cube.ide.mcu.externaltools.gnu-tools-for-stm32.12.3.rel1.linux64_1.1.0.202410170702/tools/bin/../lib/gcc/arm-none-eabi/12.3.1/thumb/v7e-m+fp/hard/crti.o
LOAD /opt/st/stm32cubeide_1.17.0/plugins/com.st.stm32cube.ide.mcu.externaltools.gnu-tools-for-stm32.12.3.rel1.linux64_1.1.0.202410170702/tools/bin/../lib/gcc/arm-none-eabi/12.3.1/thumb/v7e-m+fp/hard/crtbegin.o
LOAD /opt/st/stm32cubeide_1.17.0/plugins/com.st.stm32cube.ide.mcu.externaltools.gnu-tools-for-stm32.12.3.rel1.linux64_1.1.0.202410170702/tools/bin/../lib/gcc/arm-none-eabi/12.3.1/../../../../arm-none-eabi/lib/thumb/v7e-m+fp/hard/crt0.o
LOAD ./Core/Src/custom_memory_manager.o
LOAD ./Core/Src/freertos.o
LOAD ./Core/Src/main.o
LOAD ./Core/Src/microros_allocators.o
LOAD ./Core/Src/microros_time.o
LOAD ./Core/Src/stm32f4xx_hal_msp.o
LOAD ./Core/Src/stm32f4xx_it.o
LOAD ./Core/Src/syscalls.o
LOAD ./Core/Src/sysmem.o
LOAD ./Core/Src/system_stm32f4xx.o
LOAD ./Core/Src/microros_transports/dma_transport.o
LOAD ./Core/Startup/startup_stm32f401retx.o
LOAD ./Drivers/STM32F4xx_HAL_Driver/Src/stm32f4xx_hal.o
LOAD ./Drivers/STM32F4xx_HAL_Driver/Src/stm32f4xx_hal_cortex.o
LOAD ./Drivers/STM32F4xx_HAL_Driver/Src/stm32f4xx_hal_dma.o
LOAD ./Drivers/STM32F4xx_HAL_Driver/Src/stm32f4xx_hal_dma_ex.o
LOAD ./Drivers/STM32F4xx_HAL_Driver/Src/stm32f4xx_hal_exti.o
LOAD ./Drivers/STM32F4xx_HAL_Driver/Src/stm32f4xx_hal_flash.o
LOAD ./Drivers/STM32F4xx_HAL_Driver/Src/stm32f4xx_hal_flash_ex.o
LOAD ./Drivers/STM32F4xx_HAL_Driver/Src/stm32f4xx_hal_flash_ramfunc.o
LOAD ./Drivers/STM32F4xx_HAL_Driver/Src/stm32f4xx_hal_gpio.o
LOAD ./Drivers/STM32F4xx_HAL_Driver/Src/stm32f4xx_hal_i2c.o
LOAD ./Drivers/STM32F4xx_HAL_Driver/Src/stm32f4xx_hal_i2c_ex.o
LOAD ./Drivers/STM32F4xx_HAL_Driver/Src/stm32f4xx_hal_pwr.o
LOAD ./Drivers/STM32F4xx_HAL_Driver/Src/stm32f4xx_hal_pwr_ex.o
LOAD ./Drivers/STM32F4xx_HAL_Driver/Src/stm32f4xx_hal_rcc.o
LOAD ./Drivers/STM32F4xx_HAL_Driver/Src/stm32f4xx_hal_rcc_ex.o
LOAD ./Drivers/STM32F4xx_HAL_Driver/Src/stm32f4xx_hal_tim.o
LOAD ./Drivers/STM32F4xx_HAL_Driver/Src/stm32f4xx_hal_tim_ex.o
LOAD ./Drivers/STM32F4xx_HAL_Driver/Src/stm32f4xx_hal_uart.o
LOAD ./Middlewares/Third_Party/FreeRTOS/Source/CMSIS_RTOS_V2/cmsis_os2.o
LOAD ./Middlewares/Third_Party/FreeRTOS/Source/croutine.o
LOAD ./Middlewares/Third_Party/FreeRTOS/Source/event_groups.o
LOAD ./Middlewares/Third_Party/FreeRTOS/Source/list.o
LOAD ./Middlewares/Third_Party/FreeRTOS/Source/queue.o
LOAD ./Middlewares/Third_Party/FreeRTOS/Source/stream_buffer.o
LOAD ./Middlewares/Third_Party/FreeRTOS/Source/tasks.o
LOAD ./Middlewares/Third_Party/FreeRTOS/Source/timers.o
LOAD ./Middlewares/Third_Party/FreeRTOS/Source/portable/GCC/ARM_CM4F/port.o
LOAD ./Middlewares/Third_Party/FreeRTOS/Source/portable/MemMang/heap_4.o
LOAD ../micro_ros_stm32cubemx_utils/microros_static_library_ide/libmicroros/libmicroros.a
START GROUP
LOAD /opt/st/stm32cubeide_1.17.0/plugins/com.st.stm32cube.ide.mcu.externaltools.gnu-tools-for-stm32.12.3.rel1.linux64_1.1.0.202410170702/tools/bin/../lib/gcc/arm-none-eabi/12.3.1/../../../../arm-none-eabi/lib/thumb/v7e-m+fp/hard/libc_nano.a
LOAD /opt/st/stm32cubeide_1.17.0/plugins/com.st.stm32cube.ide.mcu.externaltools.gnu-tools-for-stm32.12.3.rel1.linux64_1.1.0.202410170702/tools/bin/../lib/gcc/arm-none-eabi/12.3.1/../../../../arm-none-eabi/lib/thumb/v7e-m+fp/hard/libm.a
END GROUP
START GROUP
LOAD /opt/st/stm32cubeide_1.17.0/plugins/com.st.stm32cube.ide.mcu.externaltools.gnu-tools-for-stm32.12.3.rel1.linux64_1.1.0.202410170702/tools/bin/../lib/gcc/arm-none-eabi/12.3.1/thumb/v7e-m+fp/hard/libgcc.a
LOAD /opt/st/stm32cubeide_1.17.0/plugins/com.st.stm32cube.ide.mcu.externaltools.gnu-tools-for-stm32.12.3.rel1.linux64_1.1.0.202410170702/tools/bin/../lib/gcc/arm-none-eabi/12.3.1/../../../../arm-none-eabi/lib/thumb/v7e-m+fp/hard/libc_nano.a
END GROUP
START GROUP
LOAD /opt/st/stm32cubeide_1.17.0/plugins/com.st.stm32cube.ide.mcu.externaltools.gnu-tools-for-stm32.12.3.rel1.linux64_1.1.0.202410170702/tools/bin/../lib/gcc/arm-none-eabi/12.3.1/thumb/v7e-m+fp/hard/libgcc.a
LOAD /opt/st/stm32cubeide_1.17.0/plugins/com.st.stm32cube.ide.mcu.externaltools.gnu-tools-for-stm32.12.3.rel1.linux64_1.1.0.202410170702/tools/bin/../lib/gcc/arm-none-eabi/12.3.1/../../../../arm-none-eabi/lib/thumb/v7e-m+fp/hard/libc_nano.a
LOAD /opt/st/stm32cubeide_1.17.0/plugins/com.st.stm32cube.ide.mcu.externaltools.gnu-tools-for-stm32.12.3.rel1.linux64_1.1.0.202410170702/tools/bin/../lib/gcc/arm-none-eabi/12.3.1/../../../../arm-none-eabi/lib/thumb/v7e-m+fp/hard/libnosys.a
END GROUP
START GROUP
LOAD /opt/st/stm32cubeide_1.17.0/plugins/com.st.stm32cube.ide.mcu.externaltools.gnu-tools-for-stm32.12.3.rel1.linux64_1.1.0.202410170702/tools/bin/../lib/gcc/arm-none-eabi/12.3.1/thumb/v7e-m+fp/hard/libgcc.a
LOAD /opt/st/stm32cubeide_1.17.0/plugins/com.st.stm32cube.ide.mcu.externaltools.gnu-tools-for-stm32.12.3.rel1.linux64_1.1.0.202410170702/tools/bin/../lib/gcc/arm-none-eabi/12.3.1/../../../../arm-none-eabi/lib/thumb/v7e-m+fp/hard/libc_nano.a
LOAD /opt/st/stm32cubeide_1.17.0/plugins/com.st.stm32cube.ide.mcu.externaltools.gnu-tools-for-stm32.12.3.rel1.linux64_1.1.0.202410170702/tools/bin/../lib/gcc/arm-none-eabi/12.3.1/../../../../arm-none-eabi/lib/thumb/v7e-m+fp/hard/libnosys.a
END GROUP
LOAD /opt/st/stm32cubeide_1.17.0/plugins/com.st.stm32cube.ide.mcu.externaltools.gnu-tools-for-stm32.12.3.rel1.linux64_1.1.0.202410170702/tools/bin/../lib/gcc/arm-none-eabi/12.3.1/thumb/v7e-m+fp/hard/crtend.o
LOAD /opt/st/stm32cubeide_1.17.0/plugins/com.st.stm32cube.ide.mcu.externaltools.gnu-tools-for-stm32.12.3.rel1.linux64_1.1.0.202410170702/tools/bin/../lib/gcc/arm-none-eabi/12.3.1/thumb/v7e-m+fp/hard/crtn.o
                0x20018000                        _estack = (ORIGIN (RAM) + LENGTH (RAM))
                0x00000200                        _Min_Heap_Size = 0x200
                0x00000400                        _Min_Stack_Size = 0x400

.isr_vector     0x08000000      0x194
                0x08000000                        . = ALIGN (0x4)
 *(.isr_vector)
 .isr_vector    0x08000000      0x194 ./Core/Startup/startup_stm32f401retx.o
                0x08000000                g_pfnVectors
                0x08000194                        . = ALIGN (0x4)

.text           0x080001a0    0x12698
                0x080001a0                        . = ALIGN (0x4)
 *(.text)
 .text          0x080001a0       0x40 /opt/st/stm32cubeide_1.17.0/plugins/com.st.stm32cube.ide.mcu.externaltools.gnu-tools-for-stm32.12.3.rel1.linux64_1.1.0.202410170702/tools/bin/../lib/gcc/arm-none-eabi/12.3.1/thumb/v7e-m+fp/hard/crtbegin.o
 .text          0x080001e0       0x14 /opt/st/stm32cubeide_1.17.0/plugins/com.st.stm32cube.ide.mcu.externaltools.gnu-tools-for-stm32.12.3.rel1.linux64_1.1.0.202410170702/tools/bin/../lib/gcc/arm-none-eabi/12.3.1/../../../../arm-none-eabi/lib/thumb/v7e-m+fp/hard/libc_nano.a(libc_a-strcmp.o)
                0x080001e0                strcmp
 .text          0x080001f4       0x10 /opt/st/stm32cubeide_1.17.0/plugins/com.st.stm32cube.ide.mcu.externaltools.gnu-tools-for-stm32.12.3.rel1.linux64_1.1.0.202410170702/tools/bin/../lib/gcc/arm-none-eabi/12.3.1/../../../../arm-none-eabi/lib/thumb/v7e-m+fp/hard/libc_nano.a(libc_a-strlen.o)
                0x080001f4                strlen
 *fill*         0x08000204        0xc 
 .text          0x08000210       0xa0 /opt/st/stm32cubeide_1.17.0/plugins/com.st.stm32cube.ide.mcu.externaltools.gnu-tools-for-stm32.12.3.rel1.linux64_1.1.0.202410170702/tools/bin/../lib/gcc/arm-none-eabi/12.3.1/../../../../arm-none-eabi/lib/thumb/v7e-m+fp/hard/libc_nano.a(libc_a-memchr.o)
                0x08000210                memchr
 .text          0x080002b0       0xa0 /opt/st/stm32cubeide_1.17.0/plugins/com.st.stm32cube.ide.mcu.externaltools.gnu-tools-for-stm32.12.3.rel1.linux64_1.1.0.202410170702/tools/bin/../lib/gcc/arm-none-eabi/12.3.1/thumb/v7e-m+fp/hard/libgcc.a(_aeabi_ldivmod.o)
                0x080002b0                __aeabi_ldivmod
 .text          0x08000350       0x30 /opt/st/stm32cubeide_1.17.0/plugins/com.st.stm32cube.ide.mcu.externaltools.gnu-tools-for-stm32.12.3.rel1.linux64_1.1.0.202410170702/tools/bin/../lib/gcc/arm-none-eabi/12.3.1/thumb/v7e-m+fp/hard/libgcc.a(_aeabi_uldivmod.o)
                0x08000350                __aeabi_uldivmod
 .text          0x08000380      0x2bc /opt/st/stm32cubeide_1.17.0/plugins/com.st.stm32cube.ide.mcu.externaltools.gnu-tools-for-stm32.12.3.rel1.linux64_1.1.0.202410170702/tools/bin/../lib/gcc/arm-none-eabi/12.3.1/thumb/v7e-m+fp/hard/libgcc.a(_udivmoddi4.o)
                0x08000380                __udivmoddi4
 .text          0x0800063c        0x4 /opt/st/stm32cubeide_1.17.0/plugins/com.st.stm32cube.ide.mcu.externaltools.gnu-tools-for-stm32.12.3.rel1.linux64_1.1.0.202410170702/tools/bin/../lib/gcc/arm-none-eabi/12.3.1/thumb/v7e-m+fp/hard/libgcc.a(_dvmd_tls.o)
                0x0800063c                __aeabi_ldiv0
                0x0800063c                __aeabi_idiv0
 *(.text*)
 .text.pvPortMallocMicroROS
                0x08000640      0x190 ./Core/Src/custom_memory_manager.o
                0x08000640                pvPortMallocMicroROS
 .text.vPortFreeMicroROS
                0x080007d0       0xb8 ./Core/Src/custom_memory_manager.o
                0x080007d0                vPortFreeMicroROS
 .text.getBlockSize
                0x08000888       0x3c ./Core/Src/custom_memory_manager.o
                0x08000888                getBlockSize
 .text.pvPortReallocMicroROS
                0x080008c4       0x5a ./Core/Src/custom_memory_manager.o
                0x080008c4                pvPortReallocMicroROS
 .text.pvPortCallocMicroROS
                0x0800091e       0x48 ./Core/Src/custom_memory_manager.o
                0x0800091e                pvPortCallocMicroROS
 *fill*         0x08000966        0x2 
 .text.prvHeapInit
                0x08000968       0xc4 ./Core/Src/custom_memory_manager.o
 .text.prvInsertBlockIntoFreeList
                0x08000a2c       0xb4 ./Core/Src/custom_memory_manager.o
 .text.main     0x08000ae0       0x64 ./Core/Src/main.o
                0x08000ae0                main
 .text.SystemClock_Config
                0x08000b44       0xd8 ./Core/Src/main.o
                0x08000b44                SystemClock_Config
 .text.MX_I2C1_Init
                0x08000c1c       0x5c ./Core/Src/main.o
 .text.MX_TIM1_Init
                0x08000c78       0xb8 ./Core/Src/main.o
 .text.MX_TIM2_Init
                0x08000d30       0xb0 ./Core/Src/main.o
 .text.MX_TIM3_Init
                0x08000de0       0xb0 ./Core/Src/main.o
 .text.MX_TIM4_Init
                0x08000e90       0xb0 ./Core/Src/main.o
 .text.MX_TIM5_Init
                0x08000f40       0x9c ./Core/Src/main.o
 .text.MX_USART2_UART_Init
                0x08000fdc       0x54 ./Core/Src/main.o
 .text.MX_DMA_Init
                0x08001030       0x50 ./Core/Src/main.o
 .text.MX_GPIO_Init
                0x08001080      0x104 ./Core/Src/main.o
 .text.read_encoder_angular_velocity
                0x08001184       0xc8 ./Core/Src/main.o
                0x08001184                read_encoder_angular_velocity
 .text.HAL_TIM_PeriodElapsedCallback
                0x0800124c       0x7c ./Core/Src/main.o
                0x0800124c                HAL_TIM_PeriodElapsedCallback
 .text.Microros
                0x080012c8      0x114 ./Core/Src/main.o
                0x080012c8                Microros
 .text.Error_Handler
                0x080013dc        0xc ./Core/Src/main.o
                0x080013dc                Error_Handler
 .text.microros_allocate
                0x080013e8       0x44 ./Core/Src/microros_allocators.o
                0x080013e8                microros_allocate
 .text.microros_deallocate
                0x0800142c       0x38 ./Core/Src/microros_allocators.o
                0x0800142c                microros_deallocate
 .text.microros_reallocate
                0x08001464       0x6c ./Core/Src/microros_allocators.o
                0x08001464                microros_reallocate
 .text.microros_zero_allocate
                0x080014d0       0x50 ./Core/Src/microros_allocators.o
                0x080014d0                microros_zero_allocate
 .text.UTILS_NanosecondsToTimespec
                0x08001520       0xa0 ./Core/Src/microros_time.o
                0x08001520                UTILS_NanosecondsToTimespec
 .text.clock_gettime
                0x080015c0       0xee ./Core/Src/microros_time.o
                0x080015c0                clock_gettime
 *fill*         0x080016ae        0x2 
 .text.HAL_MspInit
                0x080016b0       0x58 ./Core/Src/stm32f4xx_hal_msp.o
                0x080016b0                HAL_MspInit
 .text.HAL_I2C_MspInit
                0x08001708       0x90 ./Core/Src/stm32f4xx_hal_msp.o
                0x08001708                HAL_I2C_MspInit
 .text.HAL_TIM_Encoder_MspInit
                0x08001798      0x238 ./Core/Src/stm32f4xx_hal_msp.o
                0x08001798                HAL_TIM_Encoder_MspInit
 .text.HAL_TIM_Base_MspInit
                0x080019d0       0x50 ./Core/Src/stm32f4xx_hal_msp.o
                0x080019d0                HAL_TIM_Base_MspInit
 .text.HAL_UART_MspInit
                0x08001a20      0x170 ./Core/Src/stm32f4xx_hal_msp.o
                0x08001a20                HAL_UART_MspInit
 .text.NMI_Handler
                0x08001b90        0x8 ./Core/Src/stm32f4xx_it.o
                0x08001b90                NMI_Handler
 .text.HardFault_Handler
                0x08001b98        0x8 ./Core/Src/stm32f4xx_it.o
                0x08001b98                HardFault_Handler
 .text.MemManage_Handler
                0x08001ba0        0x8 ./Core/Src/stm32f4xx_it.o
                0x08001ba0                MemManage_Handler
 .text.BusFault_Handler
                0x08001ba8        0x8 ./Core/Src/stm32f4xx_it.o
                0x08001ba8                BusFault_Handler
 .text.UsageFault_Handler
                0x08001bb0        0x8 ./Core/Src/stm32f4xx_it.o
                0x08001bb0                UsageFault_Handler
 .text.DebugMon_Handler
                0x08001bb8        0xe ./Core/Src/stm32f4xx_it.o
                0x08001bb8                DebugMon_Handler
 .text.SysTick_Handler
                0x08001bc6       0x1a ./Core/Src/stm32f4xx_it.o
                0x08001bc6                SysTick_Handler
 .text.DMA1_Stream5_IRQHandler
                0x08001be0       0x14 ./Core/Src/stm32f4xx_it.o
                0x08001be0                DMA1_Stream5_IRQHandler
 .text.DMA1_Stream6_IRQHandler
                0x08001bf4       0x14 ./Core/Src/stm32f4xx_it.o
                0x08001bf4                DMA1_Stream6_IRQHandler
 .text.TIM1_BRK_TIM9_IRQHandler
                0x08001c08       0x14 ./Core/Src/stm32f4xx_it.o
                0x08001c08                TIM1_BRK_TIM9_IRQHandler
 .text.TIM1_UP_TIM10_IRQHandler
                0x08001c1c       0x14 ./Core/Src/stm32f4xx_it.o
                0x08001c1c                TIM1_UP_TIM10_IRQHandler
 .text.TIM1_TRG_COM_TIM11_IRQHandler
                0x08001c30       0x14 ./Core/Src/stm32f4xx_it.o
                0x08001c30                TIM1_TRG_COM_TIM11_IRQHandler
 .text.TIM1_CC_IRQHandler
                0x08001c44       0x14 ./Core/Src/stm32f4xx_it.o
                0x08001c44                TIM1_CC_IRQHandler
 .text.TIM2_IRQHandler
                0x08001c58       0x14 ./Core/Src/stm32f4xx_it.o
                0x08001c58                TIM2_IRQHandler
 .text.TIM3_IRQHandler
                0x08001c6c       0x14 ./Core/Src/stm32f4xx_it.o
                0x08001c6c                TIM3_IRQHandler
 .text.TIM4_IRQHandler
                0x08001c80       0x14 ./Core/Src/stm32f4xx_it.o
                0x08001c80                TIM4_IRQHandler
 .text.USART2_IRQHandler
                0x08001c94       0x14 ./Core/Src/stm32f4xx_it.o
                0x08001c94                USART2_IRQHandler
 .text.TIM5_IRQHandler
                0x08001ca8       0x14 ./Core/Src/stm32f4xx_it.o
                0x08001ca8                TIM5_IRQHandler
 .text._getpid  0x08001cbc       0x10 ./Core/Src/syscalls.o
                0x08001cbc                _getpid
 .text._kill    0x08001ccc       0x20 ./Core/Src/syscalls.o
                0x08001ccc                _kill
 .text._exit    0x08001cec       0x16 ./Core/Src/syscalls.o
                0x08001cec                _exit
 .text._read    0x08001d02       0x3a ./Core/Src/syscalls.o
                0x08001d02                _read
 .text._write   0x08001d3c       0x38 ./Core/Src/syscalls.o
                0x08001d3c                _write
 .text._close   0x08001d74       0x18 ./Core/Src/syscalls.o
                0x08001d74                _close
 .text._fstat   0x08001d8c       0x20 ./Core/Src/syscalls.o
                0x08001d8c                _fstat
 .text._isatty  0x08001dac       0x16 ./Core/Src/syscalls.o
                0x08001dac                _isatty
 .text._lseek   0x08001dc2       0x1a ./Core/Src/syscalls.o
                0x08001dc2                _lseek
 .text._sbrk    0x08001ddc       0x6c ./Core/Src/sysmem.o
                0x08001ddc                _sbrk
 .text.SystemInit
                0x08001e48       0x24 ./Core/Src/system_stm32f4xx.o
                0x08001e48                SystemInit
 .text.cubemx_transport_open
                0x08001e6c       0x2c ./Core/Src/microros_transports/dma_transport.o
                0x08001e6c                cubemx_transport_open
 .text.cubemx_transport_close
                0x08001e98       0x20 ./Core/Src/microros_transports/dma_transport.o
                0x08001e98                cubemx_transport_close
 .text.cubemx_transport_write
                0x08001eb8       0x66 ./Core/Src/microros_transports/dma_transport.o
                0x08001eb8                cubemx_transport_write
 *fill*         0x08001f1e        0x2 
 .text.cubemx_transport_read
                0x08001f20       0xa8 ./Core/Src/microros_transports/dma_transport.o
                0x08001f20                cubemx_transport_read
 .text.Reset_Handler
                0x08001fc8       0x50 ./Core/Startup/startup_stm32f401retx.o
                0x08001fc8                Reset_Handler
 .text.Default_Handler
                0x08002018        0x2 ./Core/Startup/startup_stm32f401retx.o
                0x08002018                RTC_Alarm_IRQHandler
                0x08002018                EXTI2_IRQHandler
                0x08002018                SPI4_IRQHandler
                0x08002018                DMA2_Stream5_IRQHandler
                0x08002018                PVD_IRQHandler
                0x08002018                SDIO_IRQHandler
                0x08002018                TAMP_STAMP_IRQHandler
                0x08002018                EXTI3_IRQHandler
                0x08002018                I2C3_ER_IRQHandler
                0x08002018                EXTI0_IRQHandler
                0x08002018                I2C2_EV_IRQHandler
                0x08002018                DMA1_Stream2_IRQHandler
                0x08002018                FPU_IRQHandler
                0x08002018                DMA2_Stream2_IRQHandler
                0x08002018                SPI1_IRQHandler
                0x08002018                DMA2_Stream3_IRQHandler
                0x08002018                USART6_IRQHandler
                0x08002018                DMA2_Stream0_IRQHandler
                0x08002018                I2C1_EV_IRQHandler
                0x08002018                DMA1_Stream1_IRQHandler
                0x08002018                RCC_IRQHandler
                0x08002018                Default_Handler
                0x08002018                EXTI15_10_IRQHandler
                0x08002018                ADC_IRQHandler
                0x08002018                DMA1_Stream7_IRQHandler
                0x08002018                DMA2_Stream7_IRQHandler
                0x08002018                I2C3_EV_IRQHandler
                0x08002018                EXTI9_5_IRQHandler
                0x08002018                RTC_WKUP_IRQHandler
                0x08002018                SPI2_IRQHandler
                0x08002018                DMA1_Stream0_IRQHandler
                0x08002018                EXTI4_IRQHandler
                0x08002018                WWDG_IRQHandler
                0x08002018                OTG_FS_WKUP_IRQHandler
                0x08002018                EXTI1_IRQHandler
                0x08002018                I2C2_ER_IRQHandler
                0x08002018                DMA2_Stream1_IRQHandler
                0x08002018                FLASH_IRQHandler
                0x08002018                DMA2_Stream4_IRQHandler
                0x08002018                USART1_IRQHandler
                0x08002018                OTG_FS_IRQHandler
                0x08002018                SPI3_IRQHandler
                0x08002018                DMA1_Stream4_IRQHandler
                0x08002018                I2C1_ER_IRQHandler
                0x08002018                DMA2_Stream6_IRQHandler
                0x08002018                DMA1_Stream3_IRQHandler
 *fill*         0x0800201a        0x2 
 .text.HAL_Init
                0x0800201c       0x44 ./Drivers/STM32F4xx_HAL_Driver/Src/stm32f4xx_hal.o
                0x0800201c                HAL_Init
 .text.HAL_InitTick
                0x08002060       0x60 ./Drivers/STM32F4xx_HAL_Driver/Src/stm32f4xx_hal.o
                0x08002060                HAL_InitTick
 .text.HAL_IncTick
                0x080020c0       0x28 ./Drivers/STM32F4xx_HAL_Driver/Src/stm32f4xx_hal.o
                0x080020c0                HAL_IncTick
 .text.HAL_GetTick
                0x080020e8       0x18 ./Drivers/STM32F4xx_HAL_Driver/Src/stm32f4xx_hal.o
                0x080020e8                HAL_GetTick
 .text.__NVIC_SetPriorityGrouping
                0x08002100       0x48 ./Drivers/STM32F4xx_HAL_Driver/Src/stm32f4xx_hal_cortex.o
 .text.__NVIC_GetPriorityGrouping
                0x08002148       0x1c ./Drivers/STM32F4xx_HAL_Driver/Src/stm32f4xx_hal_cortex.o
 .text.__NVIC_EnableIRQ
                0x08002164       0x3c ./Drivers/STM32F4xx_HAL_Driver/Src/stm32f4xx_hal_cortex.o
 .text.__NVIC_SetPriority
                0x080021a0       0x54 ./Drivers/STM32F4xx_HAL_Driver/Src/stm32f4xx_hal_cortex.o
 .text.NVIC_EncodePriority
                0x080021f4       0x66 ./Drivers/STM32F4xx_HAL_Driver/Src/stm32f4xx_hal_cortex.o
 *fill*         0x0800225a        0x2 
 .text.SysTick_Config
                0x0800225c       0x44 ./Drivers/STM32F4xx_HAL_Driver/Src/stm32f4xx_hal_cortex.o
 .text.HAL_NVIC_SetPriorityGrouping
                0x080022a0       0x16 ./Drivers/STM32F4xx_HAL_Driver/Src/stm32f4xx_hal_cortex.o
                0x080022a0                HAL_NVIC_SetPriorityGrouping
 .text.HAL_NVIC_SetPriority
                0x080022b6       0x38 ./Drivers/STM32F4xx_HAL_Driver/Src/stm32f4xx_hal_cortex.o
                0x080022b6                HAL_NVIC_SetPriority
 .text.HAL_NVIC_EnableIRQ
                0x080022ee       0x1c ./Drivers/STM32F4xx_HAL_Driver/Src/stm32f4xx_hal_cortex.o
                0x080022ee                HAL_NVIC_EnableIRQ
 .text.HAL_SYSTICK_Config
                0x0800230a       0x18 ./Drivers/STM32F4xx_HAL_Driver/Src/stm32f4xx_hal_cortex.o
                0x0800230a                HAL_SYSTICK_Config
 *fill*         0x08002322        0x2 
 .text.HAL_DMA_Init
                0x08002324      0x15c ./Drivers/STM32F4xx_HAL_Driver/Src/stm32f4xx_hal_dma.o
                0x08002324                HAL_DMA_Init
 .text.HAL_DMA_Start_IT
                0x08002480       0xb0 ./Drivers/STM32F4xx_HAL_Driver/Src/stm32f4xx_hal_dma.o
                0x08002480                HAL_DMA_Start_IT
 .text.HAL_DMA_Abort
                0x08002530       0xe0 ./Drivers/STM32F4xx_HAL_Driver/Src/stm32f4xx_hal_dma.o
                0x08002530                HAL_DMA_Abort
 .text.HAL_DMA_Abort_IT
                0x08002610       0x44 ./Drivers/STM32F4xx_HAL_Driver/Src/stm32f4xx_hal_dma.o
                0x08002610                HAL_DMA_Abort_IT
 .text.HAL_DMA_IRQHandler
                0x08002654      0x314 ./Drivers/STM32F4xx_HAL_Driver/Src/stm32f4xx_hal_dma.o
                0x08002654                HAL_DMA_IRQHandler
 .text.DMA_SetConfig
                0x08002968       0x5c ./Drivers/STM32F4xx_HAL_Driver/Src/stm32f4xx_hal_dma.o
 .text.DMA_CalcBaseAndBitshift
                0x080029c4       0x6c ./Drivers/STM32F4xx_HAL_Driver/Src/stm32f4xx_hal_dma.o
 .text.DMA_CheckFifoParam
                0x08002a30       0xf8 ./Drivers/STM32F4xx_HAL_Driver/Src/stm32f4xx_hal_dma.o
 .text.HAL_GPIO_Init
                0x08002b28      0x308 ./Drivers/STM32F4xx_HAL_Driver/Src/stm32f4xx_hal_gpio.o
                0x08002b28                HAL_GPIO_Init
 .text.HAL_GPIO_WritePin
                0x08002e30       0x32 ./Drivers/STM32F4xx_HAL_Driver/Src/stm32f4xx_hal_gpio.o
                0x08002e30                HAL_GPIO_WritePin
 *fill*         0x08002e62        0x2 
 .text.HAL_I2C_Init
                0x08002e64      0x288 ./Drivers/STM32F4xx_HAL_Driver/Src/stm32f4xx_hal_i2c.o
                0x08002e64                HAL_I2C_Init
 .text.HAL_RCC_OscConfig
                0x080030ec      0x4f0 ./Drivers/STM32F4xx_HAL_Driver/Src/stm32f4xx_hal_rcc.o
                0x080030ec                HAL_RCC_OscConfig
 .text.HAL_RCC_ClockConfig
                0x080035dc      0x1cc ./Drivers/STM32F4xx_HAL_Driver/Src/stm32f4xx_hal_rcc.o
                0x080035dc                HAL_RCC_ClockConfig
 .text.HAL_RCC_GetSysClockFreq
                0x080037a8      0x20c ./Drivers/STM32F4xx_HAL_Driver/Src/stm32f4xx_hal_rcc.o
                0x080037a8                HAL_RCC_GetSysClockFreq
 .text.HAL_RCC_GetHCLKFreq
                0x080039b4       0x18 ./Drivers/STM32F4xx_HAL_Driver/Src/stm32f4xx_hal_rcc.o
                0x080039b4                HAL_RCC_GetHCLKFreq
 .text.HAL_RCC_GetPCLK1Freq
                0x080039cc       0x28 ./Drivers/STM32F4xx_HAL_Driver/Src/stm32f4xx_hal_rcc.o
                0x080039cc                HAL_RCC_GetPCLK1Freq
 .text.HAL_RCC_GetPCLK2Freq
                0x080039f4       0x28 ./Drivers/STM32F4xx_HAL_Driver/Src/stm32f4xx_hal_rcc.o
                0x080039f4                HAL_RCC_GetPCLK2Freq
 .text.HAL_TIM_Base_Init
                0x08003a1c       0x9e ./Drivers/STM32F4xx_HAL_Driver/Src/stm32f4xx_hal_tim.o
                0x08003a1c                HAL_TIM_Base_Init
 *fill*         0x08003aba        0x2 
 .text.HAL_TIM_Base_Start_IT
                0x08003abc       0xc4 ./Drivers/STM32F4xx_HAL_Driver/Src/stm32f4xx_hal_tim.o
                0x08003abc                HAL_TIM_Base_Start_IT
 .text.HAL_TIM_Encoder_Init
                0x08003b80      0x14c ./Drivers/STM32F4xx_HAL_Driver/Src/stm32f4xx_hal_tim.o
                0x08003b80                HAL_TIM_Encoder_Init
 .text.HAL_TIM_Encoder_Start
                0x08003ccc      0x11c ./Drivers/STM32F4xx_HAL_Driver/Src/stm32f4xx_hal_tim.o
                0x08003ccc                HAL_TIM_Encoder_Start
 .text.HAL_TIM_IRQHandler
                0x08003de8      0x1e0 ./Drivers/STM32F4xx_HAL_Driver/Src/stm32f4xx_hal_tim.o
                0x08003de8                HAL_TIM_IRQHandler
 .text.HAL_TIM_ConfigClockSource
                0x08003fc8      0x18e ./Drivers/STM32F4xx_HAL_Driver/Src/stm32f4xx_hal_tim.o
                0x08003fc8                HAL_TIM_ConfigClockSource
 .text.HAL_TIM_OC_DelayElapsedCallback
                0x08004156       0x14 ./Drivers/STM32F4xx_HAL_Driver/Src/stm32f4xx_hal_tim.o
                0x08004156                HAL_TIM_OC_DelayElapsedCallback
 .text.HAL_TIM_IC_CaptureCallback
                0x0800416a       0x14 ./Drivers/STM32F4xx_HAL_Driver/Src/stm32f4xx_hal_tim.o
                0x0800416a                HAL_TIM_IC_CaptureCallback
 .text.HAL_TIM_PWM_PulseFinishedCallback
                0x0800417e       0x14 ./Drivers/STM32F4xx_HAL_Driver/Src/stm32f4xx_hal_tim.o
                0x0800417e                HAL_TIM_PWM_PulseFinishedCallback
 .text.HAL_TIM_TriggerCallback
                0x08004192       0x14 ./Drivers/STM32F4xx_HAL_Driver/Src/stm32f4xx_hal_tim.o
                0x08004192                HAL_TIM_TriggerCallback
 *fill*         0x080041a6        0x2 
 .text.TIM_Base_SetConfig
                0x080041a8      0x118 ./Drivers/STM32F4xx_HAL_Driver/Src/stm32f4xx_hal_tim.o
                0x080041a8                TIM_Base_SetConfig
 .text.TIM_TI1_ConfigInputStage
                0x080042c0       0x5e ./Drivers/STM32F4xx_HAL_Driver/Src/stm32f4xx_hal_tim.o
 .text.TIM_TI2_ConfigInputStage
                0x0800431e       0x60 ./Drivers/STM32F4xx_HAL_Driver/Src/stm32f4xx_hal_tim.o
 .text.TIM_ITRx_SetConfig
                0x0800437e       0x36 ./Drivers/STM32F4xx_HAL_Driver/Src/stm32f4xx_hal_tim.o
 .text.TIM_ETR_SetConfig
                0x080043b4       0x40 ./Drivers/STM32F4xx_HAL_Driver/Src/stm32f4xx_hal_tim.o
                0x080043b4                TIM_ETR_SetConfig
 .text.TIM_CCxChannelCmd
                0x080043f4       0x4a ./Drivers/STM32F4xx_HAL_Driver/Src/stm32f4xx_hal_tim.o
                0x080043f4                TIM_CCxChannelCmd
 *fill*         0x0800443e        0x2 
 .text.HAL_TIMEx_MasterConfigSynchronization
                0x08004440       0xdc ./Drivers/STM32F4xx_HAL_Driver/Src/stm32f4xx_hal_tim_ex.o
                0x08004440                HAL_TIMEx_MasterConfigSynchronization
 .text.HAL_TIMEx_CommutCallback
                0x0800451c       0x14 ./Drivers/STM32F4xx_HAL_Driver/Src/stm32f4xx_hal_tim_ex.o
                0x0800451c                HAL_TIMEx_CommutCallback
 .text.HAL_TIMEx_BreakCallback
                0x08004530       0x14 ./Drivers/STM32F4xx_HAL_Driver/Src/stm32f4xx_hal_tim_ex.o
                0x08004530                HAL_TIMEx_BreakCallback
 .text.HAL_UART_Init
                0x08004544       0xa0 ./Drivers/STM32F4xx_HAL_Driver/Src/stm32f4xx_hal_uart.o
                0x08004544                HAL_UART_Init
 .text.HAL_UART_Transmit_DMA
                0x080045e4       0xe0 ./Drivers/STM32F4xx_HAL_Driver/Src/stm32f4xx_hal_uart.o
                0x080045e4                HAL_UART_Transmit_DMA
 .text.HAL_UART_Receive_DMA
                0x080046c4       0x4a ./Drivers/STM32F4xx_HAL_Driver/Src/stm32f4xx_hal_uart.o
                0x080046c4                HAL_UART_Receive_DMA
 .text.HAL_UART_DMAStop
                0x0800470e       0xfe ./Drivers/STM32F4xx_HAL_Driver/Src/stm32f4xx_hal_uart.o
                0x0800470e                HAL_UART_DMAStop
 .text.HAL_UART_IRQHandler
                0x0800480c      0x524 ./Drivers/STM32F4xx_HAL_Driver/Src/stm32f4xx_hal_uart.o
                0x0800480c                HAL_UART_IRQHandler
 .text.HAL_UART_TxCpltCallback
                0x08004d30       0x14 ./Drivers/STM32F4xx_HAL_Driver/Src/stm32f4xx_hal_uart.o
                0x08004d30                HAL_UART_TxCpltCallback
 .text.HAL_UART_TxHalfCpltCallback
                0x08004d44       0x14 ./Drivers/STM32F4xx_HAL_Driver/Src/stm32f4xx_hal_uart.o
                0x08004d44                HAL_UART_TxHalfCpltCallback
 .text.HAL_UART_RxCpltCallback
                0x08004d58       0x14 ./Drivers/STM32F4xx_HAL_Driver/Src/stm32f4xx_hal_uart.o
                0x08004d58                HAL_UART_RxCpltCallback
 .text.HAL_UART_RxHalfCpltCallback
                0x08004d6c       0x14 ./Drivers/STM32F4xx_HAL_Driver/Src/stm32f4xx_hal_uart.o
                0x08004d6c                HAL_UART_RxHalfCpltCallback
 .text.HAL_UART_ErrorCallback
                0x08004d80       0x14 ./Drivers/STM32F4xx_HAL_Driver/Src/stm32f4xx_hal_uart.o
                0x08004d80                HAL_UART_ErrorCallback
 .text.HAL_UARTEx_RxEventCallback
                0x08004d94       0x18 ./Drivers/STM32F4xx_HAL_Driver/Src/stm32f4xx_hal_uart.o
                0x08004d94                HAL_UARTEx_RxEventCallback
 .text.UART_DMATransmitCplt
                0x08004dac       0x9a ./Drivers/STM32F4xx_HAL_Driver/Src/stm32f4xx_hal_uart.o
 .text.UART_DMATxHalfCplt
                0x08004e46       0x1c ./Drivers/STM32F4xx_HAL_Driver/Src/stm32f4xx_hal_uart.o
 .text.UART_DMAReceiveCplt
                0x08004e62      0x12c ./Drivers/STM32F4xx_HAL_Driver/Src/stm32f4xx_hal_uart.o
 .text.UART_DMARxHalfCplt
                0x08004f8e       0x3c ./Drivers/STM32F4xx_HAL_Driver/Src/stm32f4xx_hal_uart.o
 .text.UART_DMAError
                0x08004fca       0x94 ./Drivers/STM32F4xx_HAL_Driver/Src/stm32f4xx_hal_uart.o
 *fill*         0x0800505e        0x2 
 .text.UART_Start_Receive_DMA
                0x08005060      0x134 ./Drivers/STM32F4xx_HAL_Driver/Src/stm32f4xx_hal_uart.o
                0x08005060                UART_Start_Receive_DMA
 .text.UART_EndTxTransfer
                0x08005194       0x50 ./Drivers/STM32F4xx_HAL_Driver/Src/stm32f4xx_hal_uart.o
 .text.UART_EndRxTransfer
                0x080051e4       0xc6 ./Drivers/STM32F4xx_HAL_Driver/Src/stm32f4xx_hal_uart.o
 .text.UART_DMAAbortOnError
                0x080052aa       0x28 ./Drivers/STM32F4xx_HAL_Driver/Src/stm32f4xx_hal_uart.o
 .text.UART_Transmit_IT
                0x080052d2       0xa0 ./Drivers/STM32F4xx_HAL_Driver/Src/stm32f4xx_hal_uart.o
 .text.UART_EndTransmit_IT
                0x08005372       0x30 ./Drivers/STM32F4xx_HAL_Driver/Src/stm32f4xx_hal_uart.o
 .text.UART_Receive_IT
                0x080053a2      0x17c ./Drivers/STM32F4xx_HAL_Driver/Src/stm32f4xx_hal_uart.o
 *fill*         0x0800551e        0x2 
 .text.UART_SetConfig
                0x08005520      0x4e8 ./Drivers/STM32F4xx_HAL_Driver/Src/stm32f4xx_hal_uart.o
 .text.__NVIC_SetPriority
                0x08005a08       0x54 ./Middlewares/Third_Party/FreeRTOS/Source/CMSIS_RTOS_V2/cmsis_os2.o
 .text.SVC_Setup
                0x08005a5c       0x12 ./Middlewares/Third_Party/FreeRTOS/Source/CMSIS_RTOS_V2/cmsis_os2.o
 *fill*         0x08005a6e        0x2 
 .text.osKernelInitialize
                0x08005a70       0x48 ./Middlewares/Third_Party/FreeRTOS/Source/CMSIS_RTOS_V2/cmsis_os2.o
                0x08005a70                osKernelInitialize
 .text.osKernelStart
                0x08005ab8       0x4c ./Middlewares/Third_Party/FreeRTOS/Source/CMSIS_RTOS_V2/cmsis_os2.o
                0x08005ab8                osKernelStart
 .text.osThreadNew
                0x08005b04      0x124 ./Middlewares/Third_Party/FreeRTOS/Source/CMSIS_RTOS_V2/cmsis_os2.o
                0x08005b04                osThreadNew
 .text.osDelay  0x08005c28       0x36 ./Middlewares/Third_Party/FreeRTOS/Source/CMSIS_RTOS_V2/cmsis_os2.o
                0x08005c28                osDelay
 *fill*         0x08005c5e        0x2 
 .text.vApplicationGetIdleTaskMemory
                0x08005c60       0x34 ./Middlewares/Third_Party/FreeRTOS/Source/CMSIS_RTOS_V2/cmsis_os2.o
                0x08005c60                vApplicationGetIdleTaskMemory
 .text.vApplicationGetTimerTaskMemory
                0x08005c94       0x34 ./Middlewares/Third_Party/FreeRTOS/Source/CMSIS_RTOS_V2/cmsis_os2.o
                0x08005c94                vApplicationGetTimerTaskMemory
 .text.vListInitialise
                0x08005cc8       0x40 ./Middlewares/Third_Party/FreeRTOS/Source/list.o
                0x08005cc8                vListInitialise
 .text.vListInitialiseItem
                0x08005d08       0x1a ./Middlewares/Third_Party/FreeRTOS/Source/list.o
                0x08005d08                vListInitialiseItem
 .text.vListInsertEnd
                0x08005d22       0x48 ./Middlewares/Third_Party/FreeRTOS/Source/list.o
                0x08005d22                vListInsertEnd
 .text.vListInsert
                0x08005d6a       0x72 ./Middlewares/Third_Party/FreeRTOS/Source/list.o
                0x08005d6a                vListInsert
 .text.uxListRemove
                0x08005ddc       0x54 ./Middlewares/Third_Party/FreeRTOS/Source/list.o
                0x08005ddc                uxListRemove
 .text.xQueueGenericReset
                0x08005e30       0xd4 ./Middlewares/Third_Party/FreeRTOS/Source/queue.o
                0x08005e30                xQueueGenericReset
 .text.xQueueGenericCreateStatic
                0x08005f04       0xfa ./Middlewares/Third_Party/FreeRTOS/Source/queue.o
                0x08005f04                xQueueGenericCreateStatic
 .text.prvInitialiseNewQueue
                0x08005ffe       0x46 ./Middlewares/Third_Party/FreeRTOS/Source/queue.o
 .text.xQueueGenericSend
                0x08006044      0x204 ./Middlewares/Third_Party/FreeRTOS/Source/queue.o
                0x08006044                xQueueGenericSend
 .text.xQueueGenericSendFromISR
                0x08006248      0x13c ./Middlewares/Third_Party/FreeRTOS/Source/queue.o
                0x08006248                xQueueGenericSendFromISR
 .text.xQueueReceive
                0x08006384      0x1c4 ./Middlewares/Third_Party/FreeRTOS/Source/queue.o
                0x08006384                xQueueReceive
 .text.prvCopyDataToQueue
                0x08006548       0xd4 ./Middlewares/Third_Party/FreeRTOS/Source/queue.o
 .text.prvCopyDataFromQueue
                0x0800661c       0x4c ./Middlewares/Third_Party/FreeRTOS/Source/queue.o
 .text.prvUnlockQueue
                0x08006668       0xa4 ./Middlewares/Third_Party/FreeRTOS/Source/queue.o
 .text.prvIsQueueEmpty
                0x0800670c       0x2c ./Middlewares/Third_Party/FreeRTOS/Source/queue.o
 .text.prvIsQueueFull
                0x08006738       0x30 ./Middlewares/Third_Party/FreeRTOS/Source/queue.o
 .text.vQueueAddToRegistry
                0x08006768       0x54 ./Middlewares/Third_Party/FreeRTOS/Source/queue.o
                0x08006768                vQueueAddToRegistry
 .text.vQueueWaitForMessageRestricted
                0x080067bc       0x68 ./Middlewares/Third_Party/FreeRTOS/Source/queue.o
                0x080067bc                vQueueWaitForMessageRestricted
 .text.xTaskCreateStatic
                0x08006824       0xc0 ./Middlewares/Third_Party/FreeRTOS/Source/tasks.o
                0x08006824                xTaskCreateStatic
 .text.xTaskCreate
                0x080068e4       0x8a ./Middlewares/Third_Party/FreeRTOS/Source/tasks.o
                0x080068e4                xTaskCreate
 .text.prvInitialiseNewTask
                0x0800696e      0x120 ./Middlewares/Third_Party/FreeRTOS/Source/tasks.o
 *fill*         0x08006a8e        0x2 
 .text.prvAddNewTaskToReadyList
                0x08006a90       0xe0 ./Middlewares/Third_Party/FreeRTOS/Source/tasks.o
 .text.vTaskDelay
                0x08006b70       0x6c ./Middlewares/Third_Party/FreeRTOS/Source/tasks.o
                0x08006b70                vTaskDelay
 .text.vTaskStartScheduler
                0x08006bdc       0xd0 ./Middlewares/Third_Party/FreeRTOS/Source/tasks.o
                0x08006bdc                vTaskStartScheduler
 .text.vTaskSuspendAll
                0x08006cac       0x1c ./Middlewares/Third_Party/FreeRTOS/Source/tasks.o
                0x08006cac                vTaskSuspendAll
 .text.xTaskResumeAll
                0x08006cc8      0x13c ./Middlewares/Third_Party/FreeRTOS/Source/tasks.o
                0x08006cc8                xTaskResumeAll
 .text.xTaskGetTickCount
                0x08006e04       0x20 ./Middlewares/Third_Party/FreeRTOS/Source/tasks.o
                0x08006e04                xTaskGetTickCount
 .text.xTaskIncrementTick
                0x08006e24      0x174 ./Middlewares/Third_Party/FreeRTOS/Source/tasks.o
                0x08006e24                xTaskIncrementTick
 .text.vTaskSwitchContext
                0x08006f98       0xbc ./Middlewares/Third_Party/FreeRTOS/Source/tasks.o
                0x08006f98                vTaskSwitchContext
 .text.vTaskPlaceOnEventList
                0x08007054       0x4c ./Middlewares/Third_Party/FreeRTOS/Source/tasks.o
                0x08007054                vTaskPlaceOnEventList
 .text.vTaskPlaceOnEventListRestricted
                0x080070a0       0x58 ./Middlewares/Third_Party/FreeRTOS/Source/tasks.o
                0x080070a0                vTaskPlaceOnEventListRestricted
 .text.xTaskRemoveFromEventList
                0x080070f8       0xc8 ./Middlewares/Third_Party/FreeRTOS/Source/tasks.o
                0x080070f8                xTaskRemoveFromEventList
 .text.vTaskSetTimeOutState
                0x080071c0       0x50 ./Middlewares/Third_Party/FreeRTOS/Source/tasks.o
                0x080071c0                vTaskSetTimeOutState
 .text.vTaskInternalSetTimeOutState
                0x08007210       0x2c ./Middlewares/Third_Party/FreeRTOS/Source/tasks.o
                0x08007210                vTaskInternalSetTimeOutState
 .text.xTaskCheckForTimeOut
                0x0800723c       0xc8 ./Middlewares/Third_Party/FreeRTOS/Source/tasks.o
                0x0800723c                xTaskCheckForTimeOut
 .text.vTaskMissedYield
                0x08007304       0x18 ./Middlewares/Third_Party/FreeRTOS/Source/tasks.o
                0x08007304                vTaskMissedYield
 .text.prvIdleTask
                0x0800731c       0x30 ./Middlewares/Third_Party/FreeRTOS/Source/tasks.o
 .text.prvInitialiseTaskLists
                0x0800734c       0x80 ./Middlewares/Third_Party/FreeRTOS/Source/tasks.o
 .text.prvCheckTasksWaitingTermination
                0x080073cc       0x5c ./Middlewares/Third_Party/FreeRTOS/Source/tasks.o
 .text.prvDeleteTCB
                0x08007428       0x60 ./Middlewares/Third_Party/FreeRTOS/Source/tasks.o
 .text.prvResetNextTaskUnblockTime
                0x08007488       0x40 ./Middlewares/Third_Party/FreeRTOS/Source/tasks.o
 .text.xTaskGetSchedulerState
                0x080074c8       0x3c ./Middlewares/Third_Party/FreeRTOS/Source/tasks.o
                0x080074c8                xTaskGetSchedulerState
 .text.xTaskPriorityDisinherit
                0x08007504       0xe0 ./Middlewares/Third_Party/FreeRTOS/Source/tasks.o
                0x08007504                xTaskPriorityDisinherit
 .text.prvAddCurrentTaskToDelayedList
                0x080075e4       0xa8 ./Middlewares/Third_Party/FreeRTOS/Source/tasks.o
 .text.xTimerCreateTimerTask
                0x0800768c       0x94 ./Middlewares/Third_Party/FreeRTOS/Source/timers.o
                0x0800768c                xTimerCreateTimerTask
 .text.xTimerGenericCommand
                0x08007720       0x9c ./Middlewares/Third_Party/FreeRTOS/Source/timers.o
                0x08007720                xTimerGenericCommand
 .text.prvProcessExpiredTimer
                0x080077bc       0x9c ./Middlewares/Third_Party/FreeRTOS/Source/timers.o
 .text.prvTimerTask
                0x08007858       0x26 ./Middlewares/Third_Party/FreeRTOS/Source/timers.o
 *fill*         0x0800787e        0x2 
 .text.prvProcessTimerOrBlockTask
                0x08007880       0x9c ./Middlewares/Third_Party/FreeRTOS/Source/timers.o
 .text.prvGetNextExpireTime
                0x0800791c       0x48 ./Middlewares/Third_Party/FreeRTOS/Source/timers.o
 .text.prvSampleTimeNow
                0x08007964       0x40 ./Middlewares/Third_Party/FreeRTOS/Source/timers.o
 .text.prvInsertTimerInActiveList
                0x080079a4       0x84 ./Middlewares/Third_Party/FreeRTOS/Source/timers.o
 .text.prvProcessReceivedCommands
                0x08007a28      0x1cc ./Middlewares/Third_Party/FreeRTOS/Source/timers.o
 .text.prvSwitchTimerLists
                0x08007bf4       0xcc ./Middlewares/Third_Party/FreeRTOS/Source/timers.o
 .text.prvCheckForValidListAndQueue
                0x08007cc0       0x80 ./Middlewares/Third_Party/FreeRTOS/Source/timers.o
 .text.pxPortInitialiseStack
                0x08007d40       0x68 ./Middlewares/Third_Party/FreeRTOS/Source/portable/GCC/ARM_CM4F/port.o
                0x08007d40                pxPortInitialiseStack
 .text.prvTaskExitError
                0x08007da8       0x5c ./Middlewares/Third_Party/FreeRTOS/Source/portable/GCC/ARM_CM4F/port.o
 *fill*         0x08007e04        0xc 
 .text.SVC_Handler
                0x08007e10       0x28 ./Middlewares/Third_Party/FreeRTOS/Source/portable/GCC/ARM_CM4F/port.o
                0x08007e10                SVC_Handler
 .text.prvPortStartFirstTask
                0x08007e38       0x28 ./Middlewares/Third_Party/FreeRTOS/Source/portable/GCC/ARM_CM4F/port.o
 .text.xPortStartScheduler
                0x08007e60      0x148 ./Middlewares/Third_Party/FreeRTOS/Source/portable/GCC/ARM_CM4F/port.o
                0x08007e60                xPortStartScheduler
 .text.vPortEnterCritical
                0x08007fa8       0x64 ./Middlewares/Third_Party/FreeRTOS/Source/portable/GCC/ARM_CM4F/port.o
                0x08007fa8                vPortEnterCritical
 .text.vPortExitCritical
                0x0800800c       0x54 ./Middlewares/Third_Party/FreeRTOS/Source/portable/GCC/ARM_CM4F/port.o
                0x0800800c                vPortExitCritical
 .text.PendSV_Handler
                0x08008060       0x68 ./Middlewares/Third_Party/FreeRTOS/Source/portable/GCC/ARM_CM4F/port.o
                0x08008060                PendSV_Handler
 .text.xPortSysTickHandler
                0x080080c8       0x44 ./Middlewares/Third_Party/FreeRTOS/Source/portable/GCC/ARM_CM4F/port.o
                0x080080c8                xPortSysTickHandler
 .text.vPortSetupTimerInterrupt
                0x0800810c       0x48 ./Middlewares/Third_Party/FreeRTOS/Source/portable/GCC/ARM_CM4F/port.o
                0x0800810c                vPortSetupTimerInterrupt
 .text.vPortEnableVFP
                0x08008154       0x14 ./Middlewares/Third_Party/FreeRTOS/Source/portable/GCC/ARM_CM4F/port.o
 .text.vPortValidateInterruptPriority
                0x08008168       0x84 ./Middlewares/Third_Party/FreeRTOS/Source/portable/GCC/ARM_CM4F/port.o
                0x08008168                vPortValidateInterruptPriority
 .text.pvPortMalloc
                0x080081ec      0x19c ./Middlewares/Third_Party/FreeRTOS/Source/portable/MemMang/heap_4.o
                0x080081ec                pvPortMalloc
 .text.vPortFree
                0x08008388       0xc8 ./Middlewares/Third_Party/FreeRTOS/Source/portable/MemMang/heap_4.o
                0x08008388                vPortFree
 .text.prvHeapInit
                0x08008450       0xc4 ./Middlewares/Third_Party/FreeRTOS/Source/portable/MemMang/heap_4.o
 .text.prvInsertBlockIntoFreeList
                0x08008514       0xb4 ./Middlewares/Third_Party/FreeRTOS/Source/portable/MemMang/heap_4.o
 .text.rcl_get_zero_initialized_publisher
                0x080085c8        0xc ../micro_ros_stm32cubemx_utils/microros_static_library_ide/libmicroros/libmicroros.a(librcl-publisher.c.obj)
                0x080085c8                rcl_get_zero_initialized_publisher
 .text.rcl_publisher_init
                0x080085d4      0x1ec ../micro_ros_stm32cubemx_utils/microros_static_library_ide/libmicroros/libmicroros.a(librcl-publisher.c.obj)
                0x080085d4                rcl_publisher_init
 .text.rcl_publisher_get_default_options
                0x080087c0       0x44 ../micro_ros_stm32cubemx_utils/microros_static_library_ide/libmicroros/libmicroros.a(librcl-publisher.c.obj)
                0x080087c0                rcl_publisher_get_default_options
 .text.rcl_publish
                0x08008804       0x48 ../micro_ros_stm32cubemx_utils/microros_static_library_ide/libmicroros/libmicroros.a(librcl-publisher.c.obj)
                0x08008804                rcl_publish
 .text.rclc_support_init
                0x0800884c       0x9c ../micro_ros_stm32cubemx_utils/microros_static_library_ide/libmicroros/libmicroros.a(librclc-init.c.obj)
                0x0800884c                rclc_support_init
 .text.rclc_node_init_default
                0x080088e8       0x78 ../micro_ros_stm32cubemx_utils/microros_static_library_ide/libmicroros/libmicroros.a(librclc-node.c.obj)
                0x080088e8                rclc_node_init_default
 .text.rclc_publisher_init_default
                0x08008960       0x68 ../micro_ros_stm32cubemx_utils/microros_static_library_ide/libmicroros/libmicroros.a(librclc-publisher.c.obj)
                0x08008960                rclc_publisher_init_default
 .text.__default_zero_allocate
                0x080089c8        0x4 ../micro_ros_stm32cubemx_utils/microros_static_library_ide/libmicroros/libmicroros.a(librcutils-allocator.c.obj)
 .text.__default_reallocate
                0x080089cc        0x4 ../micro_ros_stm32cubemx_utils/microros_static_library_ide/libmicroros/libmicroros.a(librcutils-allocator.c.obj)
 .text.__default_deallocate
                0x080089d0        0x4 ../micro_ros_stm32cubemx_utils/microros_static_library_ide/libmicroros/libmicroros.a(librcutils-allocator.c.obj)
 .text.__default_allocate
                0x080089d4        0x4 ../micro_ros_stm32cubemx_utils/microros_static_library_ide/libmicroros/libmicroros.a(librcutils-allocator.c.obj)
 .text.rcutils_get_zero_initialized_allocator
                0x080089d8       0x1c ../micro_ros_stm32cubemx_utils/microros_static_library_ide/libmicroros/libmicroros.a(librcutils-allocator.c.obj)
                0x080089d8                rcutils_get_zero_initialized_allocator
 .text.rcutils_get_default_allocator
                0x080089f4       0x1c ../micro_ros_stm32cubemx_utils/microros_static_library_ide/libmicroros/libmicroros.a(librcutils-allocator.c.obj)
                0x080089f4                rcutils_get_default_allocator
 .text.rcutils_allocator_is_valid
                0x08008a10       0x1c ../micro_ros_stm32cubemx_utils/microros_static_library_ide/libmicroros/libmicroros.a(librcutils-allocator.c.obj)
                0x08008a10                rcutils_allocator_is_valid
 .text.rcutils_get_error_string
                0x08008a2c       0x2c ../micro_ros_stm32cubemx_utils/microros_static_library_ide/libmicroros/libmicroros.a(librcutils-error_handling.c.obj)
                0x08008a2c                rcutils_get_error_string
 .text.rcutils_reset_error
                0x08008a58       0x30 ../micro_ros_stm32cubemx_utils/microros_static_library_ide/libmicroros/libmicroros.a(librcutils-error_handling.c.obj)
                0x08008a58                rcutils_reset_error
 .text.rcutils_get_zero_initialized_string_map
                0x08008a88        0xc ../micro_ros_stm32cubemx_utils/microros_static_library_ide/libmicroros/libmicroros.a(librcutils-string_map.c.obj)
                0x08008a88                rcutils_get_zero_initialized_string_map
 .text.rcutils_string_map_reserve
                0x08008a94       0xe8 ../micro_ros_stm32cubemx_utils/microros_static_library_ide/libmicroros/libmicroros.a(librcutils-string_map.c.obj)
                0x08008a94                rcutils_string_map_reserve
 .text.rcutils_string_map_init
                0x08008b7c       0x80 ../micro_ros_stm32cubemx_utils/microros_static_library_ide/libmicroros/libmicroros.a(librcutils-string_map.c.obj)
                0x08008b7c                rcutils_string_map_init
 .text.rcutils_string_map_fini
                0x08008bfc       0x88 ../micro_ros_stm32cubemx_utils/microros_static_library_ide/libmicroros/libmicroros.a(librcutils-string_map.c.obj)
                0x08008bfc                rcutils_string_map_fini
 .text.rcutils_string_map_getn
                0x08008c84       0x64 ../micro_ros_stm32cubemx_utils/microros_static_library_ide/libmicroros/libmicroros.a(librcutils-string_map.c.obj)
                0x08008c84                rcutils_string_map_getn
 .text.rmw_get_default_publisher_options
                0x08008ce8        0x4 ../micro_ros_stm32cubemx_utils/microros_static_library_ide/libmicroros/libmicroros.a(librmw-publisher_options.c.obj)
                0x08008ce8                rmw_get_default_publisher_options
 .text.rmw_validate_full_topic_name
                0x08008cec      0x10c ../micro_ros_stm32cubemx_utils/microros_static_library_ide/libmicroros/libmicroros.a(librmw-validate_full_topic_name.c.obj)
                0x08008cec                rmw_validate_full_topic_name
 .text.rmw_uros_set_custom_transport
                0x08008df8       0x2c ../micro_ros_stm32cubemx_utils/microros_static_library_ide/libmicroros/libmicroros.a(librmw_microxrcedds-custom_transport.c.obj)
                0x08008df8                rmw_uros_set_custom_transport
 .text.flush_session
                0x08008e24        0x8 ../micro_ros_stm32cubemx_utils/microros_static_library_ide/libmicroros/libmicroros.a(librmw_microxrcedds-rmw_publish.c.obj)
                0x08008e24                flush_session
 .text.rmw_publish
                0x08008e2c       0xc0 ../micro_ros_stm32cubemx_utils/microros_static_library_ide/libmicroros/libmicroros.a(librmw_microxrcedds-rmw_publish.c.obj)
                0x08008e2c                rmw_publish
 .text.rmw_create_publisher
                0x08008eec      0x1b4 ../micro_ros_stm32cubemx_utils/microros_static_library_ide/libmicroros/libmicroros.a(librmw_microxrcedds-rmw_publisher.c.obj)
                0x08008eec                rmw_create_publisher
 .text.rmw_publisher_get_actual_qos
                0x080090a0       0x1c ../micro_ros_stm32cubemx_utils/microros_static_library_ide/libmicroros/libmicroros.a(librmw_microxrcedds-rmw_publisher.c.obj)
                0x080090a0                rmw_publisher_get_actual_qos
 .text.rmw_destroy_publisher
                0x080090bc       0xa0 ../micro_ros_stm32cubemx_utils/microros_static_library_ide/libmicroros/libmicroros.a(librmw_microxrcedds-rmw_publisher.c.obj)
                0x080090bc                rmw_destroy_publisher
 .text.rmw_uxrce_init_service_memory
                0x0800915c       0x34 ../micro_ros_stm32cubemx_utils/microros_static_library_ide/libmicroros/libmicroros.a(librmw_microxrcedds-types.c.obj)
                0x0800915c                rmw_uxrce_init_service_memory
 .text.rmw_uxrce_init_client_memory
                0x08009190       0x34 ../micro_ros_stm32cubemx_utils/microros_static_library_ide/libmicroros/libmicroros.a(librmw_microxrcedds-types.c.obj)
                0x08009190                rmw_uxrce_init_client_memory
 .text.rmw_uxrce_init_publisher_memory
                0x080091c4       0x34 ../micro_ros_stm32cubemx_utils/microros_static_library_ide/libmicroros/libmicroros.a(librmw_microxrcedds-types.c.obj)
                0x080091c4                rmw_uxrce_init_publisher_memory
 .text.rmw_uxrce_init_subscription_memory
                0x080091f8       0x34 ../micro_ros_stm32cubemx_utils/microros_static_library_ide/libmicroros/libmicroros.a(librmw_microxrcedds-types.c.obj)
                0x080091f8                rmw_uxrce_init_subscription_memory
 .text.rmw_uxrce_init_node_memory
                0x0800922c       0x34 ../micro_ros_stm32cubemx_utils/microros_static_library_ide/libmicroros/libmicroros.a(librmw_microxrcedds-types.c.obj)
                0x0800922c                rmw_uxrce_init_node_memory
 .text.rmw_uxrce_init_session_memory
                0x08009260       0x3c ../micro_ros_stm32cubemx_utils/microros_static_library_ide/libmicroros/libmicroros.a(librmw_microxrcedds-types.c.obj)
                0x08009260                rmw_uxrce_init_session_memory
 .text.rmw_uxrce_init_topic_memory
                0x0800929c       0x38 ../micro_ros_stm32cubemx_utils/microros_static_library_ide/libmicroros/libmicroros.a(librmw_microxrcedds-types.c.obj)
                0x0800929c                rmw_uxrce_init_topic_memory
 .text.rmw_uxrce_init_static_input_buffer_memory
                0x080092d4       0x3c ../micro_ros_stm32cubemx_utils/microros_static_library_ide/libmicroros/libmicroros.a(librmw_microxrcedds-types.c.obj)
                0x080092d4                rmw_uxrce_init_static_input_buffer_memory
 .text.rmw_uxrce_init_init_options_impl_memory
                0x08009310       0x34 ../micro_ros_stm32cubemx_utils/microros_static_library_ide/libmicroros/libmicroros.a(librmw_microxrcedds-types.c.obj)
                0x08009310                rmw_uxrce_init_init_options_impl_memory
 .text.rmw_uxrce_init_wait_set_memory
                0x08009344       0x38 ../micro_ros_stm32cubemx_utils/microros_static_library_ide/libmicroros/libmicroros.a(librmw_microxrcedds-types.c.obj)
                0x08009344                rmw_uxrce_init_wait_set_memory
 .text.rmw_uxrce_init_guard_condition_memory
                0x0800937c       0x34 ../micro_ros_stm32cubemx_utils/microros_static_library_ide/libmicroros/libmicroros.a(librmw_microxrcedds-types.c.obj)
                0x0800937c                rmw_uxrce_init_guard_condition_memory
 .text.rmw_uxrce_fini_session_memory
                0x080093b0        0xc ../micro_ros_stm32cubemx_utils/microros_static_library_ide/libmicroros/libmicroros.a(librmw_microxrcedds-types.c.obj)
                0x080093b0                rmw_uxrce_fini_session_memory
 .text.rmw_uxrce_fini_node_memory
                0x080093bc       0x30 ../micro_ros_stm32cubemx_utils/microros_static_library_ide/libmicroros/libmicroros.a(librmw_microxrcedds-types.c.obj)
                0x080093bc                rmw_uxrce_fini_node_memory
 .text.rmw_uxrce_fini_publisher_memory
                0x080093ec       0x2c ../micro_ros_stm32cubemx_utils/microros_static_library_ide/libmicroros/libmicroros.a(librmw_microxrcedds-types.c.obj)
                0x080093ec                rmw_uxrce_fini_publisher_memory
 .text.rmw_uxrce_fini_subscription_memory
                0x08009418       0x2c ../micro_ros_stm32cubemx_utils/microros_static_library_ide/libmicroros/libmicroros.a(librmw_microxrcedds-types.c.obj)
                0x08009418                rmw_uxrce_fini_subscription_memory
 .text.rmw_uxrce_fini_service_memory
                0x08009444       0x2c ../micro_ros_stm32cubemx_utils/microros_static_library_ide/libmicroros/libmicroros.a(librmw_microxrcedds-types.c.obj)
                0x08009444                rmw_uxrce_fini_service_memory
 .text.rmw_uxrce_fini_client_memory
                0x08009470       0x2c ../micro_ros_stm32cubemx_utils/microros_static_library_ide/libmicroros/libmicroros.a(librmw_microxrcedds-types.c.obj)
                0x08009470                rmw_uxrce_fini_client_memory
 .text.rmw_uxrce_fini_topic_memory
                0x0800949c       0x18 ../micro_ros_stm32cubemx_utils/microros_static_library_ide/libmicroros/libmicroros.a(librmw_microxrcedds-types.c.obj)
                0x0800949c                rmw_uxrce_fini_topic_memory
 .text.rmw_uxrce_get_static_input_buffer_for_entity
                0x080094b4       0x98 ../micro_ros_stm32cubemx_utils/microros_static_library_ide/libmicroros/libmicroros.a(librmw_microxrcedds-types.c.obj)
                0x080094b4                rmw_uxrce_get_static_input_buffer_for_entity
 .text.run_xrce_session
                0x0800954c       0x38 ../micro_ros_stm32cubemx_utils/microros_static_library_ide/libmicroros/libmicroros.a(librmw_microxrcedds-utils.c.obj)
                0x0800954c                run_xrce_session
 .text.convert_qos_profile
                0x08009584       0x34 ../micro_ros_stm32cubemx_utils/microros_static_library_ide/libmicroros/libmicroros.a(librmw_microxrcedds-utils.c.obj)
                0x08009584                convert_qos_profile
 .text.generate_type_name
                0x080095b8       0x60 ../micro_ros_stm32cubemx_utils/microros_static_library_ide/libmicroros/libmicroros.a(librmw_microxrcedds-utils.c.obj)
                0x080095b8                generate_type_name
 .text.generate_topic_name
                0x08009618       0x34 ../micro_ros_stm32cubemx_utils/microros_static_library_ide/libmicroros/libmicroros.a(librmw_microxrcedds-utils.c.obj)
                0x08009618                generate_topic_name
 .text.is_uxrce_rmw_identifier_valid
                0x0800964c       0x1c ../micro_ros_stm32cubemx_utils/microros_static_library_ide/libmicroros/libmicroros.a(librmw_microxrcedds-utils.c.obj)
                0x0800964c                is_uxrce_rmw_identifier_valid
 .text.get_message_typesupport_handle
                0x08009668        0x4 ../micro_ros_stm32cubemx_utils/microros_static_library_ide/libmicroros/libmicroros.a(librosidl_runtime_c-message_type_support.c.obj)
                0x08009668                get_message_typesupport_handle
 .text.get_message_typesupport_handle_function
                0x0800966c       0x14 ../micro_ros_stm32cubemx_utils/microros_static_library_ide/libmicroros/libmicroros.a(librosidl_runtime_c-message_type_support.c.obj)
                0x0800966c                get_message_typesupport_handle_function
 .text.rosidl_typesupport_c__get_message_type_support_handle__rover_msgs__msg__EncoderMsg
                0x08009680        0x4 ../micro_ros_stm32cubemx_utils/microros_static_library_ide/libmicroros/libmicroros.a(librover_msgs__rosidl_typesupport_c-encoder_msg__type_support.cpp.obj)
                0x08009680                rosidl_typesupport_c__get_message_type_support_handle__rover_msgs__msg__EncoderMsg
 .text.get_serialized_size_rover_msgs__msg__EncoderMsg.part.0
                0x08009684       0x5c ../micro_ros_stm32cubemx_utils/microros_static_library_ide/libmicroros/libmicroros.a(librover_msgs__rosidl_typesupport_microxrcedds_c-encoder_msg__type_support_c.c.obj)
 .text.get_serialized_size_rover_msgs__msg__EncoderMsg
                0x080096e0        0xc ../micro_ros_stm32cubemx_utils/microros_static_library_ide/libmicroros/libmicroros.a(librover_msgs__rosidl_typesupport_microxrcedds_c-encoder_msg__type_support_c.c.obj)
                0x080096e0                get_serialized_size_rover_msgs__msg__EncoderMsg
 .text._EncoderMsg__get_serialized_size
                0x080096ec        0xc ../micro_ros_stm32cubemx_utils/microros_static_library_ide/libmicroros/libmicroros.a(librover_msgs__rosidl_typesupport_microxrcedds_c-encoder_msg__type_support_c.c.obj)
 .text._EncoderMsg__cdr_deserialize
                0x080096f8       0x50 ../micro_ros_stm32cubemx_utils/microros_static_library_ide/libmicroros/libmicroros.a(librover_msgs__rosidl_typesupport_microxrcedds_c-encoder_msg__type_support_c.c.obj)
 .text._EncoderMsg__cdr_serialize
                0x08009748       0x48 ../micro_ros_stm32cubemx_utils/microros_static_library_ide/libmicroros/libmicroros.a(librover_msgs__rosidl_typesupport_microxrcedds_c-encoder_msg__type_support_c.c.obj)
 .text.max_serialized_size_rover_msgs__msg__EncoderMsg
                0x08009790       0x64 ../micro_ros_stm32cubemx_utils/microros_static_library_ide/libmicroros/libmicroros.a(librover_msgs__rosidl_typesupport_microxrcedds_c-encoder_msg__type_support_c.c.obj)
                0x08009790                max_serialized_size_rover_msgs__msg__EncoderMsg
 .text._EncoderMsg__max_serialized_size
                0x080097f4       0x14 ../micro_ros_stm32cubemx_utils/microros_static_library_ide/libmicroros/libmicroros.a(librover_msgs__rosidl_typesupport_microxrcedds_c-encoder_msg__type_support_c.c.obj)
 .text.rosidl_typesupport_microxrcedds_c__get_message_type_support_handle__rover_msgs__msg__EncoderMsg
                0x08009808        0x8 ../micro_ros_stm32cubemx_utils/microros_static_library_ide/libmicroros/libmicroros.a(librover_msgs__rosidl_typesupport_microxrcedds_c-encoder_msg__type_support_c.c.obj)
                0x08009808                rosidl_typesupport_microxrcedds_c__get_message_type_support_handle__rover_msgs__msg__EncoderMsg
 .text.ucdr_serialize_bool
                0x08009810       0x2c ../micro_ros_stm32cubemx_utils/microros_static_library_ide/libmicroros/libmicroros.a(libmicrocdr-basic.c.obj)
                0x08009810                ucdr_serialize_bool
 .text.ucdr_deserialize_bool
                0x0800983c       0x34 ../micro_ros_stm32cubemx_utils/microros_static_library_ide/libmicroros/libmicroros.a(libmicrocdr-basic.c.obj)
                0x0800983c                ucdr_deserialize_bool
 .text.ucdr_serialize_uint8_t
                0x08009870       0x2c ../micro_ros_stm32cubemx_utils/microros_static_library_ide/libmicroros/libmicroros.a(libmicrocdr-basic.c.obj)
                0x08009870                ucdr_serialize_uint8_t
 .text.ucdr_deserialize_uint8_t
                0x0800989c       0x2c ../micro_ros_stm32cubemx_utils/microros_static_library_ide/libmicroros/libmicroros.a(libmicrocdr-basic.c.obj)
                0x0800989c                ucdr_deserialize_uint8_t
 .text.ucdr_serialize_uint16_t
                0x080098c8      0x100 ../micro_ros_stm32cubemx_utils/microros_static_library_ide/libmicroros/libmicroros.a(libmicrocdr-basic.c.obj)
                0x080098c8                ucdr_serialize_uint16_t
 .text.ucdr_serialize_endian_uint16_t
                0x080099c8      0x100 ../micro_ros_stm32cubemx_utils/microros_static_library_ide/libmicroros/libmicroros.a(libmicrocdr-basic.c.obj)
                0x080099c8                ucdr_serialize_endian_uint16_t
 .text.ucdr_deserialize_uint16_t
                0x08009ac8       0xe8 ../micro_ros_stm32cubemx_utils/microros_static_library_ide/libmicroros/libmicroros.a(libmicrocdr-basic.c.obj)
                0x08009ac8                ucdr_deserialize_uint16_t
 .text.ucdr_deserialize_endian_uint16_t
                0x08009bb0       0xec ../micro_ros_stm32cubemx_utils/microros_static_library_ide/libmicroros/libmicroros.a(libmicrocdr-basic.c.obj)
                0x08009bb0                ucdr_deserialize_endian_uint16_t
 .text.ucdr_serialize_uint32_t
                0x08009c9c      0x130 ../micro_ros_stm32cubemx_utils/microros_static_library_ide/libmicroros/libmicroros.a(libmicrocdr-basic.c.obj)
                0x08009c9c                ucdr_serialize_uint32_t
 .text.ucdr_serialize_endian_uint32_t
                0x08009dcc      0x130 ../micro_ros_stm32cubemx_utils/microros_static_library_ide/libmicroros/libmicroros.a(libmicrocdr-basic.c.obj)
                0x08009dcc                ucdr_serialize_endian_uint32_t
 .text.ucdr_deserialize_uint32_t
                0x08009efc      0x120 ../micro_ros_stm32cubemx_utils/microros_static_library_ide/libmicroros/libmicroros.a(libmicrocdr-basic.c.obj)
                0x08009efc                ucdr_deserialize_uint32_t
 .text.ucdr_deserialize_endian_uint32_t
                0x0800a01c      0x12c ../micro_ros_stm32cubemx_utils/microros_static_library_ide/libmicroros/libmicroros.a(libmicrocdr-basic.c.obj)
                0x0800a01c                ucdr_deserialize_endian_uint32_t
 .text.ucdr_serialize_uint64_t
                0x0800a148      0x1a0 ../micro_ros_stm32cubemx_utils/microros_static_library_ide/libmicroros/libmicroros.a(libmicrocdr-basic.c.obj)
                0x0800a148                ucdr_serialize_uint64_t
 .text.ucdr_serialize_int16_t
                0x0800a2e8      0x100 ../micro_ros_stm32cubemx_utils/microros_static_library_ide/libmicroros/libmicroros.a(libmicrocdr-basic.c.obj)
                0x0800a2e8                ucdr_serialize_int16_t
 .text.ucdr_deserialize_int16_t
                0x0800a3e8       0xe8 ../micro_ros_stm32cubemx_utils/microros_static_library_ide/libmicroros/libmicroros.a(libmicrocdr-basic.c.obj)
                0x0800a3e8                ucdr_deserialize_int16_t
 .text.ucdr_serialize_int32_t
                0x0800a4d0      0x130 ../micro_ros_stm32cubemx_utils/microros_static_library_ide/libmicroros/libmicroros.a(libmicrocdr-basic.c.obj)
                0x0800a4d0                ucdr_serialize_int32_t
 .text.ucdr_deserialize_int32_t
                0x0800a600      0x120 ../micro_ros_stm32cubemx_utils/microros_static_library_ide/libmicroros/libmicroros.a(libmicrocdr-basic.c.obj)
                0x0800a600                ucdr_deserialize_int32_t
 .text.ucdr_check_buffer_available_for
                0x0800a720       0x18 ../micro_ros_stm32cubemx_utils/microros_static_library_ide/libmicroros/libmicroros.a(libmicrocdr-common.c.obj)
                0x0800a720                ucdr_check_buffer_available_for
 .text.ucdr_check_final_buffer_behavior
                0x0800a738       0x38 ../micro_ros_stm32cubemx_utils/microros_static_library_ide/libmicroros/libmicroros.a(libmicrocdr-common.c.obj)
                0x0800a738                ucdr_check_final_buffer_behavior
 .text.ucdr_set_on_full_buffer_callback
                0x0800a770        0x8 ../micro_ros_stm32cubemx_utils/microros_static_library_ide/libmicroros/libmicroros.a(libmicrocdr-common.c.obj)
                0x0800a770                ucdr_set_on_full_buffer_callback
 .text.ucdr_init_buffer_origin_offset_endian
                0x0800a778       0x28 ../micro_ros_stm32cubemx_utils/microros_static_library_ide/libmicroros/libmicroros.a(libmicrocdr-common.c.obj)
                0x0800a778                ucdr_init_buffer_origin_offset_endian
 .text.ucdr_init_buffer_origin_offset
                0x0800a7a0       0x14 ../micro_ros_stm32cubemx_utils/microros_static_library_ide/libmicroros/libmicroros.a(libmicrocdr-common.c.obj)
                0x0800a7a0                ucdr_init_buffer_origin_offset
 .text.ucdr_init_buffer_origin
                0x0800a7b4       0x10 ../micro_ros_stm32cubemx_utils/microros_static_library_ide/libmicroros/libmicroros.a(libmicrocdr-common.c.obj)
                0x0800a7b4                ucdr_init_buffer_origin
 .text.ucdr_init_buffer
                0x0800a7c4        0x8 ../micro_ros_stm32cubemx_utils/microros_static_library_ide/libmicroros/libmicroros.a(libmicrocdr-common.c.obj)
                0x0800a7c4                ucdr_init_buffer
 .text.ucdr_alignment
                0x0800a7cc       0x10 ../micro_ros_stm32cubemx_utils/microros_static_library_ide/libmicroros/libmicroros.a(libmicrocdr-common.c.obj)
                0x0800a7cc                ucdr_alignment
 .text.ucdr_buffer_alignment
                0x0800a7dc       0x1c ../micro_ros_stm32cubemx_utils/microros_static_library_ide/libmicroros/libmicroros.a(libmicrocdr-common.c.obj)
                0x0800a7dc                ucdr_buffer_alignment
 .text.ucdr_align_to
                0x0800a7f8       0x24 ../micro_ros_stm32cubemx_utils/microros_static_library_ide/libmicroros/libmicroros.a(libmicrocdr-common.c.obj)
                0x0800a7f8                ucdr_align_to
 .text.ucdr_buffer_length
                0x0800a81c        0x8 ../micro_ros_stm32cubemx_utils/microros_static_library_ide/libmicroros/libmicroros.a(libmicrocdr-common.c.obj)
                0x0800a81c                ucdr_buffer_length
 .text.ucdr_buffer_remaining
                0x0800a824        0x8 ../micro_ros_stm32cubemx_utils/microros_static_library_ide/libmicroros/libmicroros.a(libmicrocdr-common.c.obj)
                0x0800a824                ucdr_buffer_remaining
 .text.ucdr_check_final_buffer_behavior_array
                0x0800a82c       0x38 ../micro_ros_stm32cubemx_utils/microros_static_library_ide/libmicroros/libmicroros.a(libmicrocdr-common.c.obj)
                0x0800a82c                ucdr_check_final_buffer_behavior_array
 .text.ucdr_advance_buffer
                0x0800a864       0x40 ../micro_ros_stm32cubemx_utils/microros_static_library_ide/libmicroros/libmicroros.a(libmicrocdr-common.c.obj)
                0x0800a864                ucdr_advance_buffer
 .text.uxr_buffer_delete_entity
                0x0800a8a4       0x40 ../micro_ros_stm32cubemx_utils/microros_static_library_ide/libmicroros/libmicroros.a(libmicroxrcedds_client-common_create_entities.c.obj)
                0x0800a8a4                uxr_buffer_delete_entity
 .text.uxr_common_create_entity
                0x0800a8e4       0x58 ../micro_ros_stm32cubemx_utils/microros_static_library_ide/libmicroros/libmicroros.a(libmicroxrcedds_client-common_create_entities.c.obj)
                0x0800a8e4                uxr_common_create_entity
 .text.uxr_buffer_create_participant_bin
                0x0800a93c       0x64 ../micro_ros_stm32cubemx_utils/microros_static_library_ide/libmicroros/libmicroros.a(libmicroxrcedds_client-create_entities_bin.c.obj)
                0x0800a93c                uxr_buffer_create_participant_bin
 .text.uxr_buffer_create_topic_bin
                0x0800a9a0       0x68 ../micro_ros_stm32cubemx_utils/microros_static_library_ide/libmicroros/libmicroros.a(libmicroxrcedds_client-create_entities_bin.c.obj)
                0x0800a9a0                uxr_buffer_create_topic_bin
 .text.uxr_buffer_create_publisher_bin
                0x0800aa08       0x5c ../micro_ros_stm32cubemx_utils/microros_static_library_ide/libmicroros/libmicroros.a(libmicroxrcedds_client-create_entities_bin.c.obj)
                0x0800aa08                uxr_buffer_create_publisher_bin
 .text.uxr_buffer_create_datawriter_bin
                0x0800aa64       0xf0 ../micro_ros_stm32cubemx_utils/microros_static_library_ide/libmicroros/libmicroros.a(libmicroxrcedds_client-create_entities_bin.c.obj)
                0x0800aa64                uxr_buffer_create_datawriter_bin
 .text.uxr_object_id
                0x0800ab54       0x1c ../micro_ros_stm32cubemx_utils/microros_static_library_ide/libmicroros/libmicroros.a(libmicroxrcedds_client-object_id.c.obj)
                0x0800ab54                uxr_object_id
 .text.uxr_object_id_from_raw
                0x0800ab70       0x28 ../micro_ros_stm32cubemx_utils/microros_static_library_ide/libmicroros/libmicroros.a(libmicroxrcedds_client-object_id.c.obj)
                0x0800ab70                uxr_object_id_from_raw
 .text.uxr_object_id_to_raw
                0x0800ab98       0x18 ../micro_ros_stm32cubemx_utils/microros_static_library_ide/libmicroros/libmicroros.a(libmicroxrcedds_client-object_id.c.obj)
                0x0800ab98                uxr_object_id_to_raw
 .text.on_get_fragmentation_info
                0x0800abb0       0x44 ../micro_ros_stm32cubemx_utils/microros_static_library_ide/libmicroros/libmicroros.a(libmicroxrcedds_client-session.c.obj)
 .text.read_submessage_get_info
                0x0800abf4       0x6c ../micro_ros_stm32cubemx_utils/microros_static_library_ide/libmicroros/libmicroros.a(libmicroxrcedds_client-session.c.obj)
 .text.write_submessage_acknack.isra.0
                0x0800ac60       0x6c ../micro_ros_stm32cubemx_utils/microros_static_library_ide/libmicroros/libmicroros.a(libmicroxrcedds_client-session.c.obj)
 .text.uxr_init_session
                0x0800accc       0x3c ../micro_ros_stm32cubemx_utils/microros_static_library_ide/libmicroros/libmicroros.a(libmicroxrcedds_client-session.c.obj)
                0x0800accc                uxr_init_session
 .text.uxr_set_status_callback
                0x0800ad08        0x8 ../micro_ros_stm32cubemx_utils/microros_static_library_ide/libmicroros/libmicroros.a(libmicroxrcedds_client-session.c.obj)
                0x0800ad08                uxr_set_status_callback
 .text.uxr_set_topic_callback
                0x0800ad10        0x8 ../micro_ros_stm32cubemx_utils/microros_static_library_ide/libmicroros/libmicroros.a(libmicroxrcedds_client-session.c.obj)
                0x0800ad10                uxr_set_topic_callback
 .text.uxr_set_request_callback
                0x0800ad18        0x8 ../micro_ros_stm32cubemx_utils/microros_static_library_ide/libmicroros/libmicroros.a(libmicroxrcedds_client-session.c.obj)
                0x0800ad18                uxr_set_request_callback
 .text.uxr_set_reply_callback
                0x0800ad20        0x8 ../micro_ros_stm32cubemx_utils/microros_static_library_ide/libmicroros/libmicroros.a(libmicroxrcedds_client-session.c.obj)
                0x0800ad20                uxr_set_reply_callback
 .text.uxr_create_output_best_effort_stream
                0x0800ad28       0x24 ../micro_ros_stm32cubemx_utils/microros_static_library_ide/libmicroros/libmicroros.a(libmicroxrcedds_client-session.c.obj)
                0x0800ad28                uxr_create_output_best_effort_stream
 .text.uxr_create_output_reliable_stream
                0x0800ad4c       0x48 ../micro_ros_stm32cubemx_utils/microros_static_library_ide/libmicroros/libmicroros.a(libmicroxrcedds_client-session.c.obj)
                0x0800ad4c                uxr_create_output_reliable_stream
 .text.uxr_create_input_best_effort_stream
                0x0800ad94        0xc ../micro_ros_stm32cubemx_utils/microros_static_library_ide/libmicroros/libmicroros.a(libmicroxrcedds_client-session.c.obj)
                0x0800ad94                uxr_create_input_best_effort_stream
 .text.uxr_create_input_reliable_stream
                0x0800ada0       0x38 ../micro_ros_stm32cubemx_utils/microros_static_library_ide/libmicroros/libmicroros.a(libmicroxrcedds_client-session.c.obj)
                0x0800ada0                uxr_create_input_reliable_stream
 .text.uxr_epoch_nanos
                0x0800add8       0x14 ../micro_ros_stm32cubemx_utils/microros_static_library_ide/libmicroros/libmicroros.a(libmicroxrcedds_client-session.c.obj)
                0x0800add8                uxr_epoch_nanos
 .text.uxr_flash_output_streams
                0x0800adec       0xe8 ../micro_ros_stm32cubemx_utils/microros_static_library_ide/libmicroros/libmicroros.a(libmicroxrcedds_client-session.c.obj)
                0x0800adec                uxr_flash_output_streams
 .text.read_submessage_info
                0x0800aed4       0x90 ../micro_ros_stm32cubemx_utils/microros_static_library_ide/libmicroros/libmicroros.a(libmicroxrcedds_client-session.c.obj)
                0x0800aed4                read_submessage_info
 .text.read_submessage_list
                0x0800af64      0x310 ../micro_ros_stm32cubemx_utils/microros_static_library_ide/libmicroros/libmicroros.a(libmicroxrcedds_client-session.c.obj)
 .text.listen_message_reliably
                0x0800b274      0x27c ../micro_ros_stm32cubemx_utils/microros_static_library_ide/libmicroros/libmicroros.a(libmicroxrcedds_client-session.c.obj)
 .text.uxr_run_session_until_confirm_delivery
                0x0800b4f0       0x4c ../micro_ros_stm32cubemx_utils/microros_static_library_ide/libmicroros/libmicroros.a(libmicroxrcedds_client-session.c.obj)
                0x0800b4f0                uxr_run_session_until_confirm_delivery
 .text.uxr_run_session_until_all_status
                0x0800b53c       0xa4 ../micro_ros_stm32cubemx_utils/microros_static_library_ide/libmicroros/libmicroros.a(libmicroxrcedds_client-session.c.obj)
                0x0800b53c                uxr_run_session_until_all_status
 .text.uxr_create_session
                0x0800b5e0      0x1d8 ../micro_ros_stm32cubemx_utils/microros_static_library_ide/libmicroros/libmicroros.a(libmicroxrcedds_client-session.c.obj)
                0x0800b5e0                uxr_create_session
 .text.wait_session_status
                0x0800b7b8      0x1ac ../micro_ros_stm32cubemx_utils/microros_static_library_ide/libmicroros/libmicroros.a(libmicroxrcedds_client-session.c.obj)
 .text.uxr_delete_session_retries
                0x0800b964       0x50 ../micro_ros_stm32cubemx_utils/microros_static_library_ide/libmicroros/libmicroros.a(libmicroxrcedds_client-session.c.obj)
                0x0800b964                uxr_delete_session_retries
 .text.uxr_prepare_stream_to_write_submessage
                0x0800b9b4       0x88 ../micro_ros_stm32cubemx_utils/microros_static_library_ide/libmicroros/libmicroros.a(libmicroxrcedds_client-session.c.obj)
                0x0800b9b4                uxr_prepare_stream_to_write_submessage
 .text.uxr_init_session_info
                0x0800ba3c       0x24 ../micro_ros_stm32cubemx_utils/microros_static_library_ide/libmicroros/libmicroros.a(libmicroxrcedds_client-session_info.c.obj)
                0x0800ba3c                uxr_init_session_info
 .text.uxr_buffer_create_session
                0x0800ba60       0x54 ../micro_ros_stm32cubemx_utils/microros_static_library_ide/libmicroros/libmicroros.a(libmicroxrcedds_client-session_info.c.obj)
                0x0800ba60                uxr_buffer_create_session
 .text.uxr_buffer_delete_session
                0x0800bab4       0x38 ../micro_ros_stm32cubemx_utils/microros_static_library_ide/libmicroros/libmicroros.a(libmicroxrcedds_client-session_info.c.obj)
                0x0800bab4                uxr_buffer_delete_session
 .text.uxr_read_create_session_status
                0x0800baec       0x18 ../micro_ros_stm32cubemx_utils/microros_static_library_ide/libmicroros/libmicroros.a(libmicroxrcedds_client-session_info.c.obj)
                0x0800baec                uxr_read_create_session_status
 .text.uxr_read_delete_session_status
                0x0800bb04       0x3c ../micro_ros_stm32cubemx_utils/microros_static_library_ide/libmicroros/libmicroros.a(libmicroxrcedds_client-session_info.c.obj)
                0x0800bb04                uxr_read_delete_session_status
 .text.uxr_stamp_create_session_header
                0x0800bb40       0x28 ../micro_ros_stm32cubemx_utils/microros_static_library_ide/libmicroros/libmicroros.a(libmicroxrcedds_client-session_info.c.obj)
                0x0800bb40                uxr_stamp_create_session_header
 .text.uxr_stamp_session_header
                0x0800bb68       0x2c ../micro_ros_stm32cubemx_utils/microros_static_library_ide/libmicroros/libmicroros.a(libmicroxrcedds_client-session_info.c.obj)
                0x0800bb68                uxr_stamp_session_header
 .text.uxr_read_session_header
                0x0800bb94       0x84 ../micro_ros_stm32cubemx_utils/microros_static_library_ide/libmicroros/libmicroros.a(libmicroxrcedds_client-session_info.c.obj)
                0x0800bb94                uxr_read_session_header
 .text.uxr_session_header_offset
                0x0800bc18       0x10 ../micro_ros_stm32cubemx_utils/microros_static_library_ide/libmicroros/libmicroros.a(libmicroxrcedds_client-session_info.c.obj)
                0x0800bc18                uxr_session_header_offset
 .text.uxr_init_base_object_request
                0x0800bc28       0x3c ../micro_ros_stm32cubemx_utils/microros_static_library_ide/libmicroros/libmicroros.a(libmicroxrcedds_client-session_info.c.obj)
                0x0800bc28                uxr_init_base_object_request
 .text.uxr_parse_base_object_request
                0x0800bc64       0x24 ../micro_ros_stm32cubemx_utils/microros_static_library_ide/libmicroros/libmicroros.a(libmicroxrcedds_client-session_info.c.obj)
                0x0800bc64                uxr_parse_base_object_request
 .text.uxr_stream_id
                0x0800bc88       0x54 ../micro_ros_stm32cubemx_utils/microros_static_library_ide/libmicroros/libmicroros.a(libmicroxrcedds_client-stream_id.c.obj)
                0x0800bc88                uxr_stream_id
 .text.uxr_stream_id_from_raw
                0x0800bcdc       0x58 ../micro_ros_stm32cubemx_utils/microros_static_library_ide/libmicroros/libmicroros.a(libmicroxrcedds_client-stream_id.c.obj)
                0x0800bcdc                uxr_stream_id_from_raw
 .text.uxr_init_stream_storage
                0x0800bd34       0x14 ../micro_ros_stm32cubemx_utils/microros_static_library_ide/libmicroros/libmicroros.a(libmicroxrcedds_client-stream_storage.c.obj)
                0x0800bd34                uxr_init_stream_storage
 .text.uxr_reset_stream_storage
                0x0800bd48       0x80 ../micro_ros_stm32cubemx_utils/microros_static_library_ide/libmicroros/libmicroros.a(libmicroxrcedds_client-stream_storage.c.obj)
                0x0800bd48                uxr_reset_stream_storage
 .text.uxr_add_output_best_effort_buffer
                0x0800bdc8       0x24 ../micro_ros_stm32cubemx_utils/microros_static_library_ide/libmicroros/libmicroros.a(libmicroxrcedds_client-stream_storage.c.obj)
                0x0800bdc8                uxr_add_output_best_effort_buffer
 .text.uxr_add_output_reliable_buffer
                0x0800bdec       0x34 ../micro_ros_stm32cubemx_utils/microros_static_library_ide/libmicroros/libmicroros.a(libmicroxrcedds_client-stream_storage.c.obj)
                0x0800bdec                uxr_add_output_reliable_buffer
 .text.uxr_add_input_best_effort_buffer
                0x0800be20       0x2c ../micro_ros_stm32cubemx_utils/microros_static_library_ide/libmicroros/libmicroros.a(libmicroxrcedds_client-stream_storage.c.obj)
                0x0800be20                uxr_add_input_best_effort_buffer
 .text.uxr_add_input_reliable_buffer
                0x0800be4c       0x30 ../micro_ros_stm32cubemx_utils/microros_static_library_ide/libmicroros/libmicroros.a(libmicroxrcedds_client-stream_storage.c.obj)
                0x0800be4c                uxr_add_input_reliable_buffer
 .text.uxr_get_output_best_effort_stream
                0x0800be7c       0x10 ../micro_ros_stm32cubemx_utils/microros_static_library_ide/libmicroros/libmicroros.a(libmicroxrcedds_client-stream_storage.c.obj)
                0x0800be7c                uxr_get_output_best_effort_stream
 .text.uxr_get_output_reliable_stream
                0x0800be8c       0x18 ../micro_ros_stm32cubemx_utils/microros_static_library_ide/libmicroros/libmicroros.a(libmicroxrcedds_client-stream_storage.c.obj)
                0x0800be8c                uxr_get_output_reliable_stream
 .text.uxr_get_input_best_effort_stream
                0x0800bea4       0x14 ../micro_ros_stm32cubemx_utils/microros_static_library_ide/libmicroros/libmicroros.a(libmicroxrcedds_client-stream_storage.c.obj)
                0x0800bea4                uxr_get_input_best_effort_stream
 .text.uxr_get_input_reliable_stream
                0x0800beb8       0x18 ../micro_ros_stm32cubemx_utils/microros_static_library_ide/libmicroros/libmicroros.a(libmicroxrcedds_client-stream_storage.c.obj)
                0x0800beb8                uxr_get_input_reliable_stream
 .text.uxr_output_streams_confirmed
                0x0800bed0       0x2c ../micro_ros_stm32cubemx_utils/microros_static_library_ide/libmicroros/libmicroros.a(libmicroxrcedds_client-stream_storage.c.obj)
                0x0800bed0                uxr_output_streams_confirmed
 .text.uxr_buffer_submessage_header
                0x0800befc       0x34 ../micro_ros_stm32cubemx_utils/microros_static_library_ide/libmicroros/libmicroros.a(libmicroxrcedds_client-submessage.c.obj)
                0x0800befc                uxr_buffer_submessage_header
 .text.uxr_read_submessage_header
                0x0800bf30       0x4c ../micro_ros_stm32cubemx_utils/microros_static_library_ide/libmicroros/libmicroros.a(libmicroxrcedds_client-submessage.c.obj)
                0x0800bf30                uxr_read_submessage_header
 .text.uxr_submessage_padding
                0x0800bf7c        0xc ../micro_ros_stm32cubemx_utils/microros_static_library_ide/libmicroros/libmicroros.a(libmicroxrcedds_client-submessage.c.obj)
                0x0800bf7c                uxr_submessage_padding
 .text.uxr_millis
                0x0800bf88       0x38 ../micro_ros_stm32cubemx_utils/microros_static_library_ide/libmicroros/libmicroros.a(libmicroxrcedds_client-time.c.obj)
                0x0800bf88                uxr_millis
 .text.uxr_nanos
                0x0800bfc0       0x2c ../micro_ros_stm32cubemx_utils/microros_static_library_ide/libmicroros/libmicroros.a(libmicroxrcedds_client-time.c.obj)
                0x0800bfc0                uxr_nanos
 .text.on_full_output_buffer_fragmented
                0x0800bfec      0x114 ../micro_ros_stm32cubemx_utils/microros_static_library_ide/libmicroros/libmicroros.a(libmicroxrcedds_client-write_access.c.obj)
                0x0800bfec                on_full_output_buffer_fragmented
 .text.uxr_prepare_output_stream
                0x0800c100       0x60 ../micro_ros_stm32cubemx_utils/microros_static_library_ide/libmicroros/libmicroros.a(libmicroxrcedds_client-write_access.c.obj)
                0x0800c100                uxr_prepare_output_stream
 .text.uxr_prepare_output_stream_fragmented
                0x0800c160      0x198 ../micro_ros_stm32cubemx_utils/microros_static_library_ide/libmicroros/libmicroros.a(libmicroxrcedds_client-write_access.c.obj)
                0x0800c160                uxr_prepare_output_stream_fragmented
 .text.uxr_serialize_message_header
                0x0800c2f8       0x3c ../micro_ros_stm32cubemx_utils/microros_static_library_ide/libmicroros/libmicroros.a(libmicroxrcedds_client-xrce_header.c.obj)
                0x0800c2f8                uxr_serialize_message_header
 .text.uxr_deserialize_message_header
                0x0800c334       0x40 ../micro_ros_stm32cubemx_utils/microros_static_library_ide/libmicroros/libmicroros.a(libmicroxrcedds_client-xrce_header.c.obj)
                0x0800c334                uxr_deserialize_message_header
 .text.uxr_serialize_submessage_header
                0x0800c374       0x28 ../micro_ros_stm32cubemx_utils/microros_static_library_ide/libmicroros/libmicroros.a(libmicroxrcedds_client-xrce_subheader.c.obj)
                0x0800c374                uxr_serialize_submessage_header
 .text.uxr_deserialize_submessage_header
                0x0800c39c       0x28 ../micro_ros_stm32cubemx_utils/microros_static_library_ide/libmicroros/libmicroros.a(libmicroxrcedds_client-xrce_subheader.c.obj)
                0x0800c39c                uxr_deserialize_submessage_header
 .text.uxr_serialize_CLIENT_Representation
                0x0800c3c4       0xb8 ../micro_ros_stm32cubemx_utils/microros_static_library_ide/libmicroros/libmicroros.a(libmicroxrcedds_client-xrce_types.c.obj)
                0x0800c3c4                uxr_serialize_CLIENT_Representation
 .text.uxr_deserialize_CLIENT_Representation
                0x0800c47c       0xd4 ../micro_ros_stm32cubemx_utils/microros_static_library_ide/libmicroros/libmicroros.a(libmicroxrcedds_client-xrce_types.c.obj)
                0x0800c47c                uxr_deserialize_CLIENT_Representation
 .text.uxr_serialize_AGENT_Representation
                0x0800c550       0x98 ../micro_ros_stm32cubemx_utils/microros_static_library_ide/libmicroros/libmicroros.a(libmicroxrcedds_client-xrce_types.c.obj)
                0x0800c550                uxr_serialize_AGENT_Representation
 .text.uxr_serialize_ObjectVariant.part.0
                0x0800c5e8       0xf8 ../micro_ros_stm32cubemx_utils/microros_static_library_ide/libmicroros/libmicroros.a(libmicroxrcedds_client-xrce_types.c.obj)
 .text.uxr_serialize_OBJK_DomainParticipant_Binary
                0x0800c6e0       0x44 ../micro_ros_stm32cubemx_utils/microros_static_library_ide/libmicroros/libmicroros.a(libmicroxrcedds_client-xrce_types.c.obj)
                0x0800c6e0                uxr_serialize_OBJK_DomainParticipant_Binary
 .text.uxr_serialize_OBJK_Topic_Binary
                0x0800c724       0x4c ../micro_ros_stm32cubemx_utils/microros_static_library_ide/libmicroros/libmicroros.a(libmicroxrcedds_client-xrce_types.c.obj)
                0x0800c724                uxr_serialize_OBJK_Topic_Binary
 .text.uxr_serialize_OBJK_Publisher_Binary_Qos
                0x0800c770      0x11c ../micro_ros_stm32cubemx_utils/microros_static_library_ide/libmicroros/libmicroros.a(libmicroxrcedds_client-xrce_types.c.obj)
                0x0800c770                uxr_serialize_OBJK_Publisher_Binary_Qos
 .text.uxr_serialize_OBJK_Publisher_Binary
                0x0800c88c       0x44 ../micro_ros_stm32cubemx_utils/microros_static_library_ide/libmicroros/libmicroros.a(libmicroxrcedds_client-xrce_types.c.obj)
                0x0800c88c                uxr_serialize_OBJK_Publisher_Binary
 .text.uxr_serialize_OBJK_Endpoint_QosBinary
                0x0800c8d0       0xa8 ../micro_ros_stm32cubemx_utils/microros_static_library_ide/libmicroros/libmicroros.a(libmicroxrcedds_client-xrce_types.c.obj)
                0x0800c8d0                uxr_serialize_OBJK_Endpoint_QosBinary
 .text.uxr_serialize_OBJK_DataWriter_Binary
                0x0800c978       0x58 ../micro_ros_stm32cubemx_utils/microros_static_library_ide/libmicroros/libmicroros.a(libmicroxrcedds_client-xrce_types.c.obj)
                0x0800c978                uxr_serialize_OBJK_DataWriter_Binary
 .text.uxr_deserialize_ObjectVariant
                0x0800c9d0      0x15c ../micro_ros_stm32cubemx_utils/microros_static_library_ide/libmicroros/libmicroros.a(libmicroxrcedds_client-xrce_types.c.obj)
                0x0800c9d0                uxr_deserialize_ObjectVariant
 .text.uxr_deserialize_BaseObjectRequest
                0x0800cb2c       0x20 ../micro_ros_stm32cubemx_utils/microros_static_library_ide/libmicroros/libmicroros.a(libmicroxrcedds_client-xrce_types.c.obj)
                0x0800cb2c                uxr_deserialize_BaseObjectRequest
 .text.uxr_serialize_AGENT_ActivityInfo
                0x0800cb4c      0x110 ../micro_ros_stm32cubemx_utils/microros_static_library_ide/libmicroros/libmicroros.a(libmicroxrcedds_client-xrce_types.c.obj)
                0x0800cb4c                uxr_serialize_AGENT_ActivityInfo
 .text.uxr_serialize_ActivityInfoVariant
                0x0800cc5c       0x58 ../micro_ros_stm32cubemx_utils/microros_static_library_ide/libmicroros/libmicroros.a(libmicroxrcedds_client-xrce_types.c.obj)
                0x0800cc5c                uxr_serialize_ActivityInfoVariant
 .text.uxr_deserialize_BaseObjectReply
                0x0800ccb4       0x3c ../micro_ros_stm32cubemx_utils/microros_static_library_ide/libmicroros/libmicroros.a(libmicroxrcedds_client-xrce_types.c.obj)
                0x0800ccb4                uxr_deserialize_BaseObjectReply
 .text.uxr_serialize_ReadSpecification
                0x0800ccf0       0x84 ../micro_ros_stm32cubemx_utils/microros_static_library_ide/libmicroros/libmicroros.a(libmicroxrcedds_client-xrce_types.c.obj)
                0x0800ccf0                uxr_serialize_ReadSpecification
 .text.uxr_serialize_CREATE_CLIENT_Payload
                0x0800cd74        0x4 ../micro_ros_stm32cubemx_utils/microros_static_library_ide/libmicroros/libmicroros.a(libmicroxrcedds_client-xrce_types.c.obj)
                0x0800cd74                uxr_serialize_CREATE_CLIENT_Payload
 .text.uxr_serialize_CREATE_Payload
                0x0800cd78      0x130 ../micro_ros_stm32cubemx_utils/microros_static_library_ide/libmicroros/libmicroros.a(libmicroxrcedds_client-xrce_types.c.obj)
                0x0800cd78                uxr_serialize_CREATE_Payload
 .text.uxr_deserialize_GET_INFO_Payload
                0x0800cea8       0x28 ../micro_ros_stm32cubemx_utils/microros_static_library_ide/libmicroros/libmicroros.a(libmicroxrcedds_client-xrce_types.c.obj)
                0x0800cea8                uxr_deserialize_GET_INFO_Payload
 .text.uxr_serialize_DELETE_Payload
                0x0800ced0       0x20 ../micro_ros_stm32cubemx_utils/microros_static_library_ide/libmicroros/libmicroros.a(libmicroxrcedds_client-xrce_types.c.obj)
                0x0800ced0                uxr_serialize_DELETE_Payload
 .text.uxr_deserialize_STATUS_AGENT_Payload
                0x0800cef0       0x60 ../micro_ros_stm32cubemx_utils/microros_static_library_ide/libmicroros/libmicroros.a(libmicroxrcedds_client-xrce_types.c.obj)
                0x0800cef0                uxr_deserialize_STATUS_AGENT_Payload
 .text.uxr_deserialize_STATUS_Payload