../Core/Src/main.c:159:5:main	8	static
../Core/Src/main.c:246:6:SystemClock_Config	88	static
../Core/Src/main.c:293:13:MX_TIM1_Init	96	static
../Core/Src/main.c:383:13:MX_TIM2_Init	64	static
../Core/Src/main.c:448:13:MX_TIM3_Init	64	static
../Core/Src/main.c:522:13:MX_USART2_UART_Init	8	static
../Core/Src/main.c:553:13:MX_DMA_Init	16	static
../Core/Src/main.c:574:13:MX_GPIO_Init	48	static
../Core/Src/main.c:643:6:LedKontrol	16	static
../Core/Src/main.c:657:6:SetServoPosition	24	static
../Core/Src/main.c:671:6:KameraKontrol	16	static
../Core/Src/main.c:708:9:speedToPWM	16	static
../Core/Src/main.c:713:6:setPWM	96	static
../Core/Src/main.c:743:7:calculatePID	40	static
../Core/Src/main.c:764:9:limitSpeedToPWM	16	static
../Core/Src/main.c:781:6:controlWheel	40	static
../Core/Src/main.c:793:6:controlDirection	32	static
../Core/Src/main.c:822:6:controlRover	32	static
../Core/Src/main.c:842:6:subscription_callback_encoder	24	static
../Core/Src/main.c:856:6:subscription_callback_controller	32	static
../Core/Src/main.c:893:6:StartDefaultTask	336	static
../Core/Src/main.c:988:6:Error_Handler	4	static
